Microchip MPLAB XC8 Compiler V1.41 ()

Linker command line:

-W-3 --edf=C:\Program Files (x86)\Microchip\xc8\v1.41\dat\en_msgs.txt -cs \
  -h+dist/default/production\exercicio_PIC_LCD_AD.X.production.sym \
  --cmf=dist/default/production\exercicio_PIC_LCD_AD.X.production.cmf -z \
  -Q18F4550 -oC:\Users\Windows\AppData\Local\Temp\s8k.2 \
  -Mdist/default/production/exercicio_PIC_LCD_AD.X.production.map -E1 \
  -ver=XC8 -ASTACK=0FBh-07ffh -pstack=STACK -ACODE=00h-07FFFh \
  -ACONST=00h-07FFFh -ASMALLCONST=0800h-08FFhx120 \
  -AMEDIUMCONST=0800h-07FFFh -ACOMRAM=01h-05Fh -AABS1=00h-07FFh \
  -ABIGRAM=01h-07FFh -ARAM=060h-0FFh,0100h-01FFhx7 -ABANK0=060h-0FFh \
  -ABANK1=0100h-01FFh -ABANK2=0200h-02FFh -ABANK3=0300h-03FFh \
  -ABANK4=0400h-04FFh -ABANK5=0500h-05FFh -ABANK6=0600h-06FFh \
  -ABANK7=0700h-07FFh -ASFR=0F60h-0FFFh \
  -preset_vec=00h,intcode=08h,intcodelo,powerup,init -pramtop=0800h \
  -psmallconst=SMALLCONST -pmediumconst=MEDIUMCONST -pconst=CONST \
  -AFARRAM=00h-00h -ACONFIG=0300000h-030000Dh -pconfig=CONFIG \
  -AIDLOC=0200000h-0200007h -pidloc=IDLOC -AEEDATA=0F00000h-0F000FFh \
  -peeprom_data=EEDATA \
  -prdata=COMRAM,nvrram=COMRAM,nvbit=COMRAM,rbss=COMRAM,rbit=COMRAM \
  -pfarbss=FARRAM,fardata=FARRAM,nvFARRAM=FARRAM \
  -pintsave_regs=BIGRAM,bigbss=BIGRAM,bigdata=BIGRAM -pbss=RAM \
  -pidata=CODE,irdata=CODE,ibigdata=CODE,ifardata=CODE -prparam=COMRAM \
  C:\Users\Windows\AppData\Local\Temp\s8k.obj \
  dist/default/production\exercicio_PIC_LCD_AD.X.production.obj 

Object code version is 3.11

Machine type is 18F4550

Call graph: (short form)




                Name                               Link     Load   Length Selector   Space Scale
C:\Users\Windows\AppData\Local\Temp\s8k.obj
                init                                  E        E        4        4       0
                reset_vec                             0        0        4        0       0
                idloc                            200000   200000        8   200000       0
                config                           300000   300000        E   300000       0
dist/default/production\exercicio_PIC_LCD_AD.X.production.obj
                intcode                               8        8        6        4       0
                temp                                 50       50        1        1       1
                smallconst                          800      800       A8      400       0
                intcode_body                       2548     2548       EE      454       0
                text45                             1F0E     1F0E      140      454       0
                text44                              8A8      8A8      738      454       0
                text43                             2FC4     2FC4        C      454       0
                text42                             2FE6     2FE6        4      454       0
                text41                             2FB6     2FB6        E      454       0
                text40                             2F72     2F72       16      454       0
                text39                             271C     271C       AE      454       0
                text38                             2636     2636       E6      454       0
                text37                             2274     2274       F4      454       0
                text36                             2CA4     2CA4       52      454       0
                text35                             2F00     2F00       24      454       0
                text34                             286E     286E       9C      454       0
                text33                             299A     299A       84      454       0
                text32                             2B86     2B86       70      454       0
                text31                             2EDC     2EDC       24      454       0
                text30                             2B0E     2B0E       78      454       0
                text29                             1C1A     1C1A      1AC      454       0
                text28                             290A     290A       90      454       0
                text27                             2180     2180       F4      454       0
                text26                             2A96     2A96       78      454       0
                text25                             2368     2368       F2      454       0
                text24                             2D3C     2D3C       42      454       0
                text23                             1DC6     1DC6      148      454       0
                text22                             245A     245A       EE      454       0
                text21                             2F98     2F98       10      454       0
                text20                             2FD8     2FD8        8      454       0
                text19                             2C52     2C52       52      454       0
                text18                             2DFA     2DFA       3E      454       0
                text17                             2E38     2E38       3A      454       0
                text16                             2DBC     2DBC       3E      454       0
                text15                             2BF6     2BF6       5C      454       0
                text14                             2A1E     2A1E       78      454       0
                text13                             2FE0     2FE0        6      454       0
                text12                              FE0      FE0      722      454       0
                text11                             2FA8     2FA8        E      454       0
                text10                             2F5C     2F5C       16      454       0
                text9                              2F88     2F88       10      454       0
                text8                              2FD0     2FD0        8      454       0
                text7                              27CA     27CA       A4      454       0
                text6                              2F24     2F24       1E      454       0
                text5                              2EAA     2EAA       32      454       0
                text4                              2E72     2E72       38      454       0
                text3                              2D7E     2D7E       3E      454       0
                text2                              204E     204E      132      454       0
                text1                              1702     1702      34E      454       0
                text0                              1A50     1A50      1CA      454       0
                cstackCOMRAM                          1        1       41        1       1
                cstackBANK0                          60       60       47       60       1
                dataBANK0                            E1       E1       1A       60       1
                bssBANK0                             A7       A7       3A       60       1
                bssCOMRAM                            42       42        E        1       1
                cinit                              2CF6     2CF6       46      454       0
                idataBANK0                         2F42     2F42       1A      454       0

TOTAL           Name                               Link     Load   Length     Space
        CLASS   STACK          

        CLASS   CODE           
                intcode                               8        8        6         0
                init                                  E        E        4         0
                reset_vec                             0        0        4         0
                intcode_body                       2548     2548       EE         0
                text45                             1F0E     1F0E      140         0
                text44                              8A8      8A8      738         0
                text43                             2FC4     2FC4        C         0
                text42                             2FE6     2FE6        4         0
                text41                             2FB6     2FB6        E         0
                text40                             2F72     2F72       16         0
                text39                             271C     271C       AE         0
                text38                             2636     2636       E6         0
                text37                             2274     2274       F4         0
                text36                             2CA4     2CA4       52         0
                text35                             2F00     2F00       24         0
                text34                             286E     286E       9C         0
                text33                             299A     299A       84         0
                text32                             2B86     2B86       70         0
                text31                             2EDC     2EDC       24         0
                text30                             2B0E     2B0E       78         0
                text29                             1C1A     1C1A      1AC         0
                text28                             290A     290A       90         0
                text27                             2180     2180       F4         0
                text26                             2A96     2A96       78         0
                text25                             2368     2368       F2         0
                text24                             2D3C     2D3C       42         0
                text23                             1DC6     1DC6      148         0
                text22                             245A     245A       EE         0
                text21                             2F98     2F98       10         0
                text20                             2FD8     2FD8        8         0
                text19                             2C52     2C52       52         0
                text18                             2DFA     2DFA       3E         0
                text17                             2E38     2E38       3A         0
                text16                             2DBC     2DBC       3E         0
                text15                             2BF6     2BF6       5C         0
                text14                             2A1E     2A1E       78         0
                text13                             2FE0     2FE0        6         0
                text12                              FE0      FE0      722         0
                text11                             2FA8     2FA8        E         0
                text10                             2F5C     2F5C       16         0
                text9                              2F88     2F88       10         0
                text8                              2FD0     2FD0        8         0
                text7                              27CA     27CA       A4         0
                text6                              2F24     2F24       1E         0
                text5                              2EAA     2EAA       32         0
                text4                              2E72     2E72       38         0
                text3                              2D7E     2D7E       3E         0
                text2                              204E     204E      132         0
                text1                              1702     1702      34E         0
                text0                              1A50     1A50      1CA         0
                cinit                              2CF6     2CF6       46         0
                idataBANK0                         2F42     2F42       1A         0

        CLASS   CONST          

        CLASS   SMALLCONST     
                smallconst                          800      800       A8         0

        CLASS   MEDIUMCONST    

        CLASS   COMRAM         
                temp                                 50       50        1         1
                cstackCOMRAM                          1        1       41         1
                bssCOMRAM                            42       42        E         1

        CLASS   ABS1           

        CLASS   BIGRAM         

        CLASS   RAM            

        CLASS   BANK0          
                cstackBANK0                          60       60       47         1
                dataBANK0                            E1       E1       1A         1
                bssBANK0                             A7       A7       3A         1

        CLASS   BANK1          

        CLASS   BANK2          

        CLASS   BANK3          

        CLASS   BANK4          

        CLASS   BANK5          

        CLASS   BANK6          

        CLASS   BANK7          

        CLASS   SFR            

        CLASS   FARRAM         

        CLASS   CONFIG         
                config                           300000   300000        E         0

        CLASS   IDLOC          
                idloc                            200000   200000        8         0

        CLASS   EEDATA         



SEGMENTS        Name                           Load    Length   Top    Selector   Space  Class

                reset_vec                      000000  000004  000004         0       0  CODE    
                cstackCOMRAM                   000001  000050  000051         1       1  COMRAM  
                intcode                        000008  00000A  000012         4       0  CODE    
                cstackBANK0                    000060  00009B  0000FB        60       1  BANK0   
                smallconst                     000800  0000A8  0008A8       400       0  SMALLCON
                text44                         0008A8  002742  002FEA       454       0  CODE    
                idloc                          200000  000008  200008    200000       0  IDLOC   
                config                         300000  00000E  30000E    300000       0  CONFIG  


UNUSED ADDRESS RANGES

        Name                Unused          Largest block    Delta
        BANK0            0000FB-0000FF                5
        BANK1            000100-0001FF              100
        BANK2            000200-0002FF              100
        BANK3            000300-0003FF              100
        BANK4            000400-0004FF              100
        BANK5            000500-0005FF              100
        BANK6            000600-0006FF              100
        BANK7            000700-0007FF              100
        BIGRAM           000051-00005F                F
                         0000FB-0007FF              705
        CODE             000004-000007                4
                         000012-0007FF              7EE
                         002FEA-007FFF             5016
        COMRAM           000051-00005F                F
        CONST            000004-000007                4
                         000012-0007FF              7EE
                         002FEA-007FFF             5016
        EEDATA           F00000-F000FF              100
        MEDIUMCONST      002FEA-007FFF             5016
        RAM              0000FB-0007FF              100
        SFR              000F60-000FFF               A0
        SMALLCONST       002FEA-007FFF              100
        STACK            0000FB-0007FF              705

                                  Symbol Table

?_ReadADC                        cstackCOMRAM 00000F
?___altoft                       cstackCOMRAM 000038
?___awdiv                        cstackCOMRAM 000015
?___awmod                        cstackCOMRAM 00000F
?___ftadd                        cstackCOMRAM 000017
?___ftdiv                        cstackCOMRAM 000029
?___ftmul                        cstackCOMRAM 00001A
?___ftneg                        cstackCOMRAM 00000F
?___ftpack                       cstackCOMRAM 00000F
?___fttol                        cstackCOMRAM 000029
?___lwdiv                        cstackCOMRAM 00000F
?___lwmod                        cstackCOMRAM 000016
?___lwtoft                       cstackCOMRAM 000017
?_floor                          cstackBANK0  000060
?_sprintf                        cstackCOMRAM 00001B
Delay10KTCYx@unit                cstackCOMRAM 000010
Delay10TCYx@unit                 cstackCOMRAM 00000F
Delay1KTCYx@unit                 cstackCOMRAM 00000F
OpenXLCD@lcdtype                 cstackCOMRAM 000014
SetChanADC@channel               cstackCOMRAM 000010
SetDDRamAddr@DDaddr              cstackCOMRAM 000013
WriteCmdXLCD@cmd                 cstackCOMRAM 000010
WriteDataXLCD@data               cstackCOMRAM 000010
_ADCON0                          (abs)        000FC2
_ADCON0bits                      (abs)        000FC2
_ADCON1                          (abs)        000FC1
_ADCON2                          (abs)        000FC0
_ADCResult                       bssCOMRAM    00004B
_ADRESH                          (abs)        000FC4
_ADRESL                          (abs)        000FC3
_BUFF_COM                        bssBANK0     0000A7
_BUFF_RESP                       bssCOMRAM    000042
_BusyADC                         text43       002FC4
_BusyXLCD                        text17       002E38
_Calendario                      bssBANK0     0000CF
_ConvertADC                      text42       002FE6
_Delay10KTCYx                    text10       002F5C
_Delay10TCYx                     text21       002F98
_Delay1KTCYx                     text9        002F88
_DelayFor18TCY                   text20       002FD8
_DelayPORXLCD                    text8        002FD0
_Despertador                     bssBANK0     0000D5
_ESTADO_COMUNICACAO              bssBANK0     0000AF
_INTCONbits                      (abs)        000FF2
_LATBbits                        (abs)        000F8A
_OpenXLCD                        text7        0027CA
_PEIE                            (abs)        007F96
_PIR1bits                        (abs)        000F9E
_PORTAbits                       (abs)        000F80
_PORTB                           (abs)        000F81
_PORTCbits                       (abs)        000F82
_PORTDbits                       (abs)        000F83
_RCIE                            (abs)        007CED
_RCIF                            (abs)        007CF5
_RCIP                            (abs)        007CFD
_RCREG                           (abs)        000FAE
_RCSTA                           (abs)        000FAB
_ReadADC                         text41       002FB6
_Relogio                         bssBANK0     0000DB
_SPBRG                           (abs)        000FAF
_SetChanADC                      text40       002F72
_SetDDRamAddr                    text19       002C52
_T0CONbits                       (abs)        000FD5
_TMR0                            (abs)        000FD6
_TMR0IF                          (abs)        007F92
_TRISA                           (abs)        000F92
_TRISAbits                       (abs)        000F92
_TRISB                           (abs)        000F93
_TRISBbits                       (abs)        000F93
_TRISCbits                       (abs)        000F94
_TRISDbits                       (abs)        000F95
_TXIF                            (abs)        007CF4
_TXREG                           (abs)        000FAD
_TXSTA                           (abs)        000FAC
_WriteCmdXLCD                    text18       002DFA
_WriteDataXLCD                   text16       002DBC
__CFG_PBADEN$OFF                 (abs)        000000
__CFG_WDT$OFF                    (abs)        000000
__HRAM                           (abs)        000000
__Habs1                          abs1         000000
__Hbank0                         bank0        000000
__Hbank1                         bank1        000000
__Hbank2                         bank2        000000
__Hbank3                         bank3        000000
__Hbank4                         bank4        000000
__Hbank5                         bank5        000000
__Hbank6                         bank6        000000
__Hbank7                         bank7        000000
__Hbigbss                        bigbss       000000
__Hbigdata                       bigdata      000000
__Hbigram                        bigram       000000
__Hbss                           bss          000000
__HbssBANK0                      bssBANK0     000000
__HbssCOMRAM                     bssCOMRAM    000000
__Hcinit                         cinit        000000
__Hclrtext                       clrtext      000000
__Hcomram                        comram       000000
__Hconfig                        config       30000E
__Hconst                         const        000000
__HcstackBANK0                   cstackBANK0  000000
__HcstackCOMRAM                  cstackCOMRAM 000000
__Hdata                          data         000000
__HdataBANK0                     dataBANK0    000000
__Heeprom_data                   eeprom_data  000000
__Hfarbss                        farbss       000000
__Hfardata                       fardata      000000
__Hibigdata                      ibigdata     000000
__Hidata                         idata        000000
__HidataBANK0                    idataBANK0   000000
__Hidloc                         idloc        200008
__Hifardata                      ifardata     000000
__Hinit                          init         000012
__Hintcode                       intcode      00000E
__Hintcode_body                  intcode_body 000000
__Hintcodelo                     intcodelo    00000E
__Hintentry                      intentry     000000
__Hintret                        intret       000000
__Hintsave_regs                  intsave_regs 000000
__Hirdata                        irdata       000000
__Hmediumconst                   mediumconst  000000
__HnvFARRAM                      nvFARRAM     000000
__Hnvbit                         nvbit        000000
__Hnvrram                        nvrram       000000
__Hparam                         rparam       000000
__Hpowerup                       powerup      00000E
__Hram                           ram          000000
__Hramtop                        ramtop       000800
__Hrbit                          rbit         000000
__Hrbss                          rbss         000000
__Hrdata                         rdata        000000
__Hreset_vec                     reset_vec    000004
__Hrparam                        rparam       000000
__Hsfr                           sfr          000000
__Hsmallconst                    smallconst   0008A8
__Hspace_0                       (abs)        30000E
__Hspace_1                       (abs)        0000FB
__Hspace_2                       (abs)        000000
__Hstack                         stack        000000
__Hstruct                        struct       000000
__Htemp                          temp         000051
__Htext                          text         000000
__Htext0                         text0        000000
__Htext1                         text1        000000
__Htext10                        text10       000000
__Htext11                        text11       000000
__Htext12                        text12       000000
__Htext13                        text13       000000
__Htext14                        text14       000000
__Htext15                        text15       000000
__Htext16                        text16       000000
__Htext17                        text17       000000
__Htext18                        text18       000000
__Htext19                        text19       000000
__Htext2                         text2        000000
__Htext20                        text20       000000
__Htext21                        text21       000000
__Htext22                        text22       000000
__Htext23                        text23       000000
__Htext24                        text24       000000
__Htext25                        text25       000000
__Htext26                        text26       000000
__Htext27                        text27       000000
__Htext28                        text28       000000
__Htext29                        text29       000000
__Htext3                         text3        000000
__Htext30                        text30       000000
__Htext31                        text31       000000
__Htext32                        text32       000000
__Htext33                        text33       000000
__Htext34                        text34       000000
__Htext35                        text35       000000
__Htext36                        text36       000000
__Htext37                        text37       000000
__Htext38                        text38       000000
__Htext39                        text39       000000
__Htext4                         text4        000000
__Htext40                        text40       000000
__Htext41                        text41       000000
__Htext42                        text42       000000
__Htext43                        text43       000000
__Htext44                        text44       000000
__Htext45                        text45       000000
__Htext5                         text5        000000
__Htext6                         text6        000000
__Htext7                         text7        000000
__Htext8                         text8        000000
__Htext9                         text9        000000
__LRAM                           (abs)        000001
__Labs1                          abs1         000000
__Lbank0                         bank0        000000
__Lbank1                         bank1        000000
__Lbank2                         bank2        000000
__Lbank3                         bank3        000000
__Lbank4                         bank4        000000
__Lbank5                         bank5        000000
__Lbank6                         bank6        000000
__Lbank7                         bank7        000000
__Lbigbss                        bigbss       000000
__Lbigdata                       bigdata      000000
__Lbigram                        bigram       000000
__Lbss                           bss          000000
__LbssBANK0                      bssBANK0     000000
__LbssCOMRAM                     bssCOMRAM    000000
__Lcinit                         cinit        000000
__Lclrtext                       clrtext      000000
__Lcomram                        comram       000000
__Lconfig                        config       300000
__Lconst                         const        000000
__LcstackBANK0                   cstackBANK0  000000
__LcstackCOMRAM                  cstackCOMRAM 000000
__Ldata                          data         000000
__LdataBANK0                     dataBANK0    000000
__Leeprom_data                   eeprom_data  000000
__Lfarbss                        farbss       000000
__Lfardata                       fardata      000000
__Libigdata                      ibigdata     000000
__Lidata                         idata        000000
__LidataBANK0                    idataBANK0   000000
__Lidloc                         idloc        200000
__Lifardata                      ifardata     000000
__Linit                          init         00000E
__Lintcode                       intcode      000008
__Lintcode_body                  intcode_body 000000
__Lintcodelo                     intcodelo    00000E
__Lintentry                      intentry     000000
__Lintret                        intret       000000
__Lintsave_regs                  intsave_regs 000000
__Lirdata                        irdata       000000
__Lmediumconst                   mediumconst  000000
__LnvFARRAM                      nvFARRAM     000000
__Lnvbit                         nvbit        000000
__Lnvrram                        nvrram       000000
__Lparam                         rparam       000000
__Lpowerup                       powerup      00000E
__Lram                           ram          000000
__Lramtop                        ramtop       000800
__Lrbit                          rbit         000000
__Lrbss                          rbss         000000
__Lrdata                         rdata        000000
__Lreset_vec                     reset_vec    000000
__Lrparam                        rparam       000000
__Lsfr                           sfr          000000
__Lsmallconst                    smallconst   000800
__Lspace_0                       (abs)        000000
__Lspace_1                       (abs)        000000
__Lspace_2                       (abs)        000000
__Lstack                         stack        000000
__Lstruct                        struct       000000
__Ltemp                          temp         000050
__Ltext                          text         000000
__Ltext0                         text0        000000
__Ltext1                         text1        000000
__Ltext10                        text10       000000
__Ltext11                        text11       000000
__Ltext12                        text12       000000
__Ltext13                        text13       000000
__Ltext14                        text14       000000
__Ltext15                        text15       000000
__Ltext16                        text16       000000
__Ltext17                        text17       000000
__Ltext18                        text18       000000
__Ltext19                        text19       000000
__Ltext2                         text2        000000
__Ltext20                        text20       000000
__Ltext21                        text21       000000
__Ltext22                        text22       000000
__Ltext23                        text23       000000
__Ltext24                        text24       000000
__Ltext25                        text25       000000
__Ltext26                        text26       000000
__Ltext27                        text27       000000
__Ltext28                        text28       000000
__Ltext29                        text29       000000
__Ltext3                         text3        000000
__Ltext30                        text30       000000
__Ltext31                        text31       000000
__Ltext32                        text32       000000
__Ltext33                        text33       000000
__Ltext34                        text34       000000
__Ltext35                        text35       000000
__Ltext36                        text36       000000
__Ltext37                        text37       000000
__Ltext38                        text38       000000
__Ltext39                        text39       000000
__Ltext4                         text4        000000
__Ltext40                        text40       000000
__Ltext41                        text41       000000
__Ltext42                        text42       000000
__Ltext43                        text43       000000
__Ltext44                        text44       000000
__Ltext45                        text45       000000
__Ltext5                         text5        000000
__Ltext6                         text6        000000
__Ltext7                         text7        000000
__Ltext8                         text8        000000
__Ltext9                         text9        000000
__S0                             (abs)        30000E
__S1                             (abs)        0000FB
__S2                             (abs)        000000
___altoft                        text30       002B0E
___altoft@c                      cstackCOMRAM 000038
___altoft@exp                    cstackCOMRAM 000040
___altoft@sign                   cstackCOMRAM 000041
___awdiv                         text33       00299A
___awdiv@counter                 cstackCOMRAM 000019
___awdiv@dividend                cstackCOMRAM 000015
___awdiv@divisor                 cstackCOMRAM 000017
___awdiv@quotient                cstackCOMRAM 00001B
___awdiv@sign                    cstackCOMRAM 00001A
___awmod                         text32       002B86
___awmod@counter                 cstackCOMRAM 000013
___awmod@dividend                cstackCOMRAM 00000F
___awmod@divisor                 cstackCOMRAM 000011
___awmod@sign                    cstackCOMRAM 000014
___ftadd                         text29       001C1A
___ftadd@exp1                    cstackCOMRAM 000022
___ftadd@exp2                    cstackCOMRAM 000021
___ftadd@f1                      cstackCOMRAM 000017
___ftadd@f2                      cstackCOMRAM 00001A
___ftadd@sign                    cstackCOMRAM 000020
___ftdiv                         text38       002636
___ftdiv@cntr                    cstackCOMRAM 000032
___ftdiv@exp                     cstackCOMRAM 000036
___ftdiv@f1                      cstackCOMRAM 000029
___ftdiv@f2                      cstackCOMRAM 00002C
___ftdiv@f3                      cstackCOMRAM 000033
___ftdiv@sign                    cstackCOMRAM 000037
___ftge                          text28       00290A
___ftge@ff1                      cstackCOMRAM 00000F
___ftge@ff2                      cstackCOMRAM 000012
___ftmul                         text37       002274
___ftmul@cntr                    cstackCOMRAM 000027
___ftmul@exp                     cstackCOMRAM 000023
___ftmul@f1                      cstackCOMRAM 00001A
___ftmul@f2                      cstackCOMRAM 00001D
___ftmul@f3_as_product           cstackCOMRAM 000024
___ftmul@sign                    cstackCOMRAM 000028
___ftneg                         text31       002EDC
___ftneg@f1                      cstackCOMRAM 00000F
___ftpack                        text39       00271C
___ftpack@arg                    cstackCOMRAM 00000F
___ftpack@exp                    cstackCOMRAM 000012
___ftpack@sign                   cstackCOMRAM 000013
___fttol                         text27       002180
___fttol@exp1                    cstackCOMRAM 000037
___fttol@f1                      cstackCOMRAM 000029
___fttol@lval                    cstackCOMRAM 000033
___fttol@sign1                   cstackCOMRAM 000032
___inthi_sp                      stack        000000
___intlo_sp                      stack        000000
___lwdiv                         text36       002CA4
___lwdiv@counter                 cstackCOMRAM 000015
___lwdiv@dividend                cstackCOMRAM 00000F
___lwdiv@divisor                 cstackCOMRAM 000011
___lwdiv@quotient                cstackCOMRAM 000013
___lwmod                         text24       002D3C
___lwmod@counter                 cstackCOMRAM 00001A
___lwmod@dividend                cstackCOMRAM 000016
___lwmod@divisor                 cstackCOMRAM 000018
___lwtoft                        text35       002F00
___lwtoft@c                      cstackCOMRAM 000017
___param_bank                    (abs)        000000
___rparam_used                   (abs)        000001
___sp                            stack        000000
__accesstop                      (abs)        000060
__activetblptr                   (abs)        000002
__end_of_BusyADC                 text43       002FD0
__end_of_BusyXLCD                text17       002E72
__end_of_ConvertADC              text42       002FEA
__end_of_Delay10KTCYx            text10       002F72
__end_of_Delay10TCYx             text21       002FA8
__end_of_Delay1KTCYx             text9        002F98
__end_of_DelayFor18TCY           text20       002FE0
__end_of_DelayPORXLCD            text8        002FD8
__end_of_OpenXLCD                text7        00286E
__end_of_ReadADC                 text41       002FC4
__end_of_SetChanADC              text40       002F88
__end_of_SetDDRamAddr            text19       002CA4
__end_of_WriteCmdXLCD            text18       002E38
__end_of_WriteDataXLCD           text16       002DFA
__end_of___altoft                text30       002B86
__end_of___awdiv                 text33       002A1E
__end_of___awmod                 text32       002BF6
__end_of___ftadd                 text29       001DC6
__end_of___ftdiv                 text38       00271C
__end_of___ftge                  text28       00299A
__end_of___ftmul                 text37       002368
__end_of___ftneg                 text31       002F00
__end_of___ftpack                text39       0027CA
__end_of___fttol                 text27       002274
__end_of___lwdiv                 text36       002CF6
__end_of___lwmod                 text24       002D7E
__end_of___lwtoft                text35       002F24
__end_of__initialization         cinit        002D2E
__end_of_checa_botao             text44       000FE0
__end_of_controla_despertador    text45       00204E
__end_of_convert                 text34       00290A
__end_of_convert_float_to_char   text22       002548
__end_of_dpowers                 smallconst   00080B
__end_of_exibir_lcd              text12       001702
__end_of_floor                   text25       00245A
__end_of_frexp                   text26       002B0E
__end_of_gambiarra               text13       002FE6
__end_of_gambiarra_pro_serial    text14       002A96
__end_of_init_ADC                text11       002FB6
__end_of_init_XLCD               text6        002F42
__end_of_main                    text0        001C1A
__end_of_maquina_estado          text3        002DBC
__end_of_pic_isr                 intcode_body 002636
__end_of_pisca_cursor            text2        002180
__end_of_putrsXLCD               text15       002C52
__end_of_sprintf                 text23       001F0E
__end_of_trata_comando           text5        002EDC
__end_of_tratar_relogio          text1        001A50
__end_of_tx_data                 text4        002EAA
__initialization                 cinit        002CF6
__mediumconst                    mediumconst  000000
__pbssBANK0                      bssBANK0     0000A7
__pbssCOMRAM                     bssCOMRAM    000042
__pcinit                         cinit        002CF6
__pcstackBANK0                   cstackBANK0  000060
__pcstackCOMRAM                  cstackCOMRAM 000001
__pdataBANK0                     dataBANK0    0000E1
__pidataBANK0                    idataBANK0   002F42
__pintcode                       intcode      000008
__pintcode_body                  intcode_body 002548
__psmallconst                    smallconst   000800
__ptext0                         text0        001A50
__ptext1                         text1        001702
__ptext10                        text10       002F5C
__ptext11                        text11       002FA8
__ptext12                        text12       000FE0
__ptext13                        text13       002FE0
__ptext14                        text14       002A1E
__ptext15                        text15       002BF6
__ptext16                        text16       002DBC
__ptext17                        text17       002E38
__ptext18                        text18       002DFA
__ptext19                        text19       002C52
__ptext2                         text2        00204E
__ptext20                        text20       002FD8
__ptext21                        text21       002F98
__ptext22                        text22       00245A
__ptext23                        text23       001DC6
__ptext24                        text24       002D3C
__ptext25                        text25       002368
__ptext26                        text26       002A96
__ptext27                        text27       002180
__ptext28                        text28       00290A
__ptext29                        text29       001C1A
__ptext3                         text3        002D7E
__ptext30                        text30       002B0E
__ptext31                        text31       002EDC
__ptext32                        text32       002B86
__ptext33                        text33       00299A
__ptext34                        text34       00286E
__ptext35                        text35       002F00
__ptext36                        text36       002CA4
__ptext37                        text37       002274
__ptext38                        text38       002636
__ptext39                        text39       00271C
__ptext4                         text4        002E72
__ptext40                        text40       002F72
__ptext41                        text41       002FB6
__ptext42                        text42       002FE6
__ptext43                        text43       002FC4
__ptext44                        text44       0008A8
__ptext45                        text45       001F0E
__ptext5                         text5        002EAA
__ptext6                         text6        002F24
__ptext7                         text7        0027CA
__ptext8                         text8        002FD0
__ptext9                         text9        002F88
__ramtop                         ramtop       000800
__size_of_BusyADC                (abs)        000000
__size_of_BusyXLCD               (abs)        000000
__size_of_ConvertADC             (abs)        000000
__size_of_Delay10KTCYx           (abs)        000000
__size_of_Delay10TCYx            (abs)        000000
__size_of_Delay1KTCYx            (abs)        000000
__size_of_DelayFor18TCY          (abs)        000000
__size_of_DelayPORXLCD           (abs)        000000
__size_of_OpenXLCD               (abs)        000000
__size_of_ReadADC                (abs)        000000
__size_of_SetChanADC             (abs)        000000
__size_of_SetDDRamAddr           (abs)        000000
__size_of_WriteCmdXLCD           (abs)        000000
__size_of_WriteDataXLCD          (abs)        000000
__size_of___altoft               (abs)        000000
__size_of___awdiv                (abs)        000000
__size_of___awmod                (abs)        000000
__size_of___ftadd                (abs)        000000
__size_of___ftdiv                (abs)        000000
__size_of___ftge                 (abs)        000000
__size_of___ftmul                (abs)        000000
__size_of___ftneg                (abs)        000000
__size_of___ftpack               (abs)        000000
__size_of___fttol                (abs)        000000
__size_of___lwdiv                (abs)        000000
__size_of___lwmod                (abs)        000000
__size_of___lwtoft               (abs)        000000
__size_of_checa_botao            (abs)        000000
__size_of_controla_despertador   (abs)        000000
__size_of_convert                (abs)        000000
__size_of_convert_float_to_char  (abs)        000000
__size_of_exibir_lcd             (abs)        000000
__size_of_floor                  (abs)        000000
__size_of_frexp                  (abs)        000000
__size_of_gambiarra              (abs)        000000
__size_of_gambiarra_pro_serial   (abs)        000000
__size_of_init_ADC               (abs)        000000
__size_of_init_XLCD              (abs)        000000
__size_of_main                   (abs)        000000
__size_of_maquina_estado         (abs)        000000
__size_of_pic_isr                (abs)        000000
__size_of_pisca_cursor           (abs)        000000
__size_of_putrsXLCD              (abs)        000000
__size_of_sprintf                (abs)        000000
__size_of_trata_comando          (abs)        000000
__size_of_tratar_relogio         (abs)        000000
__size_of_tx_data                (abs)        000000
__smallconst                     smallconst   000800
_checa_botao                     text44       0008A8
_contador                        bssBANK0     0000B1
_controla_despertador            text45       001F0E
_controle_tempo_despertar        bssCOMRAM    000047
_convert                         text34       00286E
_convert_float_to_char           text22       00245A
_cursor                          bssCOMRAM    000049
_despertar                       bssCOMRAM    00004E
_dpowers                         smallconst   000801
_errno                           bssBANK0     0000AD
_exibir_lcd                      text12       000FE0
_flag_time                       bssCOMRAM    00004F
_floor                           text25       002368
_frexp                           text26       002A96
_gambiarra                       text13       002FE0
_gambiarra_pro_serial            text14       002A1E
_init_ADC                        text11       002FA8
_init_XLCD                       text6        002F24
_main                            text0        001A50
_maquina_estado                  text3        002D7E
_numero_entrada_terminal         bssCOMRAM    000045
_pic_isr                         intcode      000008
_pisca_cursor                    text2        00204E
_putrsXLCD                       text15       002BF6
_qtdDias_mes                     dataBANK0    0000E1
_serial_data                     bssCOMRAM    00004D
_sprintf                         text23       001DC6
_str                             bssBANK0     0000B5
_tela_exibida                    bssBANK0     0000B3
_temperatura_display             bssBANK0     0000C5
_trata_comando                   text5        002EAA
_tratar_relogio                  text1        001702
_tx_data                         text4        002E72
_valor_tensao                    bssBANK0     0000AA
btemp                            temp         000050
checa_botao@Calendario           cstackCOMRAM 000017
checa_botao@Despertador          cstackCOMRAM 000015
checa_botao@Relogio              cstackCOMRAM 000013
controla_despertador@Despertador cstackCOMRAM 00000F
convert@i                        cstackCOMRAM 000038
convert_float_to_char@f1         cstackBANK0  000072
convert_float_to_char@f2         cstackBANK0  00006B
convert_float_to_char@i1         cstackBANK0  00006E
convert_float_to_char@i2         cstackBANK0  000070
convert_float_to_char@valor      cstackBANK0  000068
end_of_initialization            cinit        002D2E
exibir_lcd@Calendario            cstackBANK0  000079
exibir_lcd@Despertador           cstackBANK0  000077
exibir_lcd@Relogio               cstackBANK0  000075
exibir_lcd@a                     cstackBANK0  000099
exibir_lcd@b                     cstackBANK0  00009B
exibir_lcd@c                     cstackBANK0  00009D
exibir_lcd@d                     cstackBANK0  00009F
exibir_lcd@e                     cstackBANK0  0000A1
exibir_lcd@f                     cstackBANK0  0000A3
exibir_lcd@g                     cstackBANK0  00008D
exibir_lcd@h                     cstackBANK0  00008F
exibir_lcd@i                     cstackBANK0  000091
exibir_lcd@j                     cstackBANK0  000093
exibir_lcd@k                     cstackBANK0  000095
exibir_lcd@l                     cstackBANK0  000097
exibir_lcd@str                   cstackBANK0  00007D
floor@expon                      cstackBANK0  000066
floor@i                          cstackBANK0  000063
floor@x                          cstackBANK0  000060
frexp@eptr                       cstackCOMRAM 000012
frexp@value                      cstackCOMRAM 00000F
int$flags                        temp         000050
int_func                         intcode_body 002548
intlevel0                        text         000000
intlevel1                        text         000000
intlevel2                        text         000000
intlevel3                        text         000000
putrsXLCD@buffer                 cstackCOMRAM 000011
sprintf@ap                       cstackCOMRAM 00002C
sprintf@c                        cstackCOMRAM 000032
sprintf@f                        cstackCOMRAM 00001D
sprintf@flag                     cstackCOMRAM 00002E
sprintf@prec                     cstackCOMRAM 00002F
sprintf@sp                       cstackCOMRAM 00001B
sprintf@val                      cstackCOMRAM 000030
stackhi                          (abs)        0007FF
stacklo                          (abs)        0000FB
start                            init         00000E
start_initialization             cinit        002CF6
tratar_relogio@Calendario        cstackCOMRAM 000011
tratar_relogio@Relogio           cstackCOMRAM 00000F
tx_data@cont                     cstackCOMRAM 00000F


FUNCTION INFORMATION:

 *************** function _main *****************
 Defined at:
		line 22 in file "exercicio_PIC_LCD_AD.c"
 Parameters:    Size  Location     Type
		None
 Auto vars:     Size  Location     Type
		None
 Return value:  Size  Location     Type
                  1    wreg      void 
 Registers used:
		wreg, fsr1l, fsr1h, fsr2l, fsr2h, status,2, status,0, tblptrl, tblptrh, tblptru, prodl, prodh, cstack
 Tracked objects:
		On entry : 
		On exit  : 
		Unchanged: 
 Data sizes:     COMRAM   BANK0   BANK1   BANK2   BANK3   BANK4   BANK5   BANK6   BANK7
      Params:         0       0       0       0       0       0       0       0       0
      Locals:         0       0       0       0       0       0       0       0       0
      Temps:          0       2       0       0       0       0       0       0       0
      Totals:         0       2       0       0       0       0       0       0       0
Total ram usage:        2 bytes
 Hardware stack levels required when called:    8
 This function calls:
		_WriteCmdXLCD
		_checa_botao
		_convert
		_exibir_lcd
		_init_ADC
		_init_XLCD
		_maquina_estado
		_pisca_cursor
		_tratar_relogio
 This function is called by:
		Startup code after reset
 This function uses a non-reentrant model


 *************** function _tratar_relogio *****************
 Defined at:
		line 3 in file "relogio.c"
 Parameters:    Size  Location     Type
  Relogio         2   14[COMRAM] PTR struct .
		 -> Relogio(6), 
  Calendario      2   16[COMRAM] PTR struct .
		 -> Calendario(6), 
 Auto vars:     Size  Location     Type
		None
 Return value:  Size  Location     Type
                  1    wreg      void 
 Registers used:
		wreg, fsr1l, fsr1h, fsr2l, fsr2h, status,2, status,0
 Tracked objects:
		On entry : 
		On exit  : 
		Unchanged: 
 Data sizes:     COMRAM   BANK0   BANK1   BANK2   BANK3   BANK4   BANK5   BANK6   BANK7
      Params:         4       0       0       0       0       0       0       0       0
      Locals:         0       0       0       0       0       0       0       0       0
      Temps:          7       0       0       0       0       0       0       0       0
      Totals:        11       0       0       0       0       0       0       0       0
Total ram usage:       11 bytes
 Hardware stack levels used:    1
 Hardware stack levels required when called:    1
 This function calls:
		Nothing
 This function is called by:
		_main
 This function uses a non-reentrant model


 *************** function _pisca_cursor *****************
 Defined at:
		line 170 in file "display_LCD.c"
 Parameters:    Size  Location     Type
		None
 Auto vars:     Size  Location     Type
		None
 Return value:  Size  Location     Type
                  1    wreg      void 
 Registers used:
		wreg, status,2, status,0, cstack
 Tracked objects:
		On entry : 
		On exit  : 
		Unchanged: 
 Data sizes:     COMRAM   BANK0   BANK1   BANK2   BANK3   BANK4   BANK5   BANK6   BANK7
      Params:         0       0       0       0       0       0       0       0       0
      Locals:         0       0       0       0       0       0       0       0       0
      Temps:          0       0       0       0       0       0       0       0       0
      Totals:         0       0       0       0       0       0       0       0       0
Total ram usage:        0 bytes
 Hardware stack levels used:    1
 Hardware stack levels required when called:    4
 This function calls:
		_SetDDRamAddr
 This function is called by:
		_main
 This function uses a non-reentrant model


 *************** function _maquina_estado *****************
 Defined at:
		line 87 in file "serial.h"
 Parameters:    Size  Location     Type
		None
 Auto vars:     Size  Location     Type
		None
 Return value:  Size  Location     Type
                  1    wreg      void 
 Registers used:
		wreg, fsr2l, fsr2h, status,2, status,0, cstack
 Tracked objects:
		On entry : 
		On exit  : 
		Unchanged: 
 Data sizes:     COMRAM   BANK0   BANK1   BANK2   BANK3   BANK4   BANK5   BANK6   BANK7
      Params:         0       0       0       0       0       0       0       0       0
      Locals:         0       0       0       0       0       0       0       0       0
      Temps:          2       0       0       0       0       0       0       0       0
      Totals:         2       0       0       0       0       0       0       0       0
Total ram usage:        2 bytes
 Hardware stack levels used:    1
 Hardware stack levels required when called:    2
 This function calls:
		_trata_comando
		_tx_data
 This function is called by:
		_main
 This function uses a non-reentrant model


 *************** function _tx_data *****************
 Defined at:
		line 45 in file "serial.h"
 Parameters:    Size  Location     Type
		None
 Auto vars:     Size  Location     Type
  cont            2   14[COMRAM] int 
 Return value:  Size  Location     Type
                  1    wreg      void 
 Registers used:
		wreg, fsr2l, fsr2h, status,2, status,0
 Tracked objects:
		On entry : 
		On exit  : 
		Unchanged: 
 Data sizes:     COMRAM   BANK0   BANK1   BANK2   BANK3   BANK4   BANK5   BANK6   BANK7
      Params:         0       0       0       0       0       0       0       0       0
      Locals:         2       0       0       0       0       0       0       0       0
      Temps:          0       0       0       0       0       0       0       0       0
      Totals:         2       0       0       0       0       0       0       0       0
Total ram usage:        2 bytes
 Hardware stack levels used:    1
 Hardware stack levels required when called:    1
 This function calls:
		Nothing
 This function is called by:
		_maquina_estado
 This function uses a non-reentrant model


 *************** function _trata_comando *****************
 Defined at:
		line 73 in file "serial.h"
 Parameters:    Size  Location     Type
		None
 Auto vars:     Size  Location     Type
		None
 Return value:  Size  Location     Type
                  1    wreg      void 
 Registers used:
		wreg, status,2
 Tracked objects:
		On entry : 
		On exit  : 
		Unchanged: 
 Data sizes:     COMRAM   BANK0   BANK1   BANK2   BANK3   BANK4   BANK5   BANK6   BANK7
      Params:         0       0       0       0       0       0       0       0       0
      Locals:         0       0       0       0       0       0       0       0       0
      Temps:          2       0       0       0       0       0       0       0       0
      Totals:         2       0       0       0       0       0       0       0       0
Total ram usage:        2 bytes
 Hardware stack levels used:    1
 Hardware stack levels required when called:    1
 This function calls:
		Nothing
 This function is called by:
		_maquina_estado
 This function uses a non-reentrant model


 *************** function _init_XLCD *****************
 Defined at:
		line 18 in file "display_LCD.c"
 Parameters:    Size  Location     Type
		None
 Auto vars:     Size  Location     Type
		None
 Return value:  Size  Location     Type
                  1    wreg      void 
 Registers used:
		wreg, status,2, status,0, cstack
 Tracked objects:
		On entry : 
		On exit  : 
		Unchanged: 
 Data sizes:     COMRAM   BANK0   BANK1   BANK2   BANK3   BANK4   BANK5   BANK6   BANK7
      Params:         0       0       0       0       0       0       0       0       0
      Locals:         0       0       0       0       0       0       0       0       0
      Temps:          0       0       0       0       0       0       0       0       0
      Totals:         0       0       0       0       0       0       0       0       0
Total ram usage:        0 bytes
 Hardware stack levels used:    1
 Hardware stack levels required when called:    5
 This function calls:
		_BusyXLCD
		_OpenXLCD
		_WriteCmdXLCD
 This function is called by:
		_main
 This function uses a non-reentrant model


 *************** function _OpenXLCD *****************
 Defined at:
		line 19 in file "C:\Program Files (x86)\Microchip\xc8\v1.41\sources\pic18\plib\XLCD\openxlcd.c"
 Parameters:    Size  Location     Type
  lcdtype         1    wreg     unsigned char 
 Auto vars:     Size  Location     Type
  lcdtype         1   19[COMRAM] unsigned char 
 Return value:  Size  Location     Type
                  1    wreg      void 
 Registers used:
		wreg, status,2, status,0, cstack
 Tracked objects:
		On entry : 
		On exit  : 
		Unchanged: 
 Data sizes:     COMRAM   BANK0   BANK1   BANK2   BANK3   BANK4   BANK5   BANK6   BANK7
      Params:         0       0       0       0       0       0       0       0       0
      Locals:         1       0       0       0       0       0       0       0       0
      Temps:          0       0       0       0       0       0       0       0       0
      Totals:         1       0       0       0       0       0       0       0       0
Total ram usage:        1 bytes
 Hardware stack levels used:    1
 Hardware stack levels required when called:    4
 This function calls:
		_BusyXLCD
		_Delay10KTCYx
		_DelayPORXLCD
		_SetDDRamAddr
		_WriteCmdXLCD
 This function is called by:
		_init_XLCD
 This function uses a non-reentrant model


 *************** function _DelayPORXLCD *****************
 Defined at:
		line 7 in file "display_LCD.c"
 Parameters:    Size  Location     Type
		None
 Auto vars:     Size  Location     Type
		None
 Return value:  Size  Location     Type
                  1    wreg      void 
 Registers used:
		wreg, cstack
 Tracked objects:
		On entry : 
		On exit  : 
		Unchanged: 
 Data sizes:     COMRAM   BANK0   BANK1   BANK2   BANK3   BANK4   BANK5   BANK6   BANK7
      Params:         0       0       0       0       0       0       0       0       0
      Locals:         0       0       0       0       0       0       0       0       0
      Temps:          0       0       0       0       0       0       0       0       0
      Totals:         0       0       0       0       0       0       0       0       0
Total ram usage:        0 bytes
 Hardware stack levels used:    1
 Hardware stack levels required when called:    2
 This function calls:
		_Delay1KTCYx
 This function is called by:
		_OpenXLCD
 This function uses a non-reentrant model


 *************** function _Delay1KTCYx *****************
 Defined at:
		line 8 in file "C:\Program Files (x86)\Microchip\xc8\v1.41\sources\pic18\d1ktcyx.c"
 Parameters:    Size  Location     Type
  unit            1    wreg     unsigned char 
 Auto vars:     Size  Location     Type
  unit            1   14[COMRAM] unsigned char 
 Return value:  Size  Location     Type
                  1    wreg      void 
 Registers used:
		wreg
 Tracked objects:
		On entry : 
		On exit  : 
		Unchanged: 
 Data sizes:     COMRAM   BANK0   BANK1   BANK2   BANK3   BANK4   BANK5   BANK6   BANK7
      Params:         0       0       0       0       0       0       0       0       0
      Locals:         1       0       0       0       0       0       0       0       0
      Temps:          0       0       0       0       0       0       0       0       0
      Totals:         1       0       0       0       0       0       0       0       0
Total ram usage:        1 bytes
 Hardware stack levels used:    1
 Hardware stack levels required when called:    1
 This function calls:
		Nothing
 This function is called by:
		_DelayPORXLCD
		_DelayXLCD
 This function uses a non-reentrant model


 *************** function _Delay10KTCYx *****************
 Defined at:
		line 8 in file "C:\Program Files (x86)\Microchip\xc8\v1.41\sources\pic18\d10ktcyx.c"
 Parameters:    Size  Location     Type
  unit            1    wreg     unsigned char 
 Auto vars:     Size  Location     Type
  unit            1   15[COMRAM] unsigned char 
 Return value:  Size  Location     Type
                  1    wreg      void 
 Registers used:
		wreg
 Tracked objects:
		On entry : 
		On exit  : 
		Unchanged: 
 Data sizes:     COMRAM   BANK0   BANK1   BANK2   BANK3   BANK4   BANK5   BANK6   BANK7
      Params:         0       0       0       0       0       0       0       0       0
      Locals:         1       0       0       0       0       0       0       0       0
      Temps:          1       0       0       0       0       0       0       0       0
      Totals:         2       0       0       0       0       0       0       0       0
Total ram usage:        2 bytes
 Hardware stack levels used:    1
 Hardware stack levels required when called:    1
 This function calls:
		Nothing
 This function is called by:
		_OpenXLCD
 This function uses a non-reentrant model


 *************** function _init_ADC *****************
 Defined at:
		line 3 in file "ad.c"
 Parameters:    Size  Location     Type
		None
 Auto vars:     Size  Location     Type
		None
 Return value:  Size  Location     Type
                  1    wreg      void 
 Registers used:
		wreg, status,2
 Tracked objects:
		On entry : 
		On exit  : 
		Unchanged: 
 Data sizes:     COMRAM   BANK0   BANK1   BANK2   BANK3   BANK4   BANK5   BANK6   BANK7
      Params:         0       0       0       0       0       0       0       0       0
      Locals:         0       0       0       0       0       0       0       0       0
      Temps:          0       0       0       0       0       0       0       0       0
      Totals:         0       0       0       0       0       0       0       0       0
Total ram usage:        0 bytes
 Hardware stack levels used:    1
 Hardware stack levels required when called:    1
 This function calls:
		Nothing
 This function is called by:
		_main
 This function uses a non-reentrant model


 *************** function _exibir_lcd *****************
 Defined at:
		line 25 in file "display_LCD.c"
 Parameters:    Size  Location     Type
  Relogio         2   21[BANK0 ] PTR struct .
		 -> Relogio(6), 
  Despertador     2   23[BANK0 ] PTR struct .
		 -> Despertador(6), 
  Calendario      2   25[BANK0 ] PTR struct .
		 -> Calendario(6), 
 Auto vars:     Size  Location     Type
  str            16   29[BANK0 ] unsigned char [16]
  f               2   67[BANK0 ] int 
  e               2   65[BANK0 ] int 
  d               2   63[BANK0 ] int 
  c               2   61[BANK0 ] int 
  b               2   59[BANK0 ] int 
  a               2   57[BANK0 ] int 
  l               2   55[BANK0 ] int 
  k               2   53[BANK0 ] int 
  j               2   51[BANK0 ] int 
  i               2   49[BANK0 ] int 
  h               2   47[BANK0 ] int 
  g               2   45[BANK0 ] int 
 Return value:  Size  Location     Type
                  1    wreg      void 
 Registers used:
		wreg, fsr1l, fsr1h, fsr2l, fsr2h, status,2, status,0, tblptrl, tblptrh, tblptru, prodl, prodh, cstack
 Tracked objects:
		On entry : 
		On exit  : 
		Unchanged: 
 Data sizes:     COMRAM   BANK0   BANK1   BANK2   BANK3   BANK4   BANK5   BANK6   BANK7
      Params:         0       6       0       0       0       0       0       0       0
      Locals:         0      40       0       0       0       0       0       0       0
      Temps:          0       2       0       0       0       0       0       0       0
      Totals:         0      48       0       0       0       0       0       0       0
Total ram usage:       48 bytes
 Hardware stack levels used:    1
 Hardware stack levels required when called:    7
 This function calls:
		_SetDDRamAddr
		___awdiv
		___awmod
		_convert_float_to_char
		_gambiarra
		_putrsXLCD
		_sprintf
 This function is called by:
		_main
 This function uses a non-reentrant model


 *************** function _gambiarra *****************
 Defined at:
		line 163 in file "exercicio_PIC_LCD_AD.c"
 Parameters:    Size  Location     Type
		None
 Auto vars:     Size  Location     Type
		None
 Return value:  Size  Location     Type
                  2   58[None  ] int 
 Registers used:
		wreg, fsr1l, fsr1h, fsr2l, fsr2h, status,2, status,0, tblptrl, tblptrh, tblptru, prodl, prodh, cstack
 Tracked objects:
		On entry : 
		On exit  : 
		Unchanged: 
 Data sizes:     COMRAM   BANK0   BANK1   BANK2   BANK3   BANK4   BANK5   BANK6   BANK7
      Params:         0       0       0       0       0       0       0       0       0
      Locals:         0       0       0       0       0       0       0       0       0
      Temps:          0       0       0       0       0       0       0       0       0
      Totals:         0       0       0       0       0       0       0       0       0
Total ram usage:        0 bytes
 Hardware stack levels used:    1
 Hardware stack levels required when called:    6
 This function calls:
		_gambiarra_pro_serial
 This function is called by:
		_exibir_lcd
 This function uses a non-reentrant model


 *************** function _gambiarra_pro_serial *****************
 Defined at:
		line 61 in file "serial.h"
 Parameters:    Size  Location     Type
		None
 Auto vars:     Size  Location     Type
		None
 Return value:  Size  Location     Type
                  1    wreg      void 
 Registers used:
		wreg, fsr1l, fsr1h, fsr2l, fsr2h, status,2, status,0, tblptrl, tblptrh, tblptru, prodl, prodh, cstack
 Tracked objects:
		On entry : 
		On exit  : 
		Unchanged: 
 Data sizes:     COMRAM   BANK0   BANK1   BANK2   BANK3   BANK4   BANK5   BANK6   BANK7
      Params:         0       0       0       0       0       0       0       0       0
      Locals:         0       0       0       0       0       0       0       0       0
      Temps:          0       0       0       0       0       0       0       0       0
      Totals:         0       0       0       0       0       0       0       0       0
Total ram usage:        0 bytes
 Hardware stack levels used:    1
 Hardware stack levels required when called:    5
 This function calls:
		_SetDDRamAddr
		_WriteCmdXLCD
		_putrsXLCD
		_sprintf
 This function is called by:
		_gambiarra
 This function uses a non-reentrant model


 *************** function _putrsXLCD *****************
 Defined at:
		line 16 in file "C:\Program Files (x86)\Microchip\xc8\v1.41\sources\pic18\plib\XLCD\putrxlcd.c"
 Parameters:    Size  Location     Type
  buffer          2   16[COMRAM] PTR const unsigned char 
		 -> str(16), STR_6(17), STR_5(17), exibir_lcd@str(16), 
		 -> temperatura_display(10), 
 Auto vars:     Size  Location     Type
		None
 Return value:  Size  Location     Type
                  1    wreg      void 
 Registers used:
		wreg, fsr1l, fsr1h, status,2, status,0, tblptrl, tblptrh, tblptru, cstack
 Tracked objects:
		On entry : 
		On exit  : 
		Unchanged: 
 Data sizes:     COMRAM   BANK0   BANK1   BANK2   BANK3   BANK4   BANK5   BANK6   BANK7
      Params:         2       0       0       0       0       0       0       0       0
      Locals:         0       0       0       0       0       0       0       0       0
      Temps:          0       0       0       0       0       0       0       0       0
      Totals:         2       0       0       0       0       0       0       0       0
Total ram usage:        2 bytes
 Hardware stack levels used:    1
 Hardware stack levels required when called:    4
 This function calls:
		_BusyXLCD
		_WriteDataXLCD
 This function is called by:
		_exibir_lcd
		_gambiarra_pro_serial
 This function uses a non-reentrant model


 *************** function _WriteDataXLCD *****************
 Defined at:
		line 16 in file "C:\Program Files (x86)\Microchip\xc8\v1.41\sources\pic18\plib\XLCD\writdata.c"
 Parameters:    Size  Location     Type
  data            1    wreg     unsigned char 
 Auto vars:     Size  Location     Type
  data            1   15[COMRAM] unsigned char 
 Return value:  Size  Location     Type
                  1    wreg      void 
 Registers used:
		wreg, status,2, status,0, cstack
 Tracked objects:
		On entry : 
		On exit  : 
		Unchanged: 
 Data sizes:     COMRAM   BANK0   BANK1   BANK2   BANK3   BANK4   BANK5   BANK6   BANK7
      Params:         0       0       0       0       0       0       0       0       0
      Locals:         1       0       0       0       0       0       0       0       0
      Temps:          0       0       0       0       0       0       0       0       0
      Totals:         1       0       0       0       0       0       0       0       0
Total ram usage:        1 bytes
 Hardware stack levels used:    1
 Hardware stack levels required when called:    3
 This function calls:
		_DelayFor18TCY
 This function is called by:
		_putrsXLCD
 This function uses a non-reentrant model


 *************** function _BusyXLCD *****************
 Defined at:
		line 11 in file "C:\Program Files (x86)\Microchip\xc8\v1.41\sources\pic18\plib\XLCD\busyxlcd.c"
 Parameters:    Size  Location     Type
		None
 Auto vars:     Size  Location     Type
		None
 Return value:  Size  Location     Type
                  1    wreg      unsigned char 
 Registers used:
		wreg, cstack
 Tracked objects:
		On entry : 
		On exit  : 
		Unchanged: 
 Data sizes:     COMRAM   BANK0   BANK1   BANK2   BANK3   BANK4   BANK5   BANK6   BANK7
      Params:         0       0       0       0       0       0       0       0       0
      Locals:         0       0       0       0       0       0       0       0       0
      Temps:          0       0       0       0       0       0       0       0       0
      Totals:         0       0       0       0       0       0       0       0       0
Total ram usage:        0 bytes
 Hardware stack levels used:    1
 Hardware stack levels required when called:    3
 This function calls:
		_DelayFor18TCY
 This function is called by:
		_init_XLCD
		_OpenXLCD
		_putrsXLCD
 This function uses a non-reentrant model


 *************** function _WriteCmdXLCD *****************
 Defined at:
		line 13 in file "C:\Program Files (x86)\Microchip\xc8\v1.41\sources\pic18\plib\XLCD\wcmdxlcd.c"
 Parameters:    Size  Location     Type
  cmd             1    wreg     unsigned char 
 Auto vars:     Size  Location     Type
  cmd             1   15[COMRAM] unsigned char 
 Return value:  Size  Location     Type
                  1    wreg      void 
 Registers used:
		wreg, status,2, status,0, cstack
 Tracked objects:
		On entry : 
		On exit  : 
		Unchanged: 
 Data sizes:     COMRAM   BANK0   BANK1   BANK2   BANK3   BANK4   BANK5   BANK6   BANK7
      Params:         0       0       0       0       0       0       0       0       0
      Locals:         1       0       0       0       0       0       0       0       0
      Temps:          0       0       0       0       0       0       0       0       0
      Totals:         1       0       0       0       0       0       0       0       0
Total ram usage:        1 bytes
 Hardware stack levels used:    1
 Hardware stack levels required when called:    3
 This function calls:
		_DelayFor18TCY
 This function is called by:
		_init_XLCD
		_gambiarra_pro_serial
		_main
		_OpenXLCD
 This function uses a non-reentrant model


 *************** function _SetDDRamAddr *****************
 Defined at:
		line 13 in file "C:\Program Files (x86)\Microchip\xc8\v1.41\sources\pic18\plib\XLCD\setddram.c"
 Parameters:    Size  Location     Type
  DDaddr          1    wreg     unsigned char 
 Auto vars:     Size  Location     Type
  DDaddr          1   18[COMRAM] unsigned char 
 Return value:  Size  Location     Type
                  1    wreg      void 
 Registers used:
		wreg, status,2, status,0, cstack
 Tracked objects:
		On entry : 
		On exit  : 
		Unchanged: 
 Data sizes:     COMRAM   BANK0   BANK1   BANK2   BANK3   BANK4   BANK5   BANK6   BANK7
      Params:         0       0       0       0       0       0       0       0       0
      Locals:         1       0       0       0       0       0       0       0       0
      Temps:          3       0       0       0       0       0       0       0       0
      Totals:         4       0       0       0       0       0       0       0       0
Total ram usage:        4 bytes
 Hardware stack levels used:    1
 Hardware stack levels required when called:    3
 This function calls:
		_DelayFor18TCY
 This function is called by:
		_exibir_lcd
		_pisca_cursor
		_gambiarra_pro_serial
		_OpenXLCD
 This function uses a non-reentrant model


 *************** function _DelayFor18TCY *****************
 Defined at:
		line 3 in file "display_LCD.c"
 Parameters:    Size  Location     Type
		None
 Auto vars:     Size  Location     Type
		None
 Return value:  Size  Location     Type
                  1    wreg      void 
 Registers used:
		wreg, cstack
 Tracked objects:
		On entry : 
		On exit  : 
		Unchanged: 
 Data sizes:     COMRAM   BANK0   BANK1   BANK2   BANK3   BANK4   BANK5   BANK6   BANK7
      Params:         0       0       0       0       0       0       0       0       0
      Locals:         0       0       0       0       0       0       0       0       0
      Temps:          0       0       0       0       0       0       0       0       0
      Totals:         0       0       0       0       0       0       0       0       0
Total ram usage:        0 bytes
 Hardware stack levels used:    1
 Hardware stack levels required when called:    2
 This function calls:
		_Delay10TCYx
 This function is called by:
		_BusyXLCD
		_SetDDRamAddr
		_WriteCmdXLCD
		_WriteDataXLCD
 This function uses a non-reentrant model


 *************** function _Delay10TCYx *****************
 Defined at:
		line 8 in file "C:\Program Files (x86)\Microchip\xc8\v1.41\sources\pic18\d10tcyx.c"
 Parameters:    Size  Location     Type
  unit            1    wreg     unsigned char 
 Auto vars:     Size  Location     Type
  unit            1   14[COMRAM] unsigned char 
 Return value:  Size  Location     Type
                  1    wreg      void 
 Registers used:
		wreg
 Tracked objects:
		On entry : 
		On exit  : 
		Unchanged: 
 Data sizes:     COMRAM   BANK0   BANK1   BANK2   BANK3   BANK4   BANK5   BANK6   BANK7
      Params:         0       0       0       0       0       0       0       0       0
      Locals:         1       0       0       0       0       0       0       0       0
      Temps:          0       0       0       0       0       0       0       0       0
      Totals:         1       0       0       0       0       0       0       0       0
Total ram usage:        1 bytes
 Hardware stack levels used:    1
 Hardware stack levels required when called:    1
 This function calls:
		Nothing
 This function is called by:
		_DelayFor18TCY
 This function uses a non-reentrant model


 *************** function _convert_float_to_char *****************
 Defined at:
		line 22 in file "ad.c"
 Parameters:    Size  Location     Type
  valor           3    8[BANK0 ] float 
 Auto vars:     Size  Location     Type
  f1              3   18[BANK0 ] float 
  f2              3   11[BANK0 ] float 
  i2              2   16[BANK0 ] int 
  i1              2   14[BANK0 ] int 
 Return value:  Size  Location     Type
                  1    wreg      void 
 Registers used:
		wreg, fsr2l, fsr2h, status,2, status,0, tblptrl, tblptrh, tblptru, prodl, prodh, cstack
 Tracked objects:
		On entry : 
		On exit  : 
		Unchanged: 
 Data sizes:     COMRAM   BANK0   BANK1   BANK2   BANK3   BANK4   BANK5   BANK6   BANK7
      Params:         0       3       0       0       0       0       0       0       0
      Locals:         0      10       0       0       0       0       0       0       0
      Temps:          0       0       0       0       0       0       0       0       0
      Totals:         0      13       0       0       0       0       0       0       0
Total ram usage:       13 bytes
 Hardware stack levels used:    1
 Hardware stack levels required when called:    4
 This function calls:
		___ftadd
		___ftmul
		___ftneg
		___fttol
		_floor
		_sprintf
 This function is called by:
		_exibir_lcd
 This function uses a non-reentrant model


 *************** function _sprintf *****************
 Defined at:
		line 492 in file "C:\Program Files (x86)\Microchip\xc8\v1.41\sources\common\doprnt.c"
 Parameters:    Size  Location     Type
  sp              2   26[COMRAM] PTR unsigned char 
		 -> str(16), exibir_lcd@str(16), temperatura_display(10), 
  f               2   28[COMRAM] PTR const unsigned char 
		 -> STR_8(20), STR_7(17), STR_4(23), STR_3(22), 
		 -> STR_2(22), STR_1(17), 
 Auto vars:     Size  Location     Type
  tmpval          4    0        struct .
  cp              3    0        PTR const unsigned char 
  val             2   47[COMRAM] unsigned int 
  ap              2   43[COMRAM] PTR void [1]
		 -> ?_sprintf(2), 
  len             2    0        unsigned int 
  c               1   49[COMRAM] char 
  prec            1   46[COMRAM] char 
  flag            1   45[COMRAM] unsigned char 
 Return value:  Size  Location     Type
                  2   26[COMRAM] int 
 Registers used:
		wreg, fsr2l, fsr2h, status,2, status,0, tblptrl, tblptrh, tblptru, prodl, prodh, cstack
 Tracked objects:
		On entry : 
		On exit  : 
		Unchanged: 
 Data sizes:     COMRAM   BANK0   BANK1   BANK2   BANK3   BANK4   BANK5   BANK6   BANK7
      Params:        16       0       0       0       0       0       0       0       0
      Locals:         7       0       0       0       0       0       0       0       0
      Temps:          1       0       0       0       0       0       0       0       0
      Totals:        24       0       0       0       0       0       0       0       0
Total ram usage:       24 bytes
 Hardware stack levels used:    1
 Hardware stack levels required when called:    2
 This function calls:
		___lwdiv
		___lwmod
 This function is called by:
		_convert_float_to_char
		_exibir_lcd
		_gambiarra_pro_serial
 This function uses a non-reentrant model


 *************** function ___lwmod *****************
 Defined at:
		line 8 in file "C:\Program Files (x86)\Microchip\xc8\v1.41\sources\common\lwmod.c"
 Parameters:    Size  Location     Type
  dividend        2   21[COMRAM] unsigned int 
  divisor         2   23[COMRAM] unsigned int 
 Auto vars:     Size  Location     Type
  counter         1   25[COMRAM] unsigned char 
 Return value:  Size  Location     Type
                  2   21[COMRAM] unsigned int 
 Registers used:
		wreg, status,2, status,0
 Tracked objects:
		On entry : 
		On exit  : 
		Unchanged: 
 Data sizes:     COMRAM   BANK0   BANK1   BANK2   BANK3   BANK4   BANK5   BANK6   BANK7
      Params:         4       0       0       0       0       0       0       0       0
      Locals:         1       0       0       0       0       0       0       0       0
[...]
		_convert
		_sprintf
 This function uses a non-reentrant model


 *************** function ___ftmul *****************
 Defined at:
		line 62 in file "C:\Program Files (x86)\Microchip\xc8\v1.41\sources\common\ftmul.c"
 Parameters:    Size  Location     Type
  f1              3   25[COMRAM] float 
  f2              3   28[COMRAM] float 
 Auto vars:     Size  Location     Type
  f3_as_produc    3   35[COMRAM] unsigned um
  sign            1   39[COMRAM] unsigned char 
  cntr            1   38[COMRAM] unsigned char 
  exp             1   34[COMRAM] unsigned char 
 Return value:  Size  Location     Type
                  3   25[COMRAM] float 
 Registers used:
		wreg, status,2, status,0, cstack
 Tracked objects:
		On entry : 
		On exit  : 
		Unchanged: 
 Data sizes:     COMRAM   BANK0   BANK1   BANK2   BANK3   BANK4   BANK5   BANK6   BANK7
      Params:         6       0       0       0       0       0       0       0       0
      Locals:         6       0       0       0       0       0       0       0       0
      Temps:          3       0       0       0       0       0       0       0       0
      Totals:        15       0       0       0       0       0       0       0       0
Total ram usage:       15 bytes
 Hardware stack levels used:    1
 Hardware stack levels required when called:    2
 This function calls:
		___ftpack
 This function is called by:
		_convert
		_convert_float_to_char
 This function uses a non-reentrant model


 *************** function ___ftdiv *****************
 Defined at:
		line 54 in file "C:\Program Files (x86)\Microchip\xc8\v1.41\sources\common\ftdiv.c"
 Parameters:    Size  Location     Type
  f1              3   40[COMRAM] float 
  f2              3   43[COMRAM] float 
 Auto vars:     Size  Location     Type
  f3              3   50[COMRAM] float 
  sign            1   54[COMRAM] unsigned char 
  exp             1   53[COMRAM] unsigned char 
  cntr            1   49[COMRAM] unsigned char 
 Return value:  Size  Location     Type
                  3   40[COMRAM] float 
 Registers used:
		wreg, status,2, status,0, cstack
 Tracked objects:
		On entry : 
		On exit  : 
		Unchanged: 
 Data sizes:     COMRAM   BANK0   BANK1   BANK2   BANK3   BANK4   BANK5   BANK6   BANK7
      Params:         6       0       0       0       0       0       0       0       0
      Locals:         6       0       0       0       0       0       0       0       0
      Temps:          3       0       0       0       0       0       0       0       0
      Totals:        15       0       0       0       0       0       0       0       0
Total ram usage:       15 bytes
 Hardware stack levels used:    1
 Hardware stack levels required when called:    2
 This function calls:
		___ftpack
 This function is called by:
		_convert
 This function uses a non-reentrant model


 *************** function ___ftpack *****************
 Defined at:
		line 62 in file "C:\Program Files (x86)\Microchip\xc8\v1.41\sources\common\float.c"
 Parameters:    Size  Location     Type
  arg             3   14[COMRAM] unsigned um
  exp             1   17[COMRAM] unsigned char 
  sign            1   18[COMRAM] unsigned char 
 Auto vars:     Size  Location     Type
		None
 Return value:  Size  Location     Type
                  3   14[COMRAM] float 
 Registers used:
		wreg, status,2, status,0
 Tracked objects:
		On entry : 
		On exit  : 
		Unchanged: 
 Data sizes:     COMRAM   BANK0   BANK1   BANK2   BANK3   BANK4   BANK5   BANK6   BANK7
      Params:         5       0       0       0       0       0       0       0       0
      Locals:         0       0       0       0       0       0       0       0       0
      Temps:          3       0       0       0       0       0       0       0       0
      Totals:         8       0       0       0       0       0       0       0       0
Total ram usage:        8 bytes
 Hardware stack levels used:    1
 Hardware stack levels required when called:    1
 This function calls:
		Nothing
 This function is called by:
		___altoft
		___ftadd
		___ftdiv
		___ftmul
		___lwtoft
 This function uses a non-reentrant model


 *************** function _SetChanADC *****************
 Defined at:
		line 30 in file "C:\Program Files (x86)\Microchip\xc8\v1.41\sources\pic18\plib\ADC\adcsetch.c"
 Parameters:    Size  Location     Type
  channel         1    wreg     unsigned char 
 Auto vars:     Size  Location     Type
  channel         1   15[COMRAM] unsigned char 
 Return value:  Size  Location     Type
                  1    wreg      void 
 Registers used:
		wreg, status,2, status,0
 Tracked objects:
		On entry : 
		On exit  : 
		Unchanged: 
 Data sizes:     COMRAM   BANK0   BANK1   BANK2   BANK3   BANK4   BANK5   BANK6   BANK7
      Params:         0       0       0       0       0       0       0       0       0
      Locals:         1       0       0       0       0       0       0       0       0
      Temps:          1       0       0       0       0       0       0       0       0
      Totals:         2       0       0       0       0       0       0       0       0
Total ram usage:        2 bytes
 Hardware stack levels used:    1
 Hardware stack levels required when called:    1
 This function calls:
		Nothing
 This function is called by:
		_convert
 This function uses a non-reentrant model


 *************** function _ReadADC *****************
 Defined at:
		line 24 in file "C:\Program Files (x86)\Microchip\xc8\v1.41\sources\pic18\plib\ADC\adcread.c"
 Parameters:    Size  Location     Type
		None
 Auto vars:     Size  Location     Type
		None
 Return value:  Size  Location     Type
                  2   14[COMRAM] int 
 Registers used:
		wreg, status,2
 Tracked objects:
		On entry : 
		On exit  : 
		Unchanged: 
 Data sizes:     COMRAM   BANK0   BANK1   BANK2   BANK3   BANK4   BANK5   BANK6   BANK7
      Params:         2       0       0       0       0       0       0       0       0
      Locals:         0       0       0       0       0       0       0       0       0
      Temps:          2       0       0       0       0       0       0       0       0
      Totals:         4       0       0       0       0       0       0       0       0
Total ram usage:        4 bytes
 Hardware stack levels used:    1
 Hardware stack levels required when called:    1
 This function calls:
		Nothing
 This function is called by:
		_convert
 This function uses a non-reentrant model


 *************** function _ConvertADC *****************
 Defined at:
		line 22 in file "C:\Program Files (x86)\Microchip\xc8\v1.41\sources\pic18\plib\ADC\adcconv.c"
 Parameters:    Size  Location     Type
		None
 Auto vars:     Size  Location     Type
		None
 Return value:  Size  Location     Type
                  1    wreg      void 
 Registers used:
		None
 Tracked objects:
		On entry : 
		On exit  : 
		Unchanged: 
 Data sizes:     COMRAM   BANK0   BANK1   BANK2   BANK3   BANK4   BANK5   BANK6   BANK7
      Params:         0       0       0       0       0       0       0       0       0
      Locals:         0       0       0       0       0       0       0       0       0
      Temps:          0       0       0       0       0       0       0       0       0
      Totals:         0       0       0       0       0       0       0       0       0
Total ram usage:        0 bytes
 Hardware stack levels used:    1
 Hardware stack levels required when called:    1
 This function calls:
		Nothing
 This function is called by:
		_convert
 This function uses a non-reentrant model


 *************** function _BusyADC *****************
 Defined at:
		line 26 in file "C:\Program Files (x86)\Microchip\xc8\v1.41\sources\pic18\plib\ADC\adcbusy.c"
 Parameters:    Size  Location     Type
		None
 Auto vars:     Size  Location     Type
		None
 Return value:  Size  Location     Type
                  1    wreg      unsigned char 
 Registers used:
		wreg
 Tracked objects:
		On entry : 
		On exit  : 
		Unchanged: 
 Data sizes:     COMRAM   BANK0   BANK1   BANK2   BANK3   BANK4   BANK5   BANK6   BANK7
      Params:         0       0       0       0       0       0       0       0       0
      Locals:         0       0       0       0       0       0       0       0       0
      Temps:          0       0       0       0       0       0       0       0       0
      Totals:         0       0       0       0       0       0       0       0       0
Total ram usage:        0 bytes
 Hardware stack levels used:    1
 Hardware stack levels required when called:    1
 This function calls:
		Nothing
 This function is called by:
		_convert
 This function uses a non-reentrant model


 *************** function _checa_botao *****************
 Defined at:
		line 86 in file "display_LCD.c"
 Parameters:    Size  Location     Type
  Relogio         2   18[COMRAM] PTR struct .
		 -> Relogio(6), 
  Despertador     2   20[COMRAM] PTR struct .
		 -> Despertador(6), 
  Calendario      2   22[COMRAM] PTR struct .
		 -> Calendario(6), 
 Auto vars:     Size  Location     Type
		None
 Return value:  Size  Location     Type
                  1    wreg      void 
 Registers used:
		wreg, fsr2l, fsr2h, status,2, status,0, cstack
 Tracked objects:
		On entry : 
		On exit  : 
		Unchanged: 
 Data sizes:     COMRAM   BANK0   BANK1   BANK2   BANK3   BANK4   BANK5   BANK6   BANK7
      Params:         6       0       0       0       0       0       0       0       0
      Locals:         0       0       0       0       0       0       0       0       0
      Temps:          4       0       0       0       0       0       0       0       0
      Totals:        10       0       0       0       0       0       0       0       0
Total ram usage:       10 bytes
 Hardware stack levels used:    1
 Hardware stack levels required when called:    2
 This function calls:
		_controla_despertador
 This function is called by:
		_main
 This function uses a non-reentrant model


 *************** function _controla_despertador *****************
 Defined at:
		line 61 in file "relogio.c"
 Parameters:    Size  Location     Type
  Despertador     2   14[COMRAM] PTR struct .
		 -> Despertador(6), 
 Auto vars:     Size  Location     Type
		None
 Return value:  Size  Location     Type
                  1    wreg      void 
 Registers used:
		wreg, fsr2l, fsr2h, status,2, status,0
 Tracked objects:
		On entry : 
		On exit  : 
		Unchanged: 
 Data sizes:     COMRAM   BANK0   BANK1   BANK2   BANK3   BANK4   BANK5   BANK6   BANK7
      Params:         2       0       0       0       0       0       0       0       0
      Locals:         0       0       0       0       0       0       0       0       0
      Temps:          2       0       0       0       0       0       0       0       0
      Totals:         4       0       0       0       0       0       0       0       0
Total ram usage:        4 bytes
 Hardware stack levels used:    1
 Hardware stack levels required when called:    1
 This function calls:
		Nothing
 This function is called by:
		_checa_botao
 This function uses a non-reentrant model


 *************** function _pic_isr *****************
 Defined at:
		line 134 in file "exercicio_PIC_LCD_AD.c"
 Parameters:    Size  Location     Type
		None
 Auto vars:     Size  Location     Type
		None
 Return value:  Size  Location     Type
                  1    wreg      void 
 Registers used:
		wreg, fsr2l, fsr2h, status,2, status,0
 Tracked objects:
		On entry : 
		On exit  : 
		Unchanged: 
 Data sizes:     COMRAM   BANK0   BANK1   BANK2   BANK3   BANK4   BANK5   BANK6   BANK7
      Params:         0       0       0       0       0       0       0       0       0
      Locals:         0       0       0       0       0       0       0       0       0
      Temps:         14       0       0       0       0       0       0       0       0
      Totals:        14       0       0       0       0       0       0       0       0
Total ram usage:       14 bytes
 Hardware stack levels used:    1
 This function calls:
		Nothing
 This function is called by:
		Interrupt level 2
 This function uses a non-reentrant model



MODULE INFORMATION

Module		Function		Class		Link	Load	Size
C:\Program Files (x86)\Microchip\xc8\v1.41\sources\common\lwdiv.c
		___lwdiv       		CODE           	2CA4	0000	83

C:\Program Files (x86)\Microchip\xc8\v1.41\sources\common\lwdiv.c estimated size: 83

C:\Program Files (x86)\Microchip\xc8\v1.41\sources\common\awdiv.c
		___awdiv       		CODE           	299A	0000	133

C:\Program Files (x86)\Microchip\xc8\v1.41\sources\common\awdiv.c estimated size: 133

C:\Program Files (x86)\Microchip\xc8\v1.41\sources\pic18\d10tcyx.c
		_Delay10TCYx   		CODE           	2F98	0000	17

C:\Program Files (x86)\Microchip\xc8\v1.41\sources\pic18\d10tcyx.c estimated size: 17

serial.h
		_maquina_estado		CODE           	2D7E	0000	63
		_gambiarra_pro_serial		CODE           	2A1E	0000	121
		_trata_comando 		CODE           	2EAA	0000	51
		_tx_data       		CODE           	2E72	0000	57

serial.h estimated size: 292

C:\Program Files (x86)\Microchip\xc8\v1.41\sources\common\doprnt.c
		_sprintf       		CODE           	1DC6	0000	329

C:\Program Files (x86)\Microchip\xc8\v1.41\sources\common\doprnt.c estimated size: 329

C:\Program Files (x86)\Microchip\xc8\v1.41\sources\pic18\plib\ADC\adcconv.c
		_ConvertADC    		CODE           	2FE6	0000	5

C:\Program Files (x86)\Microchip\xc8\v1.41\sources\pic18\plib\ADC\adcconv.c estimated size: 5

C:\Program Files (x86)\Microchip\xc8\v1.41\sources\pic18\plib\XLCD\openxlcd.c
		_OpenXLCD      		CODE           	27CA	0000	165

C:\Program Files (x86)\Microchip\xc8\v1.41\sources\pic18\plib\XLCD\openxlcd.c estimated size: 165

C:\Program Files (x86)\Microchip\xc8\v1.41\sources\pic18\plib\XLCD\wcmdxlcd.c
		_WriteCmdXLCD  		CODE           	2DFA	0000	63

C:\Program Files (x86)\Microchip\xc8\v1.41\sources\pic18\plib\XLCD\wcmdxlcd.c estimated size: 63

C:\Program Files (x86)\Microchip\xc8\v1.41\sources\common\fttol.c
		___fttol       		CODE           	2180	0000	245

C:\Program Files (x86)\Microchip\xc8\v1.41\sources\common\fttol.c estimated size: 245

C:\Program Files (x86)\Microchip\xc8\v1.41\sources\pic18\plib\XLCD\busyxlcd.c
		_BusyXLCD      		CODE           	2E38	0000	59

C:\Program Files (x86)\Microchip\xc8\v1.41\sources\pic18\plib\XLCD\busyxlcd.c estimated size: 59

C:\Program Files (x86)\Microchip\xc8\v1.41\sources\pic18\plib\ADC\adcsetch.c
		_SetChanADC    		CODE           	2F72	0000	23

C:\Program Files (x86)\Microchip\xc8\v1.41\sources\pic18\plib\ADC\adcsetch.c estimated size: 23

C:\Program Files (x86)\Microchip\xc8\v1.41\sources\common\ftadd.c
		___ftadd       		CODE           	1C1A	0000	429

C:\Program Files (x86)\Microchip\xc8\v1.41\sources\common\ftadd.c estimated size: 429

ad.c
		_init_ADC      		CODE           	2FA8	0000	15
		_convert_float_to_char		CODE           	245A	0000	239
		_convert       		CODE           	286E	0000	157

ad.c estimated size: 411

C:\Program Files (x86)\Microchip\xc8\v1.41\sources\common\ftge.c
		___ftge        		CODE           	290A	0000	145

C:\Program Files (x86)\Microchip\xc8\v1.41\sources\common\ftge.c estimated size: 145

C:\Program Files (x86)\Microchip\xc8\v1.41\sources\pic18\d1ktcyx.c
		_Delay1KTCYx   		CODE           	2F88	0000	17

C:\Program Files (x86)\Microchip\xc8\v1.41\sources\pic18\d1ktcyx.c estimated size: 17

C:\Program Files (x86)\Microchip\xc8\v1.41\sources\common\ftneg.c
		___ftneg       		CODE           	2EDC	0000	37

C:\Program Files (x86)\Microchip\xc8\v1.41\sources\common\ftneg.c estimated size: 37

C:\Program Files (x86)\Microchip\xc8\v1.41\sources\common\float.c
		___ftpack      		CODE           	271C	0000	175

C:\Program Files (x86)\Microchip\xc8\v1.41\sources\common\float.c estimated size: 175

C:\Program Files (x86)\Microchip\xc8\v1.41\sources\pic18\plib\ADC\adcbusy.c
		_BusyADC       		CODE           	2FC4	0000	13

C:\Program Files (x86)\Microchip\xc8\v1.41\sources\pic18\plib\ADC\adcbusy.c estimated size: 13

shared
		_dpowers       		SMALLCONST     	0801	0000	11
		__initialization		CODE           	2CF6	0000	57

shared estimated size: 68

C:\Program Files (x86)\Microchip\xc8\v1.41\sources\common\lwmod.c
		___lwmod       		CODE           	2D3C	0000	67

C:\Program Files (x86)\Microchip\xc8\v1.41\sources\common\lwmod.c estimated size: 67

C:\Program Files (x86)\Microchip\xc8\v1.41\sources\common\awmod.c
		___awmod       		CODE           	2B86	0000	113

C:\Program Files (x86)\Microchip\xc8\v1.41\sources\common\awmod.c estimated size: 113

C:\Program Files (x86)\Microchip\xc8\v1.41\sources\common\altoft.c
		___altoft      		CODE           	2B0E	0000	121

C:\Program Files (x86)\Microchip\xc8\v1.41\sources\common\altoft.c estimated size: 121

exercicio_PIC_LCD_AD.c
		_pic_isr       		CODE           	0008	0000	245
		_gambiarra     		CODE           	2FE0	0000	7
		_main          		CODE           	1A50	0000	459

exercicio_PIC_LCD_AD.c estimated size: 711

C:\Program Files (x86)\Microchip\xc8\v1.41\sources\pic18\plib\XLCD\writdata.c
		_WriteDataXLCD 		CODE           	2DBC	0000	63

C:\Program Files (x86)\Microchip\xc8\v1.41\sources\pic18\plib\XLCD\writdata.c estimated size: 63

C:\Program Files (x86)\Microchip\xc8\v1.41\sources\pic18\plib\XLCD\setddram.c
		_SetDDRamAddr  		CODE           	2C52	0000	83

C:\Program Files (x86)\Microchip\xc8\v1.41\sources\pic18\plib\XLCD\setddram.c estimated size: 83

C:\Program Files (x86)\Microchip\xc8\v1.41\sources\pic18\d10ktcyx.c
		_Delay10KTCYx  		CODE           	2F5C	0000	23

C:\Program Files (x86)\Microchip\xc8\v1.41\sources\pic18\d10ktcyx.c estimated size: 23

C:\Program Files (x86)\Microchip\xc8\v1.41\sources\common\frexp.c
		_frexp         		CODE           	2A96	0000	121

C:\Program Files (x86)\Microchip\xc8\v1.41\sources\common\frexp.c estimated size: 121

C:\Program Files (x86)\Microchip\xc8\v1.41\sources\common\floor.c
		_floor         		CODE           	2368	0000	243

C:\Program Files (x86)\Microchip\xc8\v1.41\sources\common\floor.c estimated size: 243

C:\Program Files (x86)\Microchip\xc8\v1.41\sources\common\ftmul.c
		___ftmul       		CODE           	2274	0000	245

C:\Program Files (x86)\Microchip\xc8\v1.41\sources\common\ftmul.c estimated size: 245

C:\Program Files (x86)\Microchip\xc8\v1.41\sources\common\lwtoft.c
		___lwtoft      		CODE           	2F00	0000	37

C:\Program Files (x86)\Microchip\xc8\v1.41\sources\common\lwtoft.c estimated size: 37

relogio.c
		_controla_despertador		CODE           	1F0E	0000	321
		_tratar_relogio		CODE           	1702	0000	847

relogio.c estimated size: 1168

C:\Program Files (x86)\Microchip\xc8\v1.41\sources\common\ftdiv.c
		___ftdiv       		CODE           	2636	0000	231

C:\Program Files (x86)\Microchip\xc8\v1.41\sources\common\ftdiv.c estimated size: 231

C:\Program Files (x86)\Microchip\xc8\v1.41\sources\pic18\plib\ADC\adcread.c
		_ReadADC       		CODE           	2FB6	0000	15

C:\Program Files (x86)\Microchip\xc8\v1.41\sources\pic18\plib\ADC\adcread.c estimated size: 15

display_LCD.c
		_checa_botao   		CODE           	08A8	0000	1849
		_DelayFor18TCY 		CODE           	2FD8	0000	9
		_exibir_lcd    		CODE           	0FE0	0000	1827
		_pisca_cursor  		CODE           	204E	0000	307
		_DelayPORXLCD  		CODE           	2FD0	0000	9
		_init_XLCD     		CODE           	2F24	0000	31

display_LCD.c estimated size: 4032

C:\Program Files (x86)\Microchip\xc8\v1.41\sources\pic18\plib\XLCD\putrxlcd.c
		_putrsXLCD     		CODE           	2BF6	0000	93

C:\Program Files (x86)\Microchip\xc8\v1.41\sources\pic18\plib\XLCD\putrxlcd.c estimated size: 93

