Microchip MPLAB XC8 Compiler V1.41 ()

Linker command line:

-W-3 --edf=C:\Program Files (x86)\Microchip\xc8\v1.41\dat\en_msgs.txt -cs \
  -h+dist/default/production\exercicio_PIC_LCD_AD.X.production.sym \
  --cmf=dist/default/production\exercicio_PIC_LCD_AD.X.production.cmf -z \
  -Q18F4550 -oC:\Users\Windows\AppData\Local\Temp\s73g.2 \
  -Mdist/default/production/exercicio_PIC_LCD_AD.X.production.map -E1 \
  -ver=XC8 -ASTACK=0E0h-07ffh -pstack=STACK -ACODE=00h-07FFFh \
  -ACONST=00h-07FFFh -ASMALLCONST=0800h-08FFhx120 \
  -AMEDIUMCONST=0800h-07FFFh -ACOMRAM=01h-05Fh -AABS1=00h-07FFh \
  -ABIGRAM=01h-07FFh -ARAM=060h-0FFh,0100h-01FFhx7 -ABANK0=060h-0FFh \
  -ABANK1=0100h-01FFh -ABANK2=0200h-02FFh -ABANK3=0300h-03FFh \
  -ABANK4=0400h-04FFh -ABANK5=0500h-05FFh -ABANK6=0600h-06FFh \
  -ABANK7=0700h-07FFh -ASFR=0F60h-0FFFh \
  -preset_vec=00h,intcode=08h,intcodelo,powerup,init -pramtop=0800h \
  -psmallconst=SMALLCONST -pmediumconst=MEDIUMCONST -pconst=CONST \
  -AFARRAM=00h-00h -ACONFIG=0300000h-030000Dh -pconfig=CONFIG \
  -AIDLOC=0200000h-0200007h -pidloc=IDLOC -AEEDATA=0F00000h-0F000FFh \
  -peeprom_data=EEDATA \
  -prdata=COMRAM,nvrram=COMRAM,nvbit=COMRAM,rbss=COMRAM,rbit=COMRAM \
  -pfarbss=FARRAM,fardata=FARRAM,nvFARRAM=FARRAM \
  -pintsave_regs=BIGRAM,bigbss=BIGRAM,bigdata=BIGRAM -pbss=RAM \
  -pidata=CODE,irdata=CODE,ibigdata=CODE,ifardata=CODE -prparam=COMRAM \
  C:\Users\Windows\AppData\Local\Temp\s73g.obj \
  dist/default/production\exercicio_PIC_LCD_AD.X.production.obj 

Object code version is 3.11

Machine type is 18F4550

Call graph: (short form)




                Name                               Link     Load   Length Selector   Space Scale
C:\Users\Windows\AppData\Local\Temp\s73g.obj
                init                                  E        E        4        4       0
                reset_vec                             0        0        4        0       0
                idloc                            200000   200000        8   200000       0
                config                           300000   300000        E   300000       0
dist/default/production\exercicio_PIC_LCD_AD.X.production.obj
                intcode                               8        8        6        4       0
                temp                                 50       50        1        1       1
                smallconst                          800      800       82      400       0
                intcode_body                       25D0     25D0       B0      441       0
                text40                             1EB0     1EB0      140      441       0
                text39                              882      882      738      441       0
                text38                             2E08     2E08        C      441       0
                text37                             2E24     2E24        4      441       0
                text36                             2DFA     2DFA        E      441       0
                text35                             2DB6     2DB6       16      441       0
                text34                             2680     2680       AE      441       0
                text33                             24EA     24EA       E6      441       0
                text32                             2216     2216       F4      441       0
                text31                             2B90     2B90       52      441       0
                text30                             2D44     2D44       24      441       0
                text29                             27D2     27D2       9C      441       0
                text28                             2DDC     2DDC       10      441       0
                text27                             2E1C     2E1C        8      441       0
                text26                             2B3E     2B3E       52      441       0
                text25                             28FE     28FE       84      441       0
                text24                             2A72     2A72       70      441       0
                text23                             2D20     2D20       24      441       0
                text22                             29FA     29FA       78      441       0
                text21                             1A18     1A18      1AC      441       0
                text20                             286E     286E       90      441       0
                text19                             2122     2122       F4      441       0
                text18                             2982     2982       78      441       0
                text17                             230A     230A       F2      441       0
                text16                             2C28     2C28       42      441       0
                text15                             1D68     1D68      148      441       0
                text14                             23FC     23FC       EE      441       0
                text13                             2CE6     2CE6       3A      441       0
                text12                             2CA8     2CA8       3E      441       0
                text11                             2AE2     2AE2       5C      441       0
                text10                              FBA      FBA      710      441       0
                text9                              2DEC     2DEC        E      441       0
                text8                              2DA0     2DA0       16      441       0
                text7                              2DCC     2DCC       10      441       0
                text6                              2E14     2E14        8      441       0
                text5                              2C6A     2C6A       3E      441       0
                text4                              272E     272E       A4      441       0
                text3                              2D68     2D68       1E      441       0
                text2                              1FF0     1FF0      132      441       0
                text1                              16CA     16CA      34E      441       0
                text0                              1BC4     1BC4      1A4      441       0
                cstackCOMRAM                          1        1       41        1       1
                cstackBANK0                          60       60       47       60       1
                dataBANK0                            C6       C6       1A       60       1
                bssBANK0                             A7       A7       1F       60       1
                bssCOMRAM                            42       42        E        1       1
                cinit                              2BE2     2BE2       46      441       0
                idataBANK0                         2D86     2D86       1A      441       0

TOTAL           Name                               Link     Load   Length     Space
        CLASS   STACK          

        CLASS   CODE           
                intcode                               8        8        6         0
                init                                  E        E        4         0
                reset_vec                             0        0        4         0
                intcode_body                       25D0     25D0       B0         0
                text40                             1EB0     1EB0      140         0
                text39                              882      882      738         0
                text38                             2E08     2E08        C         0
                text37                             2E24     2E24        4         0
                text36                             2DFA     2DFA        E         0
                text35                             2DB6     2DB6       16         0
                text34                             2680     2680       AE         0
                text33                             24EA     24EA       E6         0
                text32                             2216     2216       F4         0
                text31                             2B90     2B90       52         0
                text30                             2D44     2D44       24         0
                text29                             27D2     27D2       9C         0
                text28                             2DDC     2DDC       10         0
                text27                             2E1C     2E1C        8         0
                text26                             2B3E     2B3E       52         0
                text25                             28FE     28FE       84         0
                text24                             2A72     2A72       70         0
                text23                             2D20     2D20       24         0
                text22                             29FA     29FA       78         0
                text21                             1A18     1A18      1AC         0
                text20                             286E     286E       90         0
                text19                             2122     2122       F4         0
                text18                             2982     2982       78         0
                text17                             230A     230A       F2         0
                text16                             2C28     2C28       42         0
                text15                             1D68     1D68      148         0
                text14                             23FC     23FC       EE         0
                text13                             2CE6     2CE6       3A         0
                text12                             2CA8     2CA8       3E         0
                text11                             2AE2     2AE2       5C         0
                text10                              FBA      FBA      710         0
                text9                              2DEC     2DEC        E         0
                text8                              2DA0     2DA0       16         0
                text7                              2DCC     2DCC       10         0
                text6                              2E14     2E14        8         0
                text5                              2C6A     2C6A       3E         0
                text4                              272E     272E       A4         0
                text3                              2D68     2D68       1E         0
                text2                              1FF0     1FF0      132         0
                text1                              16CA     16CA      34E         0
                text0                              1BC4     1BC4      1A4         0
                cinit                              2BE2     2BE2       46         0
                idataBANK0                         2D86     2D86       1A         0

        CLASS   CONST          

        CLASS   SMALLCONST     
                smallconst                          800      800       82         0

        CLASS   MEDIUMCONST    

        CLASS   COMRAM         
                temp                                 50       50        1         1
                cstackCOMRAM                          1        1       41         1
                bssCOMRAM                            42       42        E         1

        CLASS   ABS1           

        CLASS   BIGRAM         

        CLASS   RAM            

        CLASS   BANK0          
                cstackBANK0                          60       60       47         1
                dataBANK0                            C6       C6       1A         1
                bssBANK0                             A7       A7       1F         1

        CLASS   BANK1          

        CLASS   BANK2          

        CLASS   BANK3          

        CLASS   BANK4          

        CLASS   BANK5          

        CLASS   BANK6          

        CLASS   BANK7          

        CLASS   SFR            

        CLASS   FARRAM         

        CLASS   CONFIG         
                config                           300000   300000        E         0

        CLASS   IDLOC          
                idloc                            200000   200000        8         0

        CLASS   EEDATA         



SEGMENTS        Name                           Load    Length   Top    Selector   Space  Class

                reset_vec                      000000  000004  000004         0       0  CODE    
                cstackCOMRAM                   000001  000050  000051         1       1  COMRAM  
                intcode                        000008  00000A  000012         4       0  CODE    
                cstackBANK0                    000060  000080  0000E0        60       1  BANK0   
                smallconst                     000800  000082  000882       400       0  SMALLCON
                text39                         000882  0025A6  002E28       441       0  CODE    
                idloc                          200000  000008  200008    200000       0  IDLOC   
                config                         300000  00000E  30000E    300000       0  CONFIG  


UNUSED ADDRESS RANGES

        Name                Unused          Largest block    Delta
        BANK0            0000E0-0000FF               20
        BANK1            000100-0001FF              100
        BANK2            000200-0002FF              100
        BANK3            000300-0003FF              100
        BANK4            000400-0004FF              100
        BANK5            000500-0005FF              100
        BANK6            000600-0006FF              100
        BANK7            000700-0007FF              100
        BIGRAM           000051-00005F                F
                         0000E0-0007FF              720
        CODE             000004-000007                4
                         000012-0007FF              7EE
                         002E28-007FFF             51D8
        COMRAM           000051-00005F                F
        CONST            000004-000007                4
                         000012-0007FF              7EE
                         002E28-007FFF             51D8
        EEDATA           F00000-F000FF              100
        MEDIUMCONST      002E28-007FFF             51D8
        RAM              0000E0-0007FF              100
        SFR              000F60-000FFF               A0
        SMALLCONST       002E28-007FFF              100
        STACK            0000E0-0007FF              720

                                  Symbol Table

?_ReadADC                        cstackCOMRAM 00000F
?___altoft                       cstackCOMRAM 000038
?___awdiv                        cstackCOMRAM 000015
?___awmod                        cstackCOMRAM 00000F
?___ftadd                        cstackCOMRAM 000017
?___ftdiv                        cstackCOMRAM 000029
?___ftmul                        cstackCOMRAM 00001A
?___ftneg                        cstackCOMRAM 00000F
?___ftpack                       cstackCOMRAM 00000F
?___fttol                        cstackCOMRAM 000029
?___lwdiv                        cstackCOMRAM 00000F
?___lwmod                        cstackCOMRAM 000016
?___lwtoft                       cstackCOMRAM 000017
?_floor                          cstackBANK0  000060
?_sprintf                        cstackCOMRAM 00001B
Delay10KTCYx@unit                cstackCOMRAM 000010
Delay10TCYx@unit                 cstackCOMRAM 00000F
Delay1KTCYx@unit                 cstackCOMRAM 00000F
OpenXLCD@lcdtype                 cstackCOMRAM 000014
SetChanADC@channel               cstackCOMRAM 000010
SetDDRamAddr@DDaddr              cstackCOMRAM 000013
WriteCmdXLCD@cmd                 cstackCOMRAM 000010
WriteDataXLCD@data               cstackCOMRAM 000010
_ADCON0                          (abs)        000FC2
_ADCON0bits                      (abs)        000FC2
_ADCON1                          (abs)        000FC1
_ADCON2                          (abs)        000FC0
_ADCResult                       bssCOMRAM    000046
_ADRESH                          (abs)        000FC4
_ADRESL                          (abs)        000FC3
_BusyADC                         text38       002E08
_BusyXLCD                        text13       002CE6
_Calendario                      bssBANK0     0000BA
_ConvertADC                      text37       002E24
_Delay10KTCYx                    text8        002DA0
_Delay10TCYx                     text28       002DDC
_Delay1KTCYx                     text7        002DCC
_DelayFor18TCY                   text27       002E1C
_DelayPORXLCD                    text6        002E14
_Despertador                     bssBANK0     0000C0
_INTCONbits                      (abs)        000FF2
_LATBbits                        (abs)        000F8A
_OpenXLCD                        text4        00272E
_PEIE                            (abs)        007F96
_PORTAbits                       (abs)        000F80
_PORTB                           (abs)        000F81
_PORTDbits                       (abs)        000F83
_RCIE                            (abs)        007CED
_RCIF                            (abs)        007CF5
_RCIP                            (abs)        007CFD
_RCSTA                           (abs)        000FAB
_ReadADC                         text36       002DFA
_Relogio                         bssCOMRAM    00004A
_SetChanADC                      text35       002DB6
_SetDDRamAddr                    text26       002B3E
_T0CONbits                       (abs)        000FD5
_TMR0                            (abs)        000FD6
_TMR0IF                          (abs)        007F92
_TRISAbits                       (abs)        000F92
_TRISB                           (abs)        000F93
_TRISBbits                       (abs)        000F93
_TRISCbits                       (abs)        000F94
_TRISDbits                       (abs)        000F95
_TXSTA                           (abs)        000FAC
_WriteCmdXLCD                    text5        002C6A
_WriteDataXLCD                   text12       002CA8
__CFG_PBADEN$OFF                 (abs)        000000
__CFG_WDT$OFF                    (abs)        000000
__HRAM                           (abs)        000000
__Habs1                          abs1         000000
__Hbank0                         bank0        000000
__Hbank1                         bank1        000000
__Hbank2                         bank2        000000
__Hbank3                         bank3        000000
__Hbank4                         bank4        000000
__Hbank5                         bank5        000000
__Hbank6                         bank6        000000
__Hbank7                         bank7        000000
__Hbigbss                        bigbss       000000
__Hbigdata                       bigdata      000000
__Hbigram                        bigram       000000
__Hbss                           bss          000000
__HbssBANK0                      bssBANK0     000000
__HbssCOMRAM                     bssCOMRAM    000000
__Hcinit                         cinit        000000
__Hclrtext                       clrtext      000000
__Hcomram                        comram       000000
__Hconfig                        config       30000E
__Hconst                         const        000000
__HcstackBANK0                   cstackBANK0  000000
__HcstackCOMRAM                  cstackCOMRAM 000000
__Hdata                          data         000000
__HdataBANK0                     dataBANK0    000000
__Heeprom_data                   eeprom_data  000000
__Hfarbss                        farbss       000000
__Hfardata                       fardata      000000
__Hibigdata                      ibigdata     000000
__Hidata                         idata        000000
__HidataBANK0                    idataBANK0   000000
__Hidloc                         idloc        200008
__Hifardata                      ifardata     000000
__Hinit                          init         000012
__Hintcode                       intcode      00000E
__Hintcode_body                  intcode_body 000000
__Hintcodelo                     intcodelo    00000E
__Hintentry                      intentry     000000
__Hintret                        intret       000000
__Hintsave_regs                  intsave_regs 000000
__Hirdata                        irdata       000000
__Hmediumconst                   mediumconst  000000
__HnvFARRAM                      nvFARRAM     000000
__Hnvbit                         nvbit        000000
__Hnvrram                        nvrram       000000
__Hparam                         rparam       000000
__Hpowerup                       powerup      00000E
__Hram                           ram          000000
__Hramtop                        ramtop       000800
__Hrbit                          rbit         000000
__Hrbss                          rbss         000000
__Hrdata                         rdata        000000
__Hreset_vec                     reset_vec    000004
__Hrparam                        rparam       000000
__Hsfr                           sfr          000000
__Hsmallconst                    smallconst   000882
__Hspace_0                       (abs)        30000E
__Hspace_1                       (abs)        0000E0
__Hspace_2                       (abs)        000000
__Hstack                         stack        000000
__Hstruct                        struct       000000
__Htemp                          temp         000051
__Htext                          text         000000
__Htext0                         text0        000000
__Htext1                         text1        000000
__Htext10                        text10       000000
__Htext11                        text11       000000
__Htext12                        text12       000000
__Htext13                        text13       000000
__Htext14                        text14       000000
__Htext15                        text15       000000
__Htext16                        text16       000000
__Htext17                        text17       000000
__Htext18                        text18       000000
__Htext19                        text19       000000
__Htext2                         text2        000000
__Htext20                        text20       000000
__Htext21                        text21       000000
__Htext22                        text22       000000
__Htext23                        text23       000000
__Htext24                        text24       000000
__Htext25                        text25       000000
__Htext26                        text26       000000
__Htext27                        text27       000000
__Htext28                        text28       000000
__Htext29                        text29       000000
__Htext3                         text3        000000
__Htext30                        text30       000000
__Htext31                        text31       000000
__Htext32                        text32       000000
__Htext33                        text33       000000
__Htext34                        text34       000000
__Htext35                        text35       000000
__Htext36                        text36       000000
__Htext37                        text37       000000
__Htext38                        text38       000000
__Htext39                        text39       000000
__Htext4                         text4        000000
__Htext40                        text40       000000
__Htext5                         text5        000000
__Htext6                         text6        000000
__Htext7                         text7        000000
__Htext8                         text8        000000
__Htext9                         text9        000000
__LRAM                           (abs)        000001
__Labs1                          abs1         000000
__Lbank0                         bank0        000000
__Lbank1                         bank1        000000
__Lbank2                         bank2        000000
__Lbank3                         bank3        000000
__Lbank4                         bank4        000000
__Lbank5                         bank5        000000
__Lbank6                         bank6        000000
__Lbank7                         bank7        000000
__Lbigbss                        bigbss       000000
__Lbigdata                       bigdata      000000
__Lbigram                        bigram       000000
__Lbss                           bss          000000
__LbssBANK0                      bssBANK0     000000
__LbssCOMRAM                     bssCOMRAM    000000
__Lcinit                         cinit        000000
__Lclrtext                       clrtext      000000
__Lcomram                        comram       000000
__Lconfig                        config       300000
__Lconst                         const        000000
__LcstackBANK0                   cstackBANK0  000000
__LcstackCOMRAM                  cstackCOMRAM 000000
__Ldata                          data         000000
__LdataBANK0                     dataBANK0    000000
__Leeprom_data                   eeprom_data  000000
__Lfarbss                        farbss       000000
__Lfardata                       fardata      000000
__Libigdata                      ibigdata     000000
__Lidata                         idata        000000
__LidataBANK0                    idataBANK0   000000
__Lidloc                         idloc        200000
__Lifardata                      ifardata     000000
__Linit                          init         00000E
__Lintcode                       intcode      000008
__Lintcode_body                  intcode_body 000000
__Lintcodelo                     intcodelo    00000E
__Lintentry                      intentry     000000
__Lintret                        intret       000000
__Lintsave_regs                  intsave_regs 000000
__Lirdata                        irdata       000000
__Lmediumconst                   mediumconst  000000
__LnvFARRAM                      nvFARRAM     000000
__Lnvbit                         nvbit        000000
__Lnvrram                        nvrram       000000
__Lparam                         rparam       000000
__Lpowerup                       powerup      00000E
__Lram                           ram          000000
__Lramtop                        ramtop       000800
__Lrbit                          rbit         000000
__Lrbss                          rbss         000000
__Lrdata                         rdata        000000
__Lreset_vec                     reset_vec    000000
__Lrparam                        rparam       000000
__Lsfr                           sfr          000000
__Lsmallconst                    smallconst   000800
__Lspace_0                       (abs)        000000
__Lspace_1                       (abs)        000000
__Lspace_2                       (abs)        000000
__Lstack                         stack        000000
__Lstruct                        struct       000000
__Ltemp                          temp         000050
__Ltext                          text         000000
__Ltext0                         text0        000000
__Ltext1                         text1        000000
__Ltext10                        text10       000000
__Ltext11                        text11       000000
__Ltext12                        text12       000000
__Ltext13                        text13       000000
__Ltext14                        text14       000000
__Ltext15                        text15       000000
__Ltext16                        text16       000000
__Ltext17                        text17       000000
__Ltext18                        text18       000000
__Ltext19                        text19       000000
__Ltext2                         text2        000000
__Ltext20                        text20       000000
__Ltext21                        text21       000000
__Ltext22                        text22       000000
__Ltext23                        text23       000000
__Ltext24                        text24       000000
__Ltext25                        text25       000000
__Ltext26                        text26       000000
__Ltext27                        text27       000000
__Ltext28                        text28       000000
__Ltext29                        text29       000000
__Ltext3                         text3        000000
__Ltext30                        text30       000000
__Ltext31                        text31       000000
__Ltext32                        text32       000000
__Ltext33                        text33       000000
__Ltext34                        text34       000000
__Ltext35                        text35       000000
__Ltext36                        text36       000000
__Ltext37                        text37       000000
__Ltext38                        text38       000000
__Ltext39                        text39       000000
__Ltext4                         text4        000000
__Ltext40                        text40       000000
__Ltext5                         text5        000000
__Ltext6                         text6        000000
__Ltext7                         text7        000000
__Ltext8                         text8        000000
__Ltext9                         text9        000000
__S0                             (abs)        30000E
__S1                             (abs)        0000E0
__S2                             (abs)        000000
___altoft                        text22       0029FA
___altoft@c                      cstackCOMRAM 000038
___altoft@exp                    cstackCOMRAM 000040
___altoft@sign                   cstackCOMRAM 000041
___awdiv                         text25       0028FE
___awdiv@counter                 cstackCOMRAM 000019
___awdiv@dividend                cstackCOMRAM 000015
___awdiv@divisor                 cstackCOMRAM 000017
___awdiv@quotient                cstackCOMRAM 00001B
___awdiv@sign                    cstackCOMRAM 00001A
___awmod                         text24       002A72
___awmod@counter                 cstackCOMRAM 000013
___awmod@dividend                cstackCOMRAM 00000F
___awmod@divisor                 cstackCOMRAM 000011
___awmod@sign                    cstackCOMRAM 000014
___ftadd                         text21       001A18
___ftadd@exp1                    cstackCOMRAM 000022
___ftadd@exp2                    cstackCOMRAM 000021
___ftadd@f1                      cstackCOMRAM 000017
___ftadd@f2                      cstackCOMRAM 00001A
___ftadd@sign                    cstackCOMRAM 000020
___ftdiv                         text33       0024EA
___ftdiv@cntr                    cstackCOMRAM 000032
___ftdiv@exp                     cstackCOMRAM 000036
___ftdiv@f1                      cstackCOMRAM 000029
___ftdiv@f2                      cstackCOMRAM 00002C
___ftdiv@f3                      cstackCOMRAM 000033
___ftdiv@sign                    cstackCOMRAM 000037
___ftge                          text20       00286E
___ftge@ff1                      cstackCOMRAM 00000F
___ftge@ff2                      cstackCOMRAM 000012
___ftmul                         text32       002216
___ftmul@cntr                    cstackCOMRAM 000027
___ftmul@exp                     cstackCOMRAM 000023
___ftmul@f1                      cstackCOMRAM 00001A
___ftmul@f2                      cstackCOMRAM 00001D
___ftmul@f3_as_product           cstackCOMRAM 000024
___ftmul@sign                    cstackCOMRAM 000028
___ftneg                         text23       002D20
___ftneg@f1                      cstackCOMRAM 00000F
___ftpack                        text34       002680
___ftpack@arg                    cstackCOMRAM 00000F
___ftpack@exp                    cstackCOMRAM 000012
___ftpack@sign                   cstackCOMRAM 000013
___fttol                         text19       002122
___fttol@exp1                    cstackCOMRAM 000037
___fttol@f1                      cstackCOMRAM 000029
___fttol@lval                    cstackCOMRAM 000033
___fttol@sign1                   cstackCOMRAM 000032
___inthi_sp                      stack        000000
___intlo_sp                      stack        000000
___lwdiv                         text31       002B90
___lwdiv@counter                 cstackCOMRAM 000015
___lwdiv@dividend                cstackCOMRAM 00000F
___lwdiv@divisor                 cstackCOMRAM 000011
___lwdiv@quotient                cstackCOMRAM 000013
___lwmod                         text16       002C28
___lwmod@counter                 cstackCOMRAM 00001A
___lwmod@dividend                cstackCOMRAM 000016
___lwmod@divisor                 cstackCOMRAM 000018
___lwtoft                        text30       002D44
___lwtoft@c                      cstackCOMRAM 000017
___param_bank                    (abs)        000000
___rparam_used                   (abs)        000001
___sp                            stack        000000
__accesstop                      (abs)        000060
__activetblptr                   (abs)        000002
__end_of_BusyADC                 text38       002E14
__end_of_BusyXLCD                text13       002D20
__end_of_ConvertADC              text37       002E28
__end_of_Delay10KTCYx            text8        002DB6
__end_of_Delay10TCYx             text28       002DEC
__end_of_Delay1KTCYx             text7        002DDC
__end_of_DelayFor18TCY           text27       002E24
__end_of_DelayPORXLCD            text6        002E1C
__end_of_OpenXLCD                text4        0027D2
__end_of_ReadADC                 text36       002E08
__end_of_SetChanADC              text35       002DCC
__end_of_SetDDRamAddr            text26       002B90
__end_of_WriteCmdXLCD            text5        002CA8
__end_of_WriteDataXLCD           text12       002CE6
__end_of___altoft                text22       002A72
__end_of___awdiv                 text25       002982
__end_of___awmod                 text24       002AE2
__end_of___ftadd                 text21       001BC4
__end_of___ftdiv                 text33       0025D0
__end_of___ftge                  text20       0028FE
__end_of___ftmul                 text32       00230A
__end_of___ftneg                 text23       002D44
__end_of___ftpack                text34       00272E
__end_of___fttol                 text19       002216
__end_of___lwdiv                 text31       002BE2
__end_of___lwmod                 text16       002C6A
__end_of___lwtoft                text30       002D68
__end_of__initialization         cinit        002C1A
__end_of_checa_botao             text39       000FBA
__end_of_controla_despertador    text40       001FF0
__end_of_convert                 text29       00286E
__end_of_convert_float_to_char   text14       0024EA
__end_of_dpowers                 smallconst   00080B
__end_of_exibir_lcd              text10       0016CA
__end_of_floor                   text17       0023FC
__end_of_frexp                   text18       0029FA
__end_of_init_ADC                text9        002DFA
__end_of_init_XLCD               text3        002D86
__end_of_main                    text0        001D68
__end_of_pic_isr                 intcode_body 002680
__end_of_pisca_cursor            text2        002122
__end_of_putrsXLCD               text11       002B3E
__end_of_sprintf                 text15       001EB0
__end_of_tratar_relogio          text1        001A18
__initialization                 cinit        002BE2
__mediumconst                    mediumconst  000000
__pbssBANK0                      bssBANK0     0000A7
__pbssCOMRAM                     bssCOMRAM    000042
__pcinit                         cinit        002BE2
__pcstackBANK0                   cstackBANK0  000060
__pcstackCOMRAM                  cstackCOMRAM 000001
__pdataBANK0                     dataBANK0    0000C6
__pidataBANK0                    idataBANK0   002D86
__pintcode                       intcode      000008
__pintcode_body                  intcode_body 0025D0
__psmallconst                    smallconst   000800
__ptext0                         text0        001BC4
__ptext1                         text1        0016CA
__ptext10                        text10       000FBA
__ptext11                        text11       002AE2
__ptext12                        text12       002CA8
__ptext13                        text13       002CE6
__ptext14                        text14       0023FC
__ptext15                        text15       001D68
__ptext16                        text16       002C28
__ptext17                        text17       00230A
__ptext18                        text18       002982
__ptext19                        text19       002122
__ptext2                         text2        001FF0
__ptext20                        text20       00286E
__ptext21                        text21       001A18
__ptext22                        text22       0029FA
__ptext23                        text23       002D20
__ptext24                        text24       002A72
__ptext25                        text25       0028FE
__ptext26                        text26       002B3E
__ptext27                        text27       002E1C
__ptext28                        text28       002DDC
__ptext29                        text29       0027D2
__ptext3                         text3        002D68
__ptext30                        text30       002D44
__ptext31                        text31       002B90
__ptext32                        text32       002216
__ptext33                        text33       0024EA
__ptext34                        text34       002680
__ptext35                        text35       002DB6
__ptext36                        text36       002DFA
__ptext37                        text37       002E24
__ptext38                        text38       002E08
__ptext39                        text39       000882
__ptext4                         text4        00272E
__ptext40                        text40       001EB0
__ptext5                         text5        002C6A
__ptext6                         text6        002E14
__ptext7                         text7        002DCC
__ptext8                         text8        002DA0
__ptext9                         text9        002DEC
__ramtop                         ramtop       000800
__size_of_BusyADC                (abs)        000000
__size_of_BusyXLCD               (abs)        000000
__size_of_ConvertADC             (abs)        000000
__size_of_Delay10KTCYx           (abs)        000000
__size_of_Delay10TCYx            (abs)        000000
__size_of_Delay1KTCYx            (abs)        000000
__size_of_DelayFor18TCY          (abs)        000000
__size_of_DelayPORXLCD           (abs)        000000
__size_of_OpenXLCD               (abs)        000000
__size_of_ReadADC                (abs)        000000
__size_of_SetChanADC             (abs)        000000
__size_of_SetDDRamAddr           (abs)        000000
__size_of_WriteCmdXLCD           (abs)        000000
__size_of_WriteDataXLCD          (abs)        000000
__size_of___altoft               (abs)        000000
__size_of___awdiv                (abs)        000000
__size_of___awmod                (abs)        000000
__size_of___ftadd                (abs)        000000
__size_of___ftdiv                (abs)        000000
__size_of___ftge                 (abs)        000000
__size_of___ftmul                (abs)        000000
__size_of___ftneg                (abs)        000000
__size_of___ftpack               (abs)        000000
__size_of___fttol                (abs)        000000
__size_of___lwdiv                (abs)        000000
__size_of___lwmod                (abs)        000000
__size_of___lwtoft               (abs)        000000
__size_of_checa_botao            (abs)        000000
__size_of_controla_despertador   (abs)        000000
__size_of_convert                (abs)        000000
__size_of_convert_float_to_char  (abs)        000000
__size_of_exibir_lcd             (abs)        000000
__size_of_floor                  (abs)        000000
__size_of_frexp                  (abs)        000000
__size_of_init_ADC               (abs)        000000
__size_of_init_XLCD              (abs)        000000
__size_of_main                   (abs)        000000
__size_of_pic_isr                (abs)        000000
__size_of_pisca_cursor           (abs)        000000
__size_of_putrsXLCD              (abs)        000000
__size_of_sprintf                (abs)        000000
__size_of_tratar_relogio         (abs)        000000
__smallconst                     smallconst   000800
_checa_botao                     text39       000882
_contador                        bssBANK0     0000AC
_controla_despertador            text40       001EB0
_controle_tempo_despertar        bssCOMRAM    000042
_convert                         text29       0027D2
_convert_float_to_char           text14       0023FC
_cursor                          bssCOMRAM    000044
_despertar                       bssCOMRAM    000048
_dpowers                         smallconst   000801
_errno                           bssBANK0     0000AA
_exibir_lcd                      text10       000FBA
_flag_time                       bssCOMRAM    000049
_floor                           text17       00230A
_frexp                           text18       002982
_init_ADC                        text9        002DEC
_init_XLCD                       text3        002D68
_main                            text0        001BC4
_pic_isr                         intcode      000008
_pisca_cursor                    text2        001FF0
_putrsXLCD                       text11       002AE2
_qtdDias_mes                     dataBANK0    0000C6
_sprintf                         text15       001D68
_tela_exibida                    bssBANK0     0000AE
_temperatura_display             bssBANK0     0000B0
_tratar_relogio                  text1        0016CA
_valor_tensao                    bssBANK0     0000A7
btemp                            temp         000050
checa_botao@Calendario           cstackCOMRAM 000017
checa_botao@Despertador          cstackCOMRAM 000015
checa_botao@Relogio              cstackCOMRAM 000013
controla_despertador@Despertador cstackCOMRAM 00000F
convert@i                        cstackCOMRAM 000038
convert_float_to_char@f1         cstackBANK0  000072
convert_float_to_char@f2         cstackBANK0  00006B
convert_float_to_char@i1         cstackBANK0  00006E
convert_float_to_char@i2         cstackBANK0  000070
convert_float_to_char@valor      cstackBANK0  000068
end_of_initialization            cinit        002C1A
exibir_lcd@Calendario            cstackBANK0  000079
exibir_lcd@Despertador           cstackBANK0  000077
exibir_lcd@Relogio               cstackBANK0  000075
exibir_lcd@a                     cstackBANK0  000099
exibir_lcd@b                     cstackBANK0  00009B
exibir_lcd@c                     cstackBANK0  00009D
exibir_lcd@d                     cstackBANK0  00009F
exibir_lcd@e                     cstackBANK0  0000A1
exibir_lcd@f                     cstackBANK0  0000A3
exibir_lcd@g                     cstackBANK0  00008D
exibir_lcd@h                     cstackBANK0  00008F
exibir_lcd@i                     cstackBANK0  000091
exibir_lcd@j                     cstackBANK0  000093
exibir_lcd@k                     cstackBANK0  000095
exibir_lcd@l                     cstackBANK0  000097
exibir_lcd@str                   cstackBANK0  00007D
floor@expon                      cstackBANK0  000066
floor@i                          cstackBANK0  000063
floor@x                          cstackBANK0  000060
frexp@eptr                       cstackCOMRAM 000012
frexp@value                      cstackCOMRAM 00000F
int$flags                        temp         000050
int_func                         intcode_body 0025D0
intlevel0                        text         000000
intlevel1                        text         000000
intlevel2                        text         000000
intlevel3                        text         000000
putrsXLCD@buffer                 cstackCOMRAM 000011
sprintf@ap                       cstackCOMRAM 00002C
sprintf@c                        cstackCOMRAM 000032
sprintf@f                        cstackCOMRAM 00001D
sprintf@flag                     cstackCOMRAM 00002E
sprintf@prec                     cstackCOMRAM 00002F
sprintf@sp                       cstackCOMRAM 00001B
sprintf@val                      cstackCOMRAM 000030
stackhi                          (abs)        0007FF
stacklo                          (abs)        0000E0
start                            init         00000E
start_initialization             cinit        002BE2
tratar_relogio@Calendario        cstackCOMRAM 000011
tratar_relogio@Relogio           cstackCOMRAM 00000F


FUNCTION INFORMATION:

 *************** function _main *****************
 Defined at:
		line 21 in file "exercicio_PIC_LCD_AD.c"
 Parameters:    Size  Location     Type
		None
 Auto vars:     Size  Location     Type
		None
 Return value:  Size  Location     Type
                  1    wreg      void 
 Registers used:
		wreg, fsr1l, fsr1h, fsr2l, fsr2h, status,2, status,0, tblptrl, tblptrh, tblptru, prodl, prodh, cstack
 Tracked objects:
		On entry : 
		On exit  : 
		Unchanged: 
 Data sizes:     COMRAM   BANK0   BANK1   BANK2   BANK3   BANK4   BANK5   BANK6   BANK7
      Params:         0       0       0       0       0       0       0       0       0
      Locals:         0       0       0       0       0       0       0       0       0
      Temps:          0       2       0       0       0       0       0       0       0
      Totals:         0       2       0       0       0       0       0       0       0
Total ram usage:        2 bytes
 Hardware stack levels required when called:    6
 This function calls:
		_WriteCmdXLCD
		_checa_botao
		_convert
		_exibir_lcd
		_init_ADC
		_init_XLCD
		_pisca_cursor
		_tratar_relogio
 This function is called by:
		Startup code after reset
 This function uses a non-reentrant model


 *************** function _tratar_relogio *****************
 Defined at:
		line 3 in file "relogio.c"
 Parameters:    Size  Location     Type
  Relogio         2   14[COMRAM] PTR struct .
		 -> Relogio(6), 
  Calendario      2   16[COMRAM] PTR struct .
		 -> Calendario(6), 
 Auto vars:     Size  Location     Type
		None
 Return value:  Size  Location     Type
                  1    wreg      void 
 Registers used:
		wreg, fsr1l, fsr1h, fsr2l, fsr2h, status,2, status,0
 Tracked objects:
		On entry : 
		On exit  : 
		Unchanged: 
 Data sizes:     COMRAM   BANK0   BANK1   BANK2   BANK3   BANK4   BANK5   BANK6   BANK7
      Params:         4       0       0       0       0       0       0       0       0
      Locals:         0       0       0       0       0       0       0       0       0
      Temps:          7       0       0       0       0       0       0       0       0
      Totals:        11       0       0       0       0       0       0       0       0
Total ram usage:       11 bytes
 Hardware stack levels used:    1
 Hardware stack levels required when called:    1
 This function calls:
		Nothing
 This function is called by:
		_main
 This function uses a non-reentrant model


 *************** function _pisca_cursor *****************
 Defined at:
		line 165 in file "display_LCD.c"
 Parameters:    Size  Location     Type
		None
 Auto vars:     Size  Location     Type
		None
 Return value:  Size  Location     Type
                  1    wreg      void 
 Registers used:
		wreg, status,2, status,0, cstack
 Tracked objects:
		On entry : 
		On exit  : 
		Unchanged: 
 Data sizes:     COMRAM   BANK0   BANK1   BANK2   BANK3   BANK4   BANK5   BANK6   BANK7
      Params:         0       0       0       0       0       0       0       0       0
      Locals:         0       0       0       0       0       0       0       0       0
      Temps:          0       0       0       0       0       0       0       0       0
      Totals:         0       0       0       0       0       0       0       0       0
Total ram usage:        0 bytes
 Hardware stack levels used:    1
 Hardware stack levels required when called:    4
 This function calls:
		_SetDDRamAddr
 This function is called by:
		_main
 This function uses a non-reentrant model


 *************** function _init_XLCD *****************
 Defined at:
		line 18 in file "display_LCD.c"
 Parameters:    Size  Location     Type
		None
 Auto vars:     Size  Location     Type
		None
 Return value:  Size  Location     Type
                  1    wreg      void 
 Registers used:
		wreg, status,2, status,0, cstack
 Tracked objects:
		On entry : 
		On exit  : 
		Unchanged: 
 Data sizes:     COMRAM   BANK0   BANK1   BANK2   BANK3   BANK4   BANK5   BANK6   BANK7
      Params:         0       0       0       0       0       0       0       0       0
      Locals:         0       0       0       0       0       0       0       0       0
      Temps:          0       0       0       0       0       0       0       0       0
      Totals:         0       0       0       0       0       0       0       0       0
Total ram usage:        0 bytes
 Hardware stack levels used:    1
 Hardware stack levels required when called:    5
 This function calls:
		_BusyXLCD
		_OpenXLCD
		_WriteCmdXLCD
 This function is called by:
		_main
 This function uses a non-reentrant model


 *************** function _OpenXLCD *****************
 Defined at:
		line 19 in file "C:\Program Files (x86)\Microchip\xc8\v1.41\sources\pic18\plib\XLCD\openxlcd.c"
 Parameters:    Size  Location     Type
  lcdtype         1    wreg     unsigned char 
 Auto vars:     Size  Location     Type
  lcdtype         1   19[COMRAM] unsigned char 
 Return value:  Size  Location     Type
                  1    wreg      void 
 Registers used:
		wreg, status,2, status,0, cstack
 Tracked objects:
		On entry : 
		On exit  : 
		Unchanged: 
 Data sizes:     COMRAM   BANK0   BANK1   BANK2   BANK3   BANK4   BANK5   BANK6   BANK7
      Params:         0       0       0       0       0       0       0       0       0
      Locals:         1       0       0       0       0       0       0       0       0
      Temps:          0       0       0       0       0       0       0       0       0
      Totals:         1       0       0       0       0       0       0       0       0
Total ram usage:        1 bytes
 Hardware stack levels used:    1
 Hardware stack levels required when called:    4
 This function calls:
		_BusyXLCD
		_Delay10KTCYx
		_DelayPORXLCD
		_SetDDRamAddr
		_WriteCmdXLCD
 This function is called by:
		_init_XLCD
 This function uses a non-reentrant model


 *************** function _WriteCmdXLCD *****************
 Defined at:
		line 13 in file "C:\Program Files (x86)\Microchip\xc8\v1.41\sources\pic18\plib\XLCD\wcmdxlcd.c"
 Parameters:    Size  Location     Type
  cmd             1    wreg     unsigned char 
 Auto vars:     Size  Location     Type
  cmd             1   15[COMRAM] unsigned char 
 Return value:  Size  Location     Type
                  1    wreg      void 
 Registers used:
		wreg, status,2, status,0, cstack
 Tracked objects:
		On entry : 
		On exit  : 
		Unchanged: 
 Data sizes:     COMRAM   BANK0   BANK1   BANK2   BANK3   BANK4   BANK5   BANK6   BANK7
      Params:         0       0       0       0       0       0       0       0       0
      Locals:         1       0       0       0       0       0       0       0       0
      Temps:          0       0       0       0       0       0       0       0       0
      Totals:         1       0       0       0       0       0       0       0       0
Total ram usage:        1 bytes
 Hardware stack levels used:    1
 Hardware stack levels required when called:    3
 This function calls:
		_DelayFor18TCY
 This function is called by:
		_init_XLCD
		_main
		_OpenXLCD
 This function uses a non-reentrant model


 *************** function _DelayPORXLCD *****************
 Defined at:
		line 7 in file "display_LCD.c"
 Parameters:    Size  Location     Type
		None
 Auto vars:     Size  Location     Type
		None
 Return value:  Size  Location     Type
                  1    wreg      void 
 Registers used:
		wreg, cstack
 Tracked objects:
		On entry : 
		On exit  : 
		Unchanged: 
 Data sizes:     COMRAM   BANK0   BANK1   BANK2   BANK3   BANK4   BANK5   BANK6   BANK7
      Params:         0       0       0       0       0       0       0       0       0
      Locals:         0       0       0       0       0       0       0       0       0
      Temps:          0       0       0       0       0       0       0       0       0
      Totals:         0       0       0       0       0       0       0       0       0
Total ram usage:        0 bytes
 Hardware stack levels used:    1
 Hardware stack levels required when called:    2
 This function calls:
		_Delay1KTCYx
 This function is called by:
		_OpenXLCD
 This function uses a non-reentrant model


 *************** function _Delay1KTCYx *****************
 Defined at:
		line 8 in file "C:\Program Files (x86)\Microchip\xc8\v1.41\sources\pic18\d1ktcyx.c"
 Parameters:    Size  Location     Type
  unit            1    wreg     unsigned char 
 Auto vars:     Size  Location     Type
  unit            1   14[COMRAM] unsigned char 
 Return value:  Size  Location     Type
                  1    wreg      void 
 Registers used:
		wreg
 Tracked objects:
		On entry : 
		On exit  : 
		Unchanged: 
 Data sizes:     COMRAM   BANK0   BANK1   BANK2   BANK3   BANK4   BANK5   BANK6   BANK7
      Params:         0       0       0       0       0       0       0       0       0
      Locals:         1       0       0       0       0       0       0       0       0
      Temps:          0       0       0       0       0       0       0       0       0
      Totals:         1       0       0       0       0       0       0       0       0
Total ram usage:        1 bytes
 Hardware stack levels used:    1
 Hardware stack levels required when called:    1
 This function calls:
		Nothing
 This function is called by:
		_DelayPORXLCD
		_DelayXLCD
 This function uses a non-reentrant model


 *************** function _Delay10KTCYx *****************
 Defined at:
		line 8 in file "C:\Program Files (x86)\Microchip\xc8\v1.41\sources\pic18\d10ktcyx.c"
 Parameters:    Size  Location     Type
  unit            1    wreg     unsigned char 
 Auto vars:     Size  Location     Type
  unit            1   15[COMRAM] unsigned char 
 Return value:  Size  Location     Type
                  1    wreg      void 
 Registers used:
		wreg
 Tracked objects:
		On entry : 
		On exit  : 
		Unchanged: 
 Data sizes:     COMRAM   BANK0   BANK1   BANK2   BANK3   BANK4   BANK5   BANK6   BANK7
      Params:         0       0       0       0       0       0       0       0       0
      Locals:         1       0       0       0       0       0       0       0       0
      Temps:          1       0       0       0       0       0       0       0       0
      Totals:         2       0       0       0       0       0       0       0       0
Total ram usage:        2 bytes
 Hardware stack levels used:    1
 Hardware stack levels required when called:    1
 This function calls:
		Nothing
 This function is called by:
		_OpenXLCD
 This function uses a non-reentrant model


 *************** function _init_ADC *****************
 Defined at:
		line 3 in file "ad.c"
 Parameters:    Size  Location     Type
		None
 Auto vars:     Size  Location     Type
		None
 Return value:  Size  Location     Type
                  1    wreg      void 
 Registers used:
		wreg, status,2
 Tracked objects:
		On entry : 
		On exit  : 
		Unchanged: 
 Data sizes:     COMRAM   BANK0   BANK1   BANK2   BANK3   BANK4   BANK5   BANK6   BANK7
      Params:         0       0       0       0       0       0       0       0       0
      Locals:         0       0       0       0       0       0       0       0       0
      Temps:          0       0       0       0       0       0       0       0       0
      Totals:         0       0       0       0       0       0       0       0       0
Total ram usage:        0 bytes
 Hardware stack levels used:    1
 Hardware stack levels required when called:    1
 This function calls:
		Nothing
 This function is called by:
		_main
 This function uses a non-reentrant model


 *************** function _exibir_lcd *****************
 Defined at:
		line 25 in file "display_LCD.c"
 Parameters:    Size  Location     Type
  Relogio         2   21[BANK0 ] PTR struct .
		 -> Relogio(6), 
  Despertador     2   23[BANK0 ] PTR struct .
		 -> Despertador(6), 
  Calendario      2   25[BANK0 ] PTR struct .
		 -> Calendario(6), 
 Auto vars:     Size  Location     Type
  str            16   29[BANK0 ] unsigned char [16]
  f               2   67[BANK0 ] int 
  e               2   65[BANK0 ] int 
  d               2   63[BANK0 ] int 
  c               2   61[BANK0 ] int 
  b               2   59[BANK0 ] int 
  a               2   57[BANK0 ] int 
  l               2   55[BANK0 ] int 
  k               2   53[BANK0 ] int 
  j               2   51[BANK0 ] int 
  i               2   49[BANK0 ] int 
  h               2   47[BANK0 ] int 
  g               2   45[BANK0 ] int 
 Return value:  Size  Location     Type
                  1    wreg      void 
 Registers used:
		wreg, fsr1l, fsr1h, fsr2l, fsr2h, status,2, status,0, tblptrl, tblptrh, tblptru, prodl, prodh, cstack
 Tracked objects:
		On entry : 
		On exit  : 
		Unchanged: 
 Data sizes:     COMRAM   BANK0   BANK1   BANK2   BANK3   BANK4   BANK5   BANK6   BANK7
      Params:         0       6       0       0       0       0       0       0       0
      Locals:         0      40       0       0       0       0       0       0       0
      Temps:          0       2       0       0       0       0       0       0       0
      Totals:         0      48       0       0       0       0       0       0       0
Total ram usage:       48 bytes
 Hardware stack levels used:    1
 Hardware stack levels required when called:    5
 This function calls:
		_SetDDRamAddr
		___awdiv
		___awmod
		_convert_float_to_char
		_putrsXLCD
		_sprintf
 This function is called by:
		_main
 This function uses a non-reentrant model


 *************** function _putrsXLCD *****************
 Defined at:
		line 16 in file "C:\Program Files (x86)\Microchip\xc8\v1.41\sources\pic18\plib\XLCD\putrxlcd.c"
 Parameters:    Size  Location     Type
  buffer          2   16[COMRAM] PTR const unsigned char 
		 -> STR_6(17), STR_5(17), exibir_lcd@str(16), temperatura_display(10), 
 Auto vars:     Size  Location     Type
		None
 Return value:  Size  Location     Type
                  1    wreg      void 
 Registers used:
		wreg, fsr1l, fsr1h, status,2, status,0, tblptrl, tblptrh, tblptru, cstack
 Tracked objects:
		On entry : 
		On exit  : 
		Unchanged: 
 Data sizes:     COMRAM   BANK0   BANK1   BANK2   BANK3   BANK4   BANK5   BANK6   BANK7
      Params:         2       0       0       0       0       0       0       0       0
      Locals:         0       0       0       0       0       0       0       0       0
      Temps:          0       0       0       0       0       0       0       0       0
      Totals:         2       0       0       0       0       0       0       0       0
Total ram usage:        2 bytes
 Hardware stack levels used:    1
 Hardware stack levels required when called:    4
 This function calls:
		_BusyXLCD
		_WriteDataXLCD
 This function is called by:
		_exibir_lcd
 This function uses a non-reentrant model


 *************** function _WriteDataXLCD *****************
 Defined at:
		line 16 in file "C:\Program Files (x86)\Microchip\xc8\v1.41\sources\pic18\plib\XLCD\writdata.c"
 Parameters:    Size  Location     Type
  data            1    wreg     unsigned char 
 Auto vars:     Size  Location     Type
  data            1   15[COMRAM] unsigned char 
 Return value:  Size  Location     Type
                  1    wreg      void 
 Registers used:
		wreg, status,2, status,0, cstack
 Tracked objects:
		On entry : 
		On exit  : 
		Unchanged: 
 Data sizes:     COMRAM   BANK0   BANK1   BANK2   BANK3   BANK4   BANK5   BANK6   BANK7
      Params:         0       0       0       0       0       0       0       0       0
      Locals:         1       0       0       0       0       0       0       0       0
      Temps:          0       0       0       0       0       0       0       0       0
      Totals:         1       0       0       0       0       0       0       0       0
Total ram usage:        1 bytes
 Hardware stack levels used:    1
 Hardware stack levels required when called:    3
 This function calls:
		_DelayFor18TCY
 This function is called by:
		_putrsXLCD
 This function uses a non-reentrant model


 *************** function _BusyXLCD *****************
 Defined at:
		line 11 in file "C:\Program Files (x86)\Microchip\xc8\v1.41\sources\pic18\plib\XLCD\busyxlcd.c"
 Parameters:    Size  Location     Type
		None
 Auto vars:     Size  Location     Type
		None
 Return value:  Size  Location     Type
                  1    wreg      unsigned char 
 Registers used:
		wreg, cstack
 Tracked objects:
		On entry : 
		On exit  : 
		Unchanged: 
 Data sizes:     COMRAM   BANK0   BANK1   BANK2   BANK3   BANK4   BANK5   BANK6   BANK7
      Params:         0       0       0       0       0       0       0       0       0
      Locals:         0       0       0       0       0       0       0       0       0
      Temps:          0       0       0       0       0       0       0       0       0
      Totals:         0       0       0       0       0       0       0       0       0
Total ram usage:        0 bytes
 Hardware stack levels used:    1
 Hardware stack levels required when called:    3
 This function calls:
		_DelayFor18TCY
 This function is called by:
		_init_XLCD
		_OpenXLCD
		_putrsXLCD
 This function uses a non-reentrant model


 *************** function _convert_float_to_char *****************
 Defined at:
		line 22 in file "ad.c"
 Parameters:    Size  Location     Type
  valor           3    8[BANK0 ] float 
 Auto vars:     Size  Location     Type
  f1              3   18[BANK0 ] float 
  f2              3   11[BANK0 ] float 
  i2              2   16[BANK0 ] int 
  i1              2   14[BANK0 ] int 
 Return value:  Size  Location     Type
                  1    wreg      void 
 Registers used:
		wreg, fsr2l, fsr2h, status,2, status,0, tblptrl, tblptrh, tblptru, prodl, prodh, cstack
 Tracked objects:
		On entry : 
		On exit  : 
		Unchanged: 
 Data sizes:     COMRAM   BANK0   BANK1   BANK2   BANK3   BANK4   BANK5   BANK6   BANK7
      Params:         0       3       0       0       0       0       0       0       0
      Locals:         0      10       0       0       0       0       0       0       0
      Temps:          0       0       0       0       0       0       0       0       0
      Totals:         0      13       0       0       0       0       0       0       0
Total ram usage:       13 bytes
 Hardware stack levels used:    1
 Hardware stack levels required when called:    4
 This function calls:
		___ftadd
		___ftmul
		___ftneg
		___fttol
		_floor
		_sprintf
 This function is called by:
		_exibir_lcd
 This function uses a non-reentrant model


 *************** function _sprintf *****************
 Defined at:
		line 492 in file "C:\Program Files (x86)\Microchip\xc8\v1.41\sources\common\doprnt.c"
 Parameters:    Size  Location     Type
  sp              2   26[COMRAM] PTR unsigned char 
		 -> exibir_lcd@str(16), temperatura_display(10), 
  f               2   28[COMRAM] PTR const unsigned char 
		 -> STR_4(23), STR_3(22), STR_2(22), STR_1(17), 
 Auto vars:     Size  Location     Type
  tmpval          4    0        struct .
  cp              3    0        PTR const unsigned char 
  val             2   47[COMRAM] unsigned int 
  ap              2   43[COMRAM] PTR void [1]
		 -> ?_sprintf(2), 
  len             2    0        unsigned int 
  c               1   49[COMRAM] char 
  prec            1   46[COMRAM] char 
  flag            1   45[COMRAM] unsigned char 
 Return value:  Size  Location     Type
                  2   26[COMRAM] int 
 Registers used:
		wreg, fsr2l, fsr2h, status,2, status,0, tblptrl, tblptrh, tblptru, prodl, prodh, cstack
 Tracked objects:
		On entry : 
		On exit  : 
		Unchanged: 
 Data sizes:     COMRAM   BANK0   BANK1   BANK2   BANK3   BANK4   BANK5   BANK6   BANK7
      Params:        16       0       0       0       0       0       0       0       0
      Locals:         7       0       0       0       0       0       0       0       0
      Temps:          1       0       0       0       0       0       0       0       0
      Totals:        24       0       0       0       0       0       0       0       0
Total ram usage:       24 bytes
 Hardware stack levels used:    1
 Hardware stack levels required when called:    2
 This function calls:
		___lwdiv
		___lwmod
 This function is called by:
		_convert_float_to_char
		_exibir_lcd
 This function uses a non-reentrant model


 *************** function ___lwmod *****************
 Defined at:
		line 8 in file "C:\Program Files (x86)\Microchip\xc8\v1.41\sources\common\lwmod.c"
 Parameters:    Size  Location     Type
  dividend        2   21[COMRAM] unsigned int 
  divisor         2   23[COMRAM] unsigned int 
 Auto vars:     Size  Location     Type
  counter         1   25[COMRAM] unsigned char 
 Return value:  Size  Location     Type
                  2   21[COMRAM] unsigned int 
 Registers used:
		wreg, status,2, status,0
 Tracked objects:
		On entry : 
		On exit  : 
		Unchanged: 
 Data sizes:     COMRAM   BANK0   BANK1   BANK2   BANK3   BANK4   BANK5   BANK6   BANK7
      Params:         4       0       0       0       0       0       0       0       0
      Locals:         1       0       0       0       0       0       0       0       0
      Temps:          0       0       0       0       0       0       0       0       0
      Totals:         5       0       0       0       0       0       0       0       0
Total ram usage:        5 bytes
 Hardware stack levels used:    1
 Hardware stack levels required when called:    1
 This function calls:
		Nothing
 This function is called by:
		_sprintf
 This function uses a non-reentrant model


 *************** function _floor *****************
 Defined at:
		line 13 in file "C:\Program Files (x86)\Microchip\xc8\v1.41\sources\common\floor.c"
 Parameters:    Size  Location     Type
  x               3    0[BANK0 ] unsigned int 
 Auto vars:     Size  Location     Type
  i               3    3[BANK0 ] unsigned int 
  expon           2    6[BANK0 ] int 
 Return value:  Size  Location     Type
                  3    0[BANK0 ] int 
 Registers used:
		wreg, fsr2l, fsr2h, status,2, status,0, cstack
 Tracked objects:
		On entry : 
		On exit  : 
		Unchanged: 
 Data sizes:     COMRAM   BANK0   BANK1   BANK2   BANK3   BANK4   BANK5   BANK6   BANK7
      Params:         0       3       0       0       0       0       0       0       0
      Locals:         0       5       0       0       0       0       0       0       0
      Temps:          0       0       0       0       0       0       0       0       0
      Totals:         0       8       0       0       0       0       0       0       0
Total ram usage:        8 bytes
 Hardware stack levels used:    1
 Hardware stack levels required when called:    3
 This function calls:
		___altoft
		___ftadd
		___ftge
		___fttol
		_frexp
 This function is called by:
		_convert_float_to_char
 This function uses a non-reentrant model


 *************** function _frexp *****************
 Defined at:
		line 254 in file "C:\Program Files (x86)\Microchip\xc8\v1.41\sources\common\frexp.c"
 Parameters:    Size  Location     Type
  value           3   14[COMRAM] int 
  eptr            2   17[COMRAM] PTR int 
		 -> floor@expon(2), 
 Auto vars:     Size  Location     Type
		None
 Return value:  Size  Location     Type
                  3   14[COMRAM] PTR int 
 Registers used:
		wreg, fsr2l, fsr2h, status,2, status,0
 Tracked objects:
		On entry : 
		On exit  : 
		Unchanged: 
 Data sizes:     COMRAM   BANK0   BANK1   BANK2   BANK3   BANK4   BANK5   BANK6   BANK7
      Params:         5       0       0       0       0       0       0       0       0
      Locals:         0       0       0       0       0       0       0       0       0
      Temps:          2       0       0       0       0       0       0       0       0
      Totals:         7       0       0       0       0       0       0       0       0
Total ram usage:        7 bytes
 Hardware stack levels used:    1
 Hardware stack levels required when called:    1
 This function calls:
		Nothing
 This function is called by:
		_floor
 This function uses a non-reentrant model


 *************** function ___fttol *****************
 Defined at:
		line 44 in file "C:\Program Files (x86)\Microchip\xc8\v1.41\sources\common\fttol.c"
 Parameters:    Size  Location     Type
  f1              3   40[COMRAM] float 
 Auto vars:     Size  Location     Type
  lval            4   50[COMRAM] unsigned long 
  exp1            1   54[COMRAM] unsigned char 
  sign1           1   49[COMRAM] unsigned char 
 Return value:  Size  Location     Type
                  4   40[COMRAM] long 
 Registers used:
		wreg, status,2, status,0
 Tracked objects:
		On entry : 
		On exit  : 
		Unchanged: 
 Data sizes:     COMRAM   BANK0   BANK1   BANK2   BANK3   BANK4   BANK5   BANK6   BANK7
      Params:         4       0       0       0       0       0       0       0       0
      Locals:         6       0       0       0       0       0       0       0       0
      Temps:          5       0       0       0       0       0       0       0       0
      Totals:        15       0       0       0       0       0       0       0       0
Total ram usage:       15 bytes
 Hardware stack levels used:    1
 Hardware stack levels required when called:    1
 This function calls:
		Nothing
 This function is called by:
		_convert_float_to_char
		_floor
 This function uses a non-reentrant model


 *************** function ___ftge *****************
 Defined at:
		line 4 in file "C:\Program Files (x86)\Microchip\xc8\v1.41\sources\common\ftge.c"
 Parameters:    Size  Location     Type
  ff1             3   14[COMRAM] float 
  ff2             3   17[COMRAM] float 
 Auto vars:     Size  Location     Type
		None
 Return value:  Size  Location     Type
		None               void
 Registers used:
		wreg, status,2, status,0
 Tracked objects:
		On entry : 
		On exit  : 
		Unchanged: 
 Data sizes:     COMRAM   BANK0   BANK1   BANK2   BANK3   BANK4   BANK5   BANK6   BANK7
      Params:         6       0       0       0       0       0       0       0       0
      Locals:         0       0       0       0       0       0       0       0       0
      Temps:          3       0       0       0       0       0       0       0       0
      Totals:         9       0       0       0       0       0       0       0       0
Total ram usage:        9 bytes
 Hardware stack levels used:    1
 Hardware stack levels required when called:    1
 This function calls:
		Nothing
 This function is called by:
		_floor
 This function uses a non-reentrant model


 *************** function ___ftadd *****************
 Defined at:
		line 86 in file "C:\Program Files (x86)\Microchip\xc8\v1.41\sources\common\ftadd.c"
 Parameters:    Size  Location     Type
  f1              3   22[COMRAM] float 
  f2              3   25[COMRAM] float 
 Auto vars:     Size  Location     Type
  exp1            1   33[COMRAM] unsigned char 
  exp2            1   32[COMRAM] unsigned char 
  sign            1   31[COMRAM] unsigned char 
 Return value:  Size  Location     Type
                  3   22[COMRAM] float 
 Registers used:
		wreg, status,2, status,0, cstack
 Tracked objects:
		On entry : 
		On exit  : 
		Unchanged: 
 Data sizes:     COMRAM   BANK0   BANK1   BANK2   BANK3   BANK4   BANK5   BANK6   BANK7
      Params:         6       0       0       0       0       0       0       0       0
      Locals:         3       0       0       0       0       0       0       0       0
      Temps:          3       0       0       0       0       0       0       0       0
      Totals:        12       0       0       0       0       0       0       0       0
Total ram usage:       12 bytes
 Hardware stack levels used:    1
 Hardware stack levels required when called:    2
 This function calls:
		___ftpack
 This function is called by:
		_convert_float_to_char
		_floor
 This function uses a non-reentrant model


 *************** function ___altoft *****************
 Defined at:
		line 42 in file "C:\Program Files (x86)\Microchip\xc8\v1.41\sources\common\altoft.c"
 Parameters:    Size  Location     Type
  c               4   55[COMRAM] long 
 Auto vars:     Size  Location     Type
  sign            1   64[COMRAM] unsigned char 
  exp             1   63[COMRAM] unsigned char 
 Return value:  Size  Location     Type
                  3   55[COMRAM] float 
 Registers used:
		wreg, status,2, status,0, cstack
 Tracked objects:
		On entry : 
		On exit  : 
		Unchanged: 
 Data sizes:     COMRAM   BANK0   BANK1   BANK2   BANK3   BANK4   BANK5   BANK6   BANK7
      Params:         4       0       0       0       0       0       0       0       0
      Locals:         2       0       0       0       0       0       0       0       0
      Temps:          4       0       0       0       0       0       0       0       0
      Totals:        10       0       0       0       0       0       0       0       0
Total ram usage:       10 bytes
 Hardware stack levels used:    1
 Hardware stack levels required when called:    2
 This function calls:
		___ftpack
 This function is called by:
		_floor
 This function uses a non-reentrant model


 *************** function ___ftneg *****************
 Defined at:
		line 15 in file "C:\Program Files (x86)\Microchip\xc8\v1.41\sources\common\ftneg.c"
 Parameters:    Size  Location     Type
  f1              3   14[COMRAM] float 
 Auto vars:     Size  Location     Type
		None
 Return value:  Size  Location     Type
                  3   14[COMRAM] float 
 Registers used:
		wreg, status,2, status,0
 Tracked objects:
		On entry : 
		On exit  : 
		Unchanged: 
 Data sizes:     COMRAM   BANK0   BANK1   BANK2   BANK3   BANK4   BANK5   BANK6   BANK7
      Params:         3       0       0       0       0       0       0       0       0
      Locals:         0       0       0       0       0       0       0       0       0
      Temps:          0       0       0       0       0       0       0       0       0
      Totals:         3       0       0       0       0       0       0       0       0
Total ram usage:        3 bytes
 Hardware stack levels used:    1
 Hardware stack levels required when called:    1
 This function calls:
		Nothing
 This function is called by:
		_convert_float_to_char
 This function uses a non-reentrant model


 *************** function ___awmod *****************
 Defined at:
		line 8 in file "C:\Program Files (x86)\Microchip\xc8\v1.41\sources\common\awmod.c"
 Parameters:    Size  Location     Type
  dividend        2   14[COMRAM] int 
  divisor         2   16[COMRAM] int 
 Auto vars:     Size  Location     Type
  sign            1   19[COMRAM] unsigned char 
  counter         1   18[COMRAM] unsigned char 
 Return value:  Size  Location     Type
                  2   14[COMRAM] int 
 Registers used:
		wreg, status,2, status,0
 Tracked objects:
		On entry : 
		On exit  : 
		Unchanged: 
 Data sizes:     COMRAM   BANK0   BANK1   BANK2   BANK3   BANK4   BANK5   BANK6   BANK7
      Params:         4       0       0       0       0       0       0       0       0
      Locals:         2       0       0       0       0       0       0       0       0
      Temps:          0       0       0       0       0       0       0       0       0
      Totals:         6       0       0       0       0       0       0       0       0
Total ram usage:        6 bytes
 Hardware stack levels used:    1
 Hardware stack levels required when called:    1
 This function calls:
		Nothing
 This function is called by:
		_exibir_lcd
 This function uses a non-reentrant model


 *************** function ___awdiv *****************
 Defined at:
		line 8 in file "C:\Program Files (x86)\Microchip\xc8\v1.41\sources\common\awdiv.c"
 Parameters:    Size  Location     Type
  dividend        2   20[COMRAM] int 
  divisor         2   22[COMRAM] int 
 Auto vars:     Size  Location     Type
  quotient        2   26[COMRAM] int 
  sign            1   25[COMRAM] unsigned char 
  counter         1   24[COMRAM] unsigned char 
 Return value:  Size  Location     Type
                  2   20[COMRAM] int 
 Registers used:
		wreg, status,2, status,0
 Tracked objects:
		On entry : 
		On exit  : 
		Unchanged: 
 Data sizes:     COMRAM   BANK0   BANK1   BANK2   BANK3   BANK4   BANK5   BANK6   BANK7
      Params:         4       0       0       0       0       0       0       0       0
      Locals:         4       0       0       0       0       0       0       0       0
      Temps:          0       0       0       0       0       0       0       0       0
      Totals:         8       0       0       0       0       0       0       0       0
Total ram usage:        8 bytes
 Hardware stack levels used:    1
 Hardware stack levels required when called:    1
 This function calls:
		Nothing
 This function is called by:
		_exibir_lcd
 This function uses a non-reentrant model


 *************** function _SetDDRamAddr *****************
 Defined at:
		line 13 in file "C:\Program Files (x86)\Microchip\xc8\v1.41\sources\pic18\plib\XLCD\setddram.c"
 Parameters:    Size  Location     Type
  DDaddr          1    wreg     unsigned char 
 Auto vars:     Size  Location     Type
  DDaddr          1   18[COMRAM] unsigned char 
 Return value:  Size  Location     Type
                  1    wreg      void 
 Registers used:
		wreg, status,2, status,0, cstack
 Tracked objects:
		On entry : 
		On exit  : 
		Unchanged: 
 Data sizes:     COMRAM   BANK0   BANK1   BANK2   BANK3   BANK4   BANK5   BANK6   BANK7
      Params:         0       0       0       0       0       0       0       0       0
      Locals:         1       0       0       0       0       0       0       0       0
[...]
      Totals:         7       0       0       0       0       0       0       0       0
Total ram usage:        7 bytes
 Hardware stack levels used:    1
 Hardware stack levels required when called:    1
 This function calls:
		Nothing
 This function is called by:
		_convert
		_sprintf
 This function uses a non-reentrant model


 *************** function ___ftmul *****************
 Defined at:
		line 62 in file "C:\Program Files (x86)\Microchip\xc8\v1.41\sources\common\ftmul.c"
 Parameters:    Size  Location     Type
  f1              3   25[COMRAM] float 
  f2              3   28[COMRAM] float 
 Auto vars:     Size  Location     Type
  f3_as_produc    3   35[COMRAM] unsigned um
  sign            1   39[COMRAM] unsigned char 
  cntr            1   38[COMRAM] unsigned char 
  exp             1   34[COMRAM] unsigned char 
 Return value:  Size  Location     Type
                  3   25[COMRAM] float 
 Registers used:
		wreg, status,2, status,0, cstack
 Tracked objects:
		On entry : 
		On exit  : 
		Unchanged: 
 Data sizes:     COMRAM   BANK0   BANK1   BANK2   BANK3   BANK4   BANK5   BANK6   BANK7
      Params:         6       0       0       0       0       0       0       0       0
      Locals:         6       0       0       0       0       0       0       0       0
      Temps:          3       0       0       0       0       0       0       0       0
      Totals:        15       0       0       0       0       0       0       0       0
Total ram usage:       15 bytes
 Hardware stack levels used:    1
 Hardware stack levels required when called:    2
 This function calls:
		___ftpack
 This function is called by:
		_convert
		_convert_float_to_char
 This function uses a non-reentrant model


 *************** function ___ftdiv *****************
 Defined at:
		line 54 in file "C:\Program Files (x86)\Microchip\xc8\v1.41\sources\common\ftdiv.c"
 Parameters:    Size  Location     Type
  f1              3   40[COMRAM] float 
  f2              3   43[COMRAM] float 
 Auto vars:     Size  Location     Type
  f3              3   50[COMRAM] float 
  sign            1   54[COMRAM] unsigned char 
  exp             1   53[COMRAM] unsigned char 
  cntr            1   49[COMRAM] unsigned char 
 Return value:  Size  Location     Type
                  3   40[COMRAM] float 
 Registers used:
		wreg, status,2, status,0, cstack
 Tracked objects:
		On entry : 
		On exit  : 
		Unchanged: 
 Data sizes:     COMRAM   BANK0   BANK1   BANK2   BANK3   BANK4   BANK5   BANK6   BANK7
      Params:         6       0       0       0       0       0       0       0       0
      Locals:         6       0       0       0       0       0       0       0       0
      Temps:          3       0       0       0       0       0       0       0       0
      Totals:        15       0       0       0       0       0       0       0       0
Total ram usage:       15 bytes
 Hardware stack levels used:    1
 Hardware stack levels required when called:    2
 This function calls:
		___ftpack
 This function is called by:
		_convert
 This function uses a non-reentrant model


 *************** function ___ftpack *****************
 Defined at:
		line 62 in file "C:\Program Files (x86)\Microchip\xc8\v1.41\sources\common\float.c"
 Parameters:    Size  Location     Type
  arg             3   14[COMRAM] unsigned um
  exp             1   17[COMRAM] unsigned char 
  sign            1   18[COMRAM] unsigned char 
 Auto vars:     Size  Location     Type
		None
 Return value:  Size  Location     Type
                  3   14[COMRAM] float 
 Registers used:
		wreg, status,2, status,0
 Tracked objects:
		On entry : 
		On exit  : 
		Unchanged: 
 Data sizes:     COMRAM   BANK0   BANK1   BANK2   BANK3   BANK4   BANK5   BANK6   BANK7
      Params:         5       0       0       0       0       0       0       0       0
      Locals:         0       0       0       0       0       0       0       0       0
      Temps:          3       0       0       0       0       0       0       0       0
      Totals:         8       0       0       0       0       0       0       0       0
Total ram usage:        8 bytes
 Hardware stack levels used:    1
 Hardware stack levels required when called:    1
 This function calls:
		Nothing
 This function is called by:
		___altoft
		___ftadd
		___ftdiv
		___ftmul
		___lwtoft
 This function uses a non-reentrant model


 *************** function _SetChanADC *****************
 Defined at:
		line 30 in file "C:\Program Files (x86)\Microchip\xc8\v1.41\sources\pic18\plib\ADC\adcsetch.c"
 Parameters:    Size  Location     Type
  channel         1    wreg     unsigned char 
 Auto vars:     Size  Location     Type
  channel         1   15[COMRAM] unsigned char 
 Return value:  Size  Location     Type
                  1    wreg      void 
 Registers used:
		wreg, status,2, status,0
 Tracked objects:
		On entry : 
		On exit  : 
		Unchanged: 
 Data sizes:     COMRAM   BANK0   BANK1   BANK2   BANK3   BANK4   BANK5   BANK6   BANK7
      Params:         0       0       0       0       0       0       0       0       0
      Locals:         1       0       0       0       0       0       0       0       0
      Temps:          1       0       0       0       0       0       0       0       0
      Totals:         2       0       0       0       0       0       0       0       0
Total ram usage:        2 bytes
 Hardware stack levels used:    1
 Hardware stack levels required when called:    1
 This function calls:
		Nothing
 This function is called by:
		_convert
 This function uses a non-reentrant model


 *************** function _ReadADC *****************
 Defined at:
		line 24 in file "C:\Program Files (x86)\Microchip\xc8\v1.41\sources\pic18\plib\ADC\adcread.c"
 Parameters:    Size  Location     Type
		None
 Auto vars:     Size  Location     Type
		None
 Return value:  Size  Location     Type
                  2   14[COMRAM] int 
 Registers used:
		wreg, status,2
 Tracked objects:
		On entry : 
		On exit  : 
		Unchanged: 
 Data sizes:     COMRAM   BANK0   BANK1   BANK2   BANK3   BANK4   BANK5   BANK6   BANK7
      Params:         2       0       0       0       0       0       0       0       0
      Locals:         0       0       0       0       0       0       0       0       0
      Temps:          2       0       0       0       0       0       0       0       0
      Totals:         4       0       0       0       0       0       0       0       0
Total ram usage:        4 bytes
 Hardware stack levels used:    1
 Hardware stack levels required when called:    1
 This function calls:
		Nothing
 This function is called by:
		_convert
 This function uses a non-reentrant model


 *************** function _ConvertADC *****************
 Defined at:
		line 22 in file "C:\Program Files (x86)\Microchip\xc8\v1.41\sources\pic18\plib\ADC\adcconv.c"
 Parameters:    Size  Location     Type
		None
 Auto vars:     Size  Location     Type
		None
 Return value:  Size  Location     Type
                  1    wreg      void 
 Registers used:
		None
 Tracked objects:
		On entry : 
		On exit  : 
		Unchanged: 
 Data sizes:     COMRAM   BANK0   BANK1   BANK2   BANK3   BANK4   BANK5   BANK6   BANK7
      Params:         0       0       0       0       0       0       0       0       0
      Locals:         0       0       0       0       0       0       0       0       0
      Temps:          0       0       0       0       0       0       0       0       0
      Totals:         0       0       0       0       0       0       0       0       0
Total ram usage:        0 bytes
 Hardware stack levels used:    1
 Hardware stack levels required when called:    1
 This function calls:
		Nothing
 This function is called by:
		_convert
 This function uses a non-reentrant model


 *************** function _BusyADC *****************
 Defined at:
		line 26 in file "C:\Program Files (x86)\Microchip\xc8\v1.41\sources\pic18\plib\ADC\adcbusy.c"
 Parameters:    Size  Location     Type
		None
 Auto vars:     Size  Location     Type
		None
 Return value:  Size  Location     Type
                  1    wreg      unsigned char 
 Registers used:
		wreg
 Tracked objects:
		On entry : 
		On exit  : 
		Unchanged: 
 Data sizes:     COMRAM   BANK0   BANK1   BANK2   BANK3   BANK4   BANK5   BANK6   BANK7
      Params:         0       0       0       0       0       0       0       0       0
      Locals:         0       0       0       0       0       0       0       0       0
      Temps:          0       0       0       0       0       0       0       0       0
      Totals:         0       0       0       0       0       0       0       0       0
Total ram usage:        0 bytes
 Hardware stack levels used:    1
 Hardware stack levels required when called:    1
 This function calls:
		Nothing
 This function is called by:
		_convert
 This function uses a non-reentrant model


 *************** function _checa_botao *****************
 Defined at:
		line 81 in file "display_LCD.c"
 Parameters:    Size  Location     Type
  Relogio         2   18[COMRAM] PTR struct .
		 -> Relogio(6), 
  Despertador     2   20[COMRAM] PTR struct .
		 -> Despertador(6), 
  Calendario      2   22[COMRAM] PTR struct .
		 -> Calendario(6), 
 Auto vars:     Size  Location     Type
		None
 Return value:  Size  Location     Type
                  1    wreg      void 
 Registers used:
		wreg, fsr2l, fsr2h, status,2, status,0, cstack
 Tracked objects:
		On entry : 
		On exit  : 
		Unchanged: 
 Data sizes:     COMRAM   BANK0   BANK1   BANK2   BANK3   BANK4   BANK5   BANK6   BANK7
      Params:         6       0       0       0       0       0       0       0       0
      Locals:         0       0       0       0       0       0       0       0       0
      Temps:          4       0       0       0       0       0       0       0       0
      Totals:        10       0       0       0       0       0       0       0       0
Total ram usage:       10 bytes
 Hardware stack levels used:    1
 Hardware stack levels required when called:    2
 This function calls:
		_controla_despertador
 This function is called by:
		_main
 This function uses a non-reentrant model


 *************** function _controla_despertador *****************
 Defined at:
		line 61 in file "relogio.c"
 Parameters:    Size  Location     Type
  Despertador     2   14[COMRAM] PTR struct .
		 -> Despertador(6), 
 Auto vars:     Size  Location     Type
		None
 Return value:  Size  Location     Type
                  1    wreg      void 
 Registers used:
		wreg, fsr2l, fsr2h, status,2, status,0
 Tracked objects:
		On entry : 
		On exit  : 
		Unchanged: 
 Data sizes:     COMRAM   BANK0   BANK1   BANK2   BANK3   BANK4   BANK5   BANK6   BANK7
      Params:         2       0       0       0       0       0       0       0       0
      Locals:         0       0       0       0       0       0       0       0       0
      Temps:          2       0       0       0       0       0       0       0       0
      Totals:         4       0       0       0       0       0       0       0       0
Total ram usage:        4 bytes
 Hardware stack levels used:    1
 Hardware stack levels required when called:    1
 This function calls:
		Nothing
 This function is called by:
		_checa_botao
 This function uses a non-reentrant model


 *************** function _pic_isr *****************
 Defined at:
		line 128 in file "exercicio_PIC_LCD_AD.c"
 Parameters:    Size  Location     Type
		None
 Auto vars:     Size  Location     Type
		None
 Return value:  Size  Location     Type
                  1    wreg      void 
 Registers used:
		wreg, status,2, status,0
 Tracked objects:
		On entry : 
		On exit  : 
		Unchanged: 
 Data sizes:     COMRAM   BANK0   BANK1   BANK2   BANK3   BANK4   BANK5   BANK6   BANK7
      Params:         0       0       0       0       0       0       0       0       0
      Locals:         0       0       0       0       0       0       0       0       0
      Temps:         14       0       0       0       0       0       0       0       0
      Totals:        14       0       0       0       0       0       0       0       0
Total ram usage:       14 bytes
 Hardware stack levels used:    1
 This function calls:
		Nothing
 This function is called by:
		Interrupt level 2
 This function uses a non-reentrant model



MODULE INFORMATION

Module		Function		Class		Link	Load	Size
C:\Program Files (x86)\Microchip\xc8\v1.41\sources\common\lwdiv.c
		___lwdiv       		CODE           	2B90	0000	83

C:\Program Files (x86)\Microchip\xc8\v1.41\sources\common\lwdiv.c estimated size: 83

C:\Program Files (x86)\Microchip\xc8\v1.41\sources\common\awdiv.c
		___awdiv       		CODE           	28FE	0000	133

C:\Program Files (x86)\Microchip\xc8\v1.41\sources\common\awdiv.c estimated size: 133

C:\Program Files (x86)\Microchip\xc8\v1.41\sources\pic18\d10tcyx.c
		_Delay10TCYx   		CODE           	2DDC	0000	17

C:\Program Files (x86)\Microchip\xc8\v1.41\sources\pic18\d10tcyx.c estimated size: 17

C:\Program Files (x86)\Microchip\xc8\v1.41\sources\common\doprnt.c
		_sprintf       		CODE           	1D68	0000	329

C:\Program Files (x86)\Microchip\xc8\v1.41\sources\common\doprnt.c estimated size: 329

C:\Program Files (x86)\Microchip\xc8\v1.41\sources\pic18\plib\ADC\adcconv.c
		_ConvertADC    		CODE           	2E24	0000	5

C:\Program Files (x86)\Microchip\xc8\v1.41\sources\pic18\plib\ADC\adcconv.c estimated size: 5

C:\Program Files (x86)\Microchip\xc8\v1.41\sources\pic18\plib\XLCD\openxlcd.c
		_OpenXLCD      		CODE           	272E	0000	165

C:\Program Files (x86)\Microchip\xc8\v1.41\sources\pic18\plib\XLCD\openxlcd.c estimated size: 165

C:\Program Files (x86)\Microchip\xc8\v1.41\sources\pic18\plib\XLCD\wcmdxlcd.c
		_WriteCmdXLCD  		CODE           	2C6A	0000	63

C:\Program Files (x86)\Microchip\xc8\v1.41\sources\pic18\plib\XLCD\wcmdxlcd.c estimated size: 63

C:\Program Files (x86)\Microchip\xc8\v1.41\sources\common\fttol.c
		___fttol       		CODE           	2122	0000	245

C:\Program Files (x86)\Microchip\xc8\v1.41\sources\common\fttol.c estimated size: 245

C:\Program Files (x86)\Microchip\xc8\v1.41\sources\pic18\plib\XLCD\busyxlcd.c
		_BusyXLCD      		CODE           	2CE6	0000	59

C:\Program Files (x86)\Microchip\xc8\v1.41\sources\pic18\plib\XLCD\busyxlcd.c estimated size: 59

C:\Program Files (x86)\Microchip\xc8\v1.41\sources\pic18\plib\ADC\adcsetch.c
		_SetChanADC    		CODE           	2DB6	0000	23

C:\Program Files (x86)\Microchip\xc8\v1.41\sources\pic18\plib\ADC\adcsetch.c estimated size: 23

C:\Program Files (x86)\Microchip\xc8\v1.41\sources\common\ftadd.c
		___ftadd       		CODE           	1A18	0000	429

C:\Program Files (x86)\Microchip\xc8\v1.41\sources\common\ftadd.c estimated size: 429

ad.c
		_init_ADC      		CODE           	2DEC	0000	15
		_convert_float_to_char		CODE           	23FC	0000	239
		_convert       		CODE           	27D2	0000	157

ad.c estimated size: 411

C:\Program Files (x86)\Microchip\xc8\v1.41\sources\common\ftge.c
		___ftge        		CODE           	286E	0000	145

C:\Program Files (x86)\Microchip\xc8\v1.41\sources\common\ftge.c estimated size: 145

C:\Program Files (x86)\Microchip\xc8\v1.41\sources\pic18\d1ktcyx.c
		_Delay1KTCYx   		CODE           	2DCC	0000	17

C:\Program Files (x86)\Microchip\xc8\v1.41\sources\pic18\d1ktcyx.c estimated size: 17

C:\Program Files (x86)\Microchip\xc8\v1.41\sources\common\ftneg.c
		___ftneg       		CODE           	2D20	0000	37

C:\Program Files (x86)\Microchip\xc8\v1.41\sources\common\ftneg.c estimated size: 37

C:\Program Files (x86)\Microchip\xc8\v1.41\sources\common\float.c
		___ftpack      		CODE           	2680	0000	175

C:\Program Files (x86)\Microchip\xc8\v1.41\sources\common\float.c estimated size: 175

C:\Program Files (x86)\Microchip\xc8\v1.41\sources\pic18\plib\ADC\adcbusy.c
		_BusyADC       		CODE           	2E08	0000	13

C:\Program Files (x86)\Microchip\xc8\v1.41\sources\pic18\plib\ADC\adcbusy.c estimated size: 13

shared
		_dpowers       		SMALLCONST     	0801	0000	11
		__initialization		CODE           	2BE2	0000	57

shared estimated size: 68

C:\Program Files (x86)\Microchip\xc8\v1.41\sources\common\lwmod.c
		___lwmod       		CODE           	2C28	0000	67

C:\Program Files (x86)\Microchip\xc8\v1.41\sources\common\lwmod.c estimated size: 67

C:\Program Files (x86)\Microchip\xc8\v1.41\sources\common\awmod.c
		___awmod       		CODE           	2A72	0000	113

C:\Program Files (x86)\Microchip\xc8\v1.41\sources\common\awmod.c estimated size: 113

C:\Program Files (x86)\Microchip\xc8\v1.41\sources\common\altoft.c
		___altoft      		CODE           	29FA	0000	121

C:\Program Files (x86)\Microchip\xc8\v1.41\sources\common\altoft.c estimated size: 121

exercicio_PIC_LCD_AD.c
		_pic_isr       		CODE           	0008	0000	183
		_main          		CODE           	1BC4	0000	421

exercicio_PIC_LCD_AD.c estimated size: 604

C:\Program Files (x86)\Microchip\xc8\v1.41\sources\pic18\plib\XLCD\writdata.c
		_WriteDataXLCD 		CODE           	2CA8	0000	63

C:\Program Files (x86)\Microchip\xc8\v1.41\sources\pic18\plib\XLCD\writdata.c estimated size: 63

C:\Program Files (x86)\Microchip\xc8\v1.41\sources\pic18\plib\XLCD\setddram.c
		_SetDDRamAddr  		CODE           	2B3E	0000	83

C:\Program Files (x86)\Microchip\xc8\v1.41\sources\pic18\plib\XLCD\setddram.c estimated size: 83

C:\Program Files (x86)\Microchip\xc8\v1.41\sources\pic18\d10ktcyx.c
		_Delay10KTCYx  		CODE           	2DA0	0000	23

C:\Program Files (x86)\Microchip\xc8\v1.41\sources\pic18\d10ktcyx.c estimated size: 23

C:\Program Files (x86)\Microchip\xc8\v1.41\sources\common\frexp.c
		_frexp         		CODE           	2982	0000	121

C:\Program Files (x86)\Microchip\xc8\v1.41\sources\common\frexp.c estimated size: 121

C:\Program Files (x86)\Microchip\xc8\v1.41\sources\common\floor.c
		_floor         		CODE           	230A	0000	243

C:\Program Files (x86)\Microchip\xc8\v1.41\sources\common\floor.c estimated size: 243

C:\Program Files (x86)\Microchip\xc8\v1.41\sources\common\ftmul.c
		___ftmul       		CODE           	2216	0000	245

C:\Program Files (x86)\Microchip\xc8\v1.41\sources\common\ftmul.c estimated size: 245

C:\Program Files (x86)\Microchip\xc8\v1.41\sources\common\lwtoft.c
		___lwtoft      		CODE           	2D44	0000	37

C:\Program Files (x86)\Microchip\xc8\v1.41\sources\common\lwtoft.c estimated size: 37

relogio.c
		_controla_despertador		CODE           	1EB0	0000	321
		_tratar_relogio		CODE           	16CA	0000	847

relogio.c estimated size: 1168

C:\Program Files (x86)\Microchip\xc8\v1.41\sources\common\ftdiv.c
		___ftdiv       		CODE           	24EA	0000	231

C:\Program Files (x86)\Microchip\xc8\v1.41\sources\common\ftdiv.c estimated size: 231

C:\Program Files (x86)\Microchip\xc8\v1.41\sources\pic18\plib\ADC\adcread.c
		_ReadADC       		CODE           	2DFA	0000	15

C:\Program Files (x86)\Microchip\xc8\v1.41\sources\pic18\plib\ADC\adcread.c estimated size: 15

display_LCD.c
		_checa_botao   		CODE           	0882	0000	1849
		_DelayFor18TCY 		CODE           	2E1C	0000	9
		_exibir_lcd    		CODE           	0FBA	0000	1809
		_pisca_cursor  		CODE           	1FF0	0000	307
		_DelayPORXLCD  		CODE           	2E14	0000	9
		_init_XLCD     		CODE           	2D68	0000	31

display_LCD.c estimated size: 4014

C:\Program Files (x86)\Microchip\xc8\v1.41\sources\pic18\plib\XLCD\putrxlcd.c
		_putrsXLCD     		CODE           	2AE2	0000	93

C:\Program Files (x86)\Microchip\xc8\v1.41\sources\pic18\plib\XLCD\putrxlcd.c estimated size: 93

