Microchip MPLAB XC8 Compiler V1.41 ()

Linker command line:

-W-3 --edf=C:\Program Files (x86)\Microchip\xc8\v1.41\dat\en_msgs.txt -cs \
  -h+dist/default/production\Trabalho_Final_SiRGII.X.production.sym \
  --cmf=dist/default/production\Trabalho_Final_SiRGII.X.production.cmf -z \
  -Q18F4550 -oC:\Users\Windows\AppData\Local\Temp\s6dg.2 \
  -Mdist/default/production/Trabalho_Final_SiRGII.X.production.map -E1 \
  -ver=XC8 -ASTACK=0B6h-07ffh -pstack=STACK -ACODE=00h-07FFFh \
  -ACONST=00h-07FFFh -ASMALLCONST=0800h-08FFhx120 \
  -AMEDIUMCONST=0800h-07FFFh -ACOMRAM=01h-05Fh -AABS1=00h-07FFh \
  -ABIGRAM=01h-07FFh -ARAM=060h-0FFh,0100h-01FFhx7 -ABANK0=060h-0FFh \
  -ABANK1=0100h-01FFh -ABANK2=0200h-02FFh -ABANK3=0300h-03FFh \
  -ABANK4=0400h-04FFh -ABANK5=0500h-05FFh -ABANK6=0600h-06FFh \
  -ABANK7=0700h-07FFh -ASFR=0F60h-0FFFh \
  -preset_vec=00h,intcode=08h,intcodelo,powerup,init -pramtop=0800h \
  -psmallconst=SMALLCONST -pmediumconst=MEDIUMCONST -pconst=CONST \
  -AFARRAM=00h-00h -ACONFIG=0300000h-030000Dh -pconfig=CONFIG \
  -AIDLOC=0200000h-0200007h -pidloc=IDLOC -AEEDATA=0F00000h-0F000FFh \
  -peeprom_data=EEDATA \
  -prdata=COMRAM,nvrram=COMRAM,nvbit=COMRAM,rbss=COMRAM,rbit=COMRAM \
  -pfarbss=FARRAM,fardata=FARRAM,nvFARRAM=FARRAM \
  -pintsave_regs=BIGRAM,bigbss=BIGRAM,bigdata=BIGRAM -pbss=RAM \
  -pidata=CODE,irdata=CODE,ibigdata=CODE,ifardata=CODE -prparam=COMRAM \
  C:\Users\Windows\AppData\Local\Temp\s6dg.obj \
  dist/default/production\Trabalho_Final_SiRGII.X.production.obj 

Object code version is 3.11

Machine type is 18F4550

Call graph: (short form)




                Name                               Link     Load   Length Selector   Space Scale
C:\Users\Windows\AppData\Local\Temp\s6dg.obj
                init                                  E        E        4        4       0
                reset_vec                             0        0        4        0       0
                idloc                            200000   200000        8   200000       0
                config                           300000   300000        E   300000       0
dist/default/production\Trabalho_Final_SiRGII.X.production.obj
                intcode                               8        8        6        4       0
                temp                                 51       51        1        1       1
                smallconst                          800      800       72      400       0
                intcode_body                       171A     171A       EE      439       0
                text53                             18EE     18EE       AE      439       0
                text52                             2184     2184       38      439       0
                text51                              A84      A84      1FE      439       0
                text50                             1808     1808       E6      439       0
                text49                             1356     1356       F4      439       0
                text48                             1D64     1D64       72      439       0
                text47                             1AE2     1AE2       90      439       0
                text46                             1262     1262       F4      439       0
                text45                             1E46     1E46       58      439       0
                text44                              E58      E58      174      439       0
                text43                             234E     234E        C      439       0
                text42                             2374     2374        4      439       0
                text41                             2334     2334        E      439       0
                text40                             22E2     22E2       16      439       0
                text39                             1EF0     1EF0       52      439       0
                text38                             228A     228A       24      439       0
                text37                             1A40     1A40       A2      439       0
                text36                             1B72     1B72       84      439       0
                text35                             1DD6     1DD6       70      439       0
                text34                             2266     2266       24      439       0
                text33                             1CEC     1CEC       78      439       0
                text32                             1C74     1C74       78      439       0
                text31                             144A     144A       F2      439       0
                text30                             2016     2016       42      439       0
                text29                              C82      C82      1D6      439       0
                text28                             162C     162C       EE      439       0
                text27                             2308     2308       10      439       0
                text26                             2362     2362        8      439       0
                text25                             1E9E     1E9E       52      439       0
                text24                             20D4     20D4       3E      439       0
                text23                             2112     2112       3A      439       0
                text22                             2096     2096       3E      439       0
                text21                             21EE     21EE       2E      439       0
                text20                             1BF6     1BF6       7E      439       0
                text19                             236A     236A        6      439       0
                text18                              872      872      212      439       0
                text17                             2326     2326        E      439       0
                text16                             22CC     22CC       16      439       0
                text15                             22F8     22F8       10      439       0
                text14                             235A     235A        8      439       0
                text13                             199C     199C       A4      439       0
                text12                             22AE     22AE       1E      439       0
                text11                             2318     2318        E      439       0
                text10                             2242     2242       24      439       0
                text9                              21BC     21BC       32      439       0
                text8                              2342     2342        C      439       0
                text7                              1FD2     1FD2       44      439       0
                text6                              221C     221C       26      439       0
                text5                              111E     111E      144      439       0
                text4                              214C     214C       38      439       0
                text3                              2058     2058       3E      439       0
                text2                              1F42     1F42       4A      439       0
                text1                               FCC      FCC      152      439       0
                text0                              153C     153C       F0      439       0
                cstackCOMRAM                          1        1       42        1       1
                cstackBANK0                          92       92       24       60       1
                bssBANK0                             60       60       32       60       1
                dataCOMRAM                           4D       4D        4        1       1
                bssCOMRAM                            43       43        A        1       1
                cinit                              1F8C     1F8C       46      439       0
                idataCOMRAM                        2370     2370        4      439       0

TOTAL           Name                               Link     Load   Length     Space
        CLASS   STACK          

        CLASS   CODE           
                intcode                               8        8        6         0
                init                                  E        E        4         0
                reset_vec                             0        0        4         0
                intcode_body                       171A     171A       EE         0
                text53                             18EE     18EE       AE         0
                text52                             2184     2184       38         0
                text51                              A84      A84      1FE         0
                text50                             1808     1808       E6         0
                text49                             1356     1356       F4         0
                text48                             1D64     1D64       72         0
                text47                             1AE2     1AE2       90         0
                text46                             1262     1262       F4         0
                text45                             1E46     1E46       58         0
                text44                              E58      E58      174         0
                text43                             234E     234E        C         0
                text42                             2374     2374        4         0
                text41                             2334     2334        E         0
                text40                             22E2     22E2       16         0
                text39                             1EF0     1EF0       52         0
                text38                             228A     228A       24         0
                text37                             1A40     1A40       A2         0
                text36                             1B72     1B72       84         0
                text35                             1DD6     1DD6       70         0
                text34                             2266     2266       24         0
                text33                             1CEC     1CEC       78         0
                text32                             1C74     1C74       78         0
                text31                             144A     144A       F2         0
                text30                             2016     2016       42         0
                text29                              C82      C82      1D6         0
                text28                             162C     162C       EE         0
                text27                             2308     2308       10         0
                text26                             2362     2362        8         0
                text25                             1E9E     1E9E       52         0
                text24                             20D4     20D4       3E         0
                text23                             2112     2112       3A         0
                text22                             2096     2096       3E         0
                text21                             21EE     21EE       2E         0
                text20                             1BF6     1BF6       7E         0
                text19                             236A     236A        6         0
                text18                              872      872      212         0
                text17                             2326     2326        E         0
                text16                             22CC     22CC       16         0
                text15                             22F8     22F8       10         0
                text14                             235A     235A        8         0
                text13                             199C     199C       A4         0
                text12                             22AE     22AE       1E         0
                text11                             2318     2318        E         0
                text10                             2242     2242       24         0
                text9                              21BC     21BC       32         0
                text8                              2342     2342        C         0
                text7                              1FD2     1FD2       44         0
                text6                              221C     221C       26         0
                text5                              111E     111E      144         0
                text4                              214C     214C       38         0
                text3                              2058     2058       3E         0
                text2                              1F42     1F42       4A         0
                text1                               FCC      FCC      152         0
                text0                              153C     153C       F0         0
                cinit                              1F8C     1F8C       46         0
                idataCOMRAM                        2370     2370        4         0

        CLASS   CONST          

        CLASS   SMALLCONST     
                smallconst                          800      800       72         0

        CLASS   MEDIUMCONST    

        CLASS   COMRAM         
                temp                                 51       51        1         1
                cstackCOMRAM                          1        1       42         1
                dataCOMRAM                           4D       4D        4         1
                bssCOMRAM                            43       43        A         1

        CLASS   ABS1           

        CLASS   BIGRAM         

        CLASS   RAM            

        CLASS   BANK0          
                cstackBANK0                          92       92       24         1
                bssBANK0                             60       60       32         1

        CLASS   BANK1          

        CLASS   BANK2          

        CLASS   BANK3          

        CLASS   BANK4          

        CLASS   BANK5          

        CLASS   BANK6          

        CLASS   BANK7          

        CLASS   SFR            

        CLASS   FARRAM         

        CLASS   CONFIG         
                config                           300000   300000        E         0

        CLASS   IDLOC          
                idloc                            200000   200000        8         0

        CLASS   EEDATA         



SEGMENTS        Name                           Load    Length   Top    Selector   Space  Class

                reset_vec                      000000  000004  000004         0       0  CODE    
                cstackCOMRAM                   000001  000051  000052         1       1  COMRAM  
                intcode                        000008  00000A  000012         4       0  CODE    
                bssBANK0                       000060  000056  0000B6        60       1  BANK0   
                smallconst                     000800  000072  000872       400       0  SMALLCON
                text18                         000872  001B06  002378       439       0  CODE    
                idloc                          200000  000008  200008    200000       0  IDLOC   
                config                         300000  00000E  30000E    300000       0  CONFIG  


UNUSED ADDRESS RANGES

        Name                Unused          Largest block    Delta
        BANK0            0000B6-0000FF               4A
        BANK1            000100-0001FF              100
        BANK2            000200-0002FF              100
        BANK3            000300-0003FF              100
        BANK4            000400-0004FF              100
        BANK5            000500-0005FF              100
        BANK6            000600-0006FF              100
        BANK7            000700-0007FF              100
        BIGRAM           000052-00005F                E
                         0000B6-0007FF              74A
        CODE             000004-000007                4
                         000012-0007FF              7EE
                         002378-007FFF             5C88
        COMRAM           000052-00005F                E
        CONST            000004-000007                4
                         000012-0007FF              7EE
                         002378-007FFF             5C88
        EEDATA           F00000-F000FF              100
        MEDIUMCONST      002378-007FFF             5C88
        RAM              0000B6-0007FF              100
        SFR              000F60-000FFF               A0
        SMALLCONST       002378-007FFF              100
        STACK            0000B6-0007FF              74A

                                  Symbol Table

?_ReadADC                       cstackCOMRAM 00000F
?___altoft                      cstackCOMRAM 000038
?___awdiv                       cstackCOMRAM 000015
?___awmod                       cstackCOMRAM 00000F
?___awtoft                      cstackCOMRAM 000017
?___ftadd                       cstackCOMRAM 000038
?___ftdiv                       cstackCOMRAM 000029
?___ftmul                       cstackCOMRAM 00001A
?___ftneg                       cstackCOMRAM 00000F
?___ftpack                      cstackCOMRAM 00000F
?___fttol                       cstackCOMRAM 000029
?___lwdiv                       cstackCOMRAM 00000F
?___lwmod                       cstackCOMRAM 000016
?___lwtoft                      cstackCOMRAM 000017
?___wmul                        cstackCOMRAM 00000F
?_floor                         cstackBANK0  000095
?_sprintf                       cstackCOMRAM 00001B
Delay10KTCYx@unit               cstackCOMRAM 000010
Delay10TCYx@unit                cstackCOMRAM 00000F
Delay1KTCYx@unit                cstackCOMRAM 00000F
EEPROM_Read@address             cstackCOMRAM 00000F
EEPROM_Write@address            cstackCOMRAM 00000F
EEPROM_Write@data               cstackCOMRAM 000011
EEPROM_WriteString@address      cstackCOMRAM 000012
EEPROM_WriteString@data         cstackCOMRAM 000014
OpenXLCD@lcdtype                cstackCOMRAM 000014
SetChanADC@channel              cstackCOMRAM 000010
SetDDRamAddr@DDaddr             cstackCOMRAM 000013
USART_Init@baud_rate            cstackCOMRAM 000041
USART_Init@temp                 cstackBANK0  000095
USART_TransmitChar@out          cstackCOMRAM 00000F
WriteCmdXLCD@cmd                cstackCOMRAM 000010
WriteDataXLCD@data              cstackCOMRAM 000010
_ADCON0                         (abs)        000FC2
_ADCON0bits                     (abs)        000FC2
_ADCON1                         (abs)        000FC1
_ADCON2                         (abs)        000FC0
_ADCResult                      bssBANK0     00006C
_ADRESH                         (abs)        000FC4
_ADRESL                         (abs)        000FC3
_BUFF_COM                       bssCOMRAM    000043
_BUFF_RESP                      bssBANK0     000060
_BusyADC                        text43       00234E
_BusyXLCD                       text23       002112
_ConvertADC                     text42       002374
_Delay10KTCYx                   text16       0022CC
_Delay10TCYx                    text27       002308
_Delay1KTCYx                    text15       0022F8
_DelayFor18TCY                  text26       002362
_DelayPORXLCD                   text14       00235A
_EEADR                          (abs)        000FA9
_EECON1bits                     (abs)        000FA6
_EECON2                         (abs)        000FA7
_EEDATA                         (abs)        000FA8
_EEPROM_Read                    text11       002318
_EEPROM_Write                   text10       002242
_EEPROM_WriteString             text9        0021BC
_ESTADO_COMUNICACAO             bssBANK0     00006A
_INTCONbits                     (abs)        000FF2
_LATBbits                       (abs)        000F8A
_OSCCON                         (abs)        000FD3
_OpenXLCD                       text13       00199C
_PEIE                           (abs)        007F96
_PIR1bits                       (abs)        000F9E
_PIR2bits                       (abs)        000FA1
_PORTAbits                      (abs)        000F80
_PORTB                          (abs)        000F81
_PORTDbits                      (abs)        000F83
_RCIE                           (abs)        007CED
_RCIF                           (abs)        007CF5
_RCIP                           (abs)        007CFD
_RCREG                          (abs)        000FAE
_RCSTA                          (abs)        000FAB
_ReadADC                        text41       002334
_Relogio                        bssBANK0     00008C
_SPBRG                          (abs)        000FAF
_SetChanADC                     text40       0022E2
_SetDDRamAddr                   text25       001E9E
_T0CONbits                      (abs)        000FD5
_TMR0                           (abs)        000FD6
_TMR0IF                         (abs)        007F92
_TRISA                          (abs)        000F92
_TRISAbits                      (abs)        000F92
_TRISB                          (abs)        000F93
_TRISBbits                      (abs)        000F93
_TRISC6                         (abs)        007CA6
_TRISC7                         (abs)        007CA7
_TRISCbits                      (abs)        000F94
_TRISDbits                      (abs)        000F95
_TXIF                           (abs)        007CF4
_TXREG                          (abs)        000FAD
_TXSTA                          (abs)        000FAC
_USART_Init                     text48       001D64
_USART_TransmitChar             text8        002342
_WriteCmdXLCD                   text24       0020D4
_WriteDataXLCD                  text22       002096
__CFG_BOR$ON                    (abs)        000000
__CFG_BORV$3                    (abs)        000000
__CFG_CCP2MX$ON                 (abs)        000000
__CFG_CP0$OFF                   (abs)        000000
__CFG_CP1$OFF                   (abs)        000000
__CFG_CP2$OFF                   (abs)        000000
__CFG_CP3$OFF                   (abs)        000000
__CFG_CPB$OFF                   (abs)        000000
__CFG_CPD$OFF                   (abs)        000000
__CFG_EBTR0$OFF                 (abs)        000000
__CFG_EBTR1$OFF                 (abs)        000000
__CFG_EBTR2$OFF                 (abs)        000000
__CFG_EBTR3$OFF                 (abs)        000000
__CFG_EBTRB$OFF                 (abs)        000000
__CFG_FCMEN$OFF                 (abs)        000000
__CFG_FOSC$INTOSC_EC            (abs)        000000
__CFG_ICPRT$OFF                 (abs)        000000
__CFG_IESO$OFF                  (abs)        000000
__CFG_LPT1OSC$OFF               (abs)        000000
__CFG_LVP$OFF                   (abs)        000000
__CFG_MCLRE$OFF                 (abs)        000000
__CFG_PBADEN$ON                 (abs)        000000
__CFG_PWRT$OFF                  (abs)        000000
__CFG_STVREN$ON                 (abs)        000000
__CFG_VREGEN$OFF                (abs)        000000
__CFG_WDT$OFF                   (abs)        000000
__CFG_WDTPS$32768               (abs)        000000
__CFG_WRT0$OFF                  (abs)        000000
__CFG_WRT1$OFF                  (abs)        000000
__CFG_WRT2$OFF                  (abs)        000000
__CFG_WRT3$OFF                  (abs)        000000
__CFG_WRTB$OFF                  (abs)        000000
__CFG_WRTC$OFF                  (abs)        000000
__CFG_WRTD$OFF                  (abs)        000000
__CFG_XINST$OFF                 (abs)        000000
__HRAM                          (abs)        000000
__Habs1                         abs1         000000
__Hbank0                        bank0        000000
__Hbank1                        bank1        000000
__Hbank2                        bank2        000000
__Hbank3                        bank3        000000
__Hbank4                        bank4        000000
__Hbank5                        bank5        000000
__Hbank6                        bank6        000000
__Hbank7                        bank7        000000
__Hbigbss                       bigbss       000000
__Hbigdata                      bigdata      000000
__Hbigram                       bigram       000000
__Hbss                          bss          000000
__HbssBANK0                     bssBANK0     000000
__HbssCOMRAM                    bssCOMRAM    000000
__Hcinit                        cinit        000000
__Hclrtext                      clrtext      000000
__Hcomram                       comram       000000
__Hconfig                       config       30000E
__Hconst                        const        000000
__HcstackBANK0                  cstackBANK0  000000
__HcstackCOMRAM                 cstackCOMRAM 000000
__Hdata                         data         000000
__HdataCOMRAM                   dataCOMRAM   000000
__Heeprom_data                  eeprom_data  000000
__Hfarbss                       farbss       000000
__Hfardata                      fardata      000000
__Hibigdata                     ibigdata     000000
__Hidata                        idata        000000
__HidataCOMRAM                  idataCOMRAM  000000
__Hidloc                        idloc        200008
__Hifardata                     ifardata     000000
__Hinit                         init         000012
__Hintcode                      intcode      00000E
__Hintcode_body                 intcode_body 000000
__Hintcodelo                    intcodelo    00000E
__Hintentry                     intentry     000000
__Hintret                       intret       000000
__Hintsave_regs                 intsave_regs 000000
__Hirdata                       irdata       000000
__Hmediumconst                  mediumconst  000000
__HnvFARRAM                     nvFARRAM     000000
__Hnvbit                        nvbit        000000
__Hnvrram                       nvrram       000000
__Hparam                        rparam       000000
__Hpowerup                      powerup      00000E
__Hram                          ram          000000
__Hramtop                       ramtop       000800
__Hrbit                         rbit         000000
__Hrbss                         rbss         000000
__Hrdata                        rdata        000000
__Hreset_vec                    reset_vec    000004
__Hrparam                       rparam       000000
__Hsfr                          sfr          000000
__Hsmallconst                   smallconst   000872
__Hspace_0                      (abs)        30000E
__Hspace_1                      (abs)        0000B6
__Hspace_2                      (abs)        000000
__Hstack                        stack        000000
__Hstruct                       struct       000000
__Htemp                         temp         000052
__Htext                         text         000000
__Htext0                        text0        000000
__Htext1                        text1        000000
__Htext10                       text10       000000
__Htext11                       text11       000000
__Htext12                       text12       000000
__Htext13                       text13       000000
__Htext14                       text14       000000
__Htext15                       text15       000000
__Htext16                       text16       000000
__Htext17                       text17       000000
__Htext18                       text18       000000
__Htext19                       text19       000000
__Htext2                        text2        000000
__Htext20                       text20       000000
__Htext21                       text21       000000
__Htext22                       text22       000000
__Htext23                       text23       000000
__Htext24                       text24       000000
__Htext25                       text25       000000
__Htext26                       text26       000000
__Htext27                       text27       000000
__Htext28                       text28       000000
__Htext29                       text29       000000
__Htext3                        text3        000000
__Htext30                       text30       000000
__Htext31                       text31       000000
__Htext32                       text32       000000
__Htext33                       text33       000000
__Htext34                       text34       000000
__Htext35                       text35       000000
__Htext36                       text36       000000
__Htext37                       text37       000000
__Htext38                       text38       000000
__Htext39                       text39       000000
__Htext4                        text4        000000
__Htext40                       text40       000000
__Htext41                       text41       000000
__Htext42                       text42       000000
__Htext43                       text43       000000
__Htext44                       text44       000000
__Htext45                       text45       000000
__Htext46                       text46       000000
__Htext47                       text47       000000
__Htext48                       text48       000000
__Htext49                       text49       000000
__Htext5                        text5        000000
__Htext50                       text50       000000
__Htext51                       text51       000000
__Htext52                       text52       000000
__Htext53                       text53       000000
__Htext6                        text6        000000
__Htext7                        text7        000000
__Htext8                        text8        000000
__Htext9                        text9        000000
__LRAM                          (abs)        000001
__Labs1                         abs1         000000
__Lbank0                        bank0        000000
__Lbank1                        bank1        000000
__Lbank2                        bank2        000000
__Lbank3                        bank3        000000
__Lbank4                        bank4        000000
__Lbank5                        bank5        000000
__Lbank6                        bank6        000000
__Lbank7                        bank7        000000
__Lbigbss                       bigbss       000000
__Lbigdata                      bigdata      000000
__Lbigram                       bigram       000000
__Lbss                          bss          000000
__LbssBANK0                     bssBANK0     000000
__LbssCOMRAM                    bssCOMRAM    000000
__Lcinit                        cinit        000000
__Lclrtext                      clrtext      000000
__Lcomram                       comram       000000
__Lconfig                       config       300000
__Lconst                        const        000000
__LcstackBANK0                  cstackBANK0  000000
__LcstackCOMRAM                 cstackCOMRAM 000000
__Ldata                         data         000000
__LdataCOMRAM                   dataCOMRAM   000000
__Leeprom_data                  eeprom_data  000000
__Lfarbss                       farbss       000000
__Lfardata                      fardata      000000
__Libigdata                     ibigdata     000000
__Lidata                        idata        000000
__LidataCOMRAM                  idataCOMRAM  000000
__Lidloc                        idloc        200000
__Lifardata                     ifardata     000000
__Linit                         init         00000E
__Lintcode                      intcode      000008
__Lintcode_body                 intcode_body 000000
__Lintcodelo                    intcodelo    00000E
__Lintentry                     intentry     000000
__Lintret                       intret       000000
__Lintsave_regs                 intsave_regs 000000
__Lirdata                       irdata       000000
__Lmediumconst                  mediumconst  000000
__LnvFARRAM                     nvFARRAM     000000
__Lnvbit                        nvbit        000000
__Lnvrram                       nvrram       000000
__Lparam                        rparam       000000
__Lpowerup                      powerup      00000E
__Lram                          ram          000000
__Lramtop                       ramtop       000800
__Lrbit                         rbit         000000
__Lrbss                         rbss         000000
__Lrdata                        rdata        000000
__Lreset_vec                    reset_vec    000000
__Lrparam                       rparam       000000
__Lsfr                          sfr          000000
__Lsmallconst                   smallconst   000800
__Lspace_0                      (abs)        000000
__Lspace_1                      (abs)        000000
__Lspace_2                      (abs)        000000
__Lstack                        stack        000000
__Lstruct                       struct       000000
__Ltemp                         temp         000051
__Ltext                         text         000000
__Ltext0                        text0        000000
__Ltext1                        text1        000000
__Ltext10                       text10       000000
__Ltext11                       text11       000000
__Ltext12                       text12       000000
__Ltext13                       text13       000000
__Ltext14                       text14       000000
__Ltext15                       text15       000000
__Ltext16                       text16       000000
__Ltext17                       text17       000000
__Ltext18                       text18       000000
__Ltext19                       text19       000000
__Ltext2                        text2        000000
__Ltext20                       text20       000000
__Ltext21                       text21       000000
__Ltext22                       text22       000000
__Ltext23                       text23       000000
__Ltext24                       text24       000000
__Ltext25                       text25       000000
__Ltext26                       text26       000000
__Ltext27                       text27       000000
__Ltext28                       text28       000000
__Ltext29                       text29       000000
__Ltext3                        text3        000000
__Ltext30                       text30       000000
__Ltext31                       text31       000000
__Ltext32                       text32       000000
__Ltext33                       text33       000000
__Ltext34                       text34       000000
__Ltext35                       text35       000000
__Ltext36                       text36       000000
__Ltext37                       text37       000000
__Ltext38                       text38       000000
__Ltext39                       text39       000000
__Ltext4                        text4        000000
__Ltext40                       text40       000000
__Ltext41                       text41       000000
__Ltext42                       text42       000000
__Ltext43                       text43       000000
__Ltext44                       text44       000000
__Ltext45                       text45       000000
__Ltext46                       text46       000000
__Ltext47                       text47       000000
__Ltext48                       text48       000000
__Ltext49                       text49       000000
__Ltext5                        text5        000000
__Ltext50                       text50       000000
__Ltext51                       text51       000000
__Ltext52                       text52       000000
__Ltext53                       text53       000000
__Ltext6                        text6        000000
__Ltext7                        text7        000000
__Ltext8                        text8        000000
__Ltext9                        text9        000000
__S0                            (abs)        30000E
__S1                            (abs)        0000B6
__S2                            (abs)        000000
___altoft                       text33       001CEC
___altoft@c                     cstackCOMRAM 000038
___altoft@exp                   cstackCOMRAM 000040
___altoft@sign                  cstackCOMRAM 000041
___awdiv                        text36       001B72
___awdiv@counter                cstackCOMRAM 000019
___awdiv@dividend               cstackCOMRAM 000015
___awdiv@divisor                cstackCOMRAM 000017
___awdiv@quotient               cstackCOMRAM 00001B
___awdiv@sign                   cstackCOMRAM 00001A
___awmod                        text35       001DD6
___awmod@counter                cstackCOMRAM 000013
___awmod@dividend               cstackCOMRAM 00000F
___awmod@divisor                cstackCOMRAM 000011
___awmod@sign                   cstackCOMRAM 000014
___awtoft                       text52       002184
___awtoft@c                     cstackCOMRAM 000017
___awtoft@sign                  cstackCOMRAM 00001A
___ftadd                        text51       000A84
___ftadd@exp1                   cstackBANK0  000094
___ftadd@exp2                   cstackBANK0  000093
___ftadd@f1                     cstackCOMRAM 000038
___ftadd@f2                     cstackCOMRAM 00003B
___ftadd@sign                   cstackBANK0  000092
___ftdiv                        text50       001808
___ftdiv@cntr                   cstackCOMRAM 000032
___ftdiv@exp                    cstackCOMRAM 000036
___ftdiv@f1                     cstackCOMRAM 000029
___ftdiv@f2                     cstackCOMRAM 00002C
___ftdiv@f3                     cstackCOMRAM 000033
___ftdiv@sign                   cstackCOMRAM 000037
___ftge                         text47       001AE2
___ftge@ff1                     cstackCOMRAM 000029
___ftge@ff2                     cstackCOMRAM 00002C
___ftmul                        text46       001262
___ftmul@cntr                   cstackCOMRAM 000027
___ftmul@exp                    cstackCOMRAM 000023
___ftmul@f1                     cstackCOMRAM 00001A
___ftmul@f2                     cstackCOMRAM 00001D
___ftmul@f3_as_product          cstackCOMRAM 000024
___ftmul@sign                   cstackCOMRAM 000028
___ftneg                        text34       002266
___ftneg@f1                     cstackCOMRAM 00000F
___ftpack                       text53       0018EE
___ftpack@arg                   cstackCOMRAM 00000F
___ftpack@exp                   cstackCOMRAM 000012
___ftpack@sign                  cstackCOMRAM 000013
___fttol                        text49       001356
___fttol@exp1                   cstackCOMRAM 000037
___fttol@f1                     cstackCOMRAM 000029
___fttol@lval                   cstackCOMRAM 000033
___fttol@sign1                  cstackCOMRAM 000032
___inthi_sp                     stack        000000
___intlo_sp                     stack        000000
___lwdiv                        text39       001EF0
___lwdiv@counter                cstackCOMRAM 000015
___lwdiv@dividend               cstackCOMRAM 00000F
___lwdiv@divisor                cstackCOMRAM 000011
___lwdiv@quotient               cstackCOMRAM 000013
___lwmod                        text30       002016
___lwmod@counter                cstackCOMRAM 00001A
___lwmod@dividend               cstackCOMRAM 000016
___lwmod@divisor                cstackCOMRAM 000018
___lwtoft                       text38       00228A
___lwtoft@c                     cstackCOMRAM 000017
___param_bank                   (abs)        000000
___rparam_used                  (abs)        000001
___sp                           stack        000000
___wmul                         text6        00221C
___wmul@multiplicand            cstackCOMRAM 000011
___wmul@multiplier              cstackCOMRAM 00000F
___wmul@product                 cstackCOMRAM 000013
__accesstop                     (abs)        000060
__activetblptr                  (abs)        000002
__end_of_BusyADC                text43       00235A
__end_of_BusyXLCD               text23       00214C
__end_of_ConvertADC             text42       002378
__end_of_Delay10KTCYx           text16       0022E2
__end_of_Delay10TCYx            text27       002318
__end_of_Delay1KTCYx            text15       002308
__end_of_DelayFor18TCY          text26       00236A
__end_of_DelayPORXLCD           text14       002362
__end_of_EEPROM_Read            text11       002326
__end_of_EEPROM_Write           text10       002266
__end_of_EEPROM_WriteString     text9        0021EE
__end_of_OpenXLCD               text13       001A40
__end_of_ReadADC                text41       002342
__end_of_SetChanADC             text40       0022F8
__end_of_SetDDRamAddr           text25       001EF0
__end_of_USART_Init             text48       001DD6
__end_of_USART_TransmitChar     text8        00234E
__end_of_WriteCmdXLCD           text24       002112
__end_of_WriteDataXLCD          text22       0020D4
__end_of___altoft               text33       001D64
__end_of___awdiv                text36       001BF6
__end_of___awmod                text35       001E46
__end_of___awtoft               text52       0021BC
__end_of___ftadd                text51       000C82
__end_of___ftdiv                text50       0018EE
__end_of___ftge                 text47       001B72
__end_of___ftmul                text46       001356
__end_of___ftneg                text34       00228A
__end_of___ftpack               text53       00199C
__end_of___fttol                text49       00144A
__end_of___lwdiv                text39       001F42
__end_of___lwmod                text30       002058
__end_of___lwtoft               text38       0022AE
__end_of___wmul                 text6        002242
__end_of__initialization        cinit        001FC4
__end_of_ativa_atuadores        text45       001E9E
__end_of_checa_botao            text44       000FCC
__end_of_convert                text37       001AE2
__end_of_convert_float_to_char  text28       00171A
__end_of_dpowers                smallconst   00080B
__end_of_exibir_lcd             text18       000A84
__end_of_floor                  text31       00153C
__end_of_frexp                  text32       001CEC
__end_of_gambiarra              text19       002370
__end_of_gambiarra_pro_serial   text20       001C74
__end_of_init_ADC               text17       002334
__end_of_init_XLCD              text12       0022CC
__end_of_io_eeprom              text7        002016
__end_of_main                   text0        00162C
__end_of_maquina_estado         text3        002096
__end_of_pic_isr                intcode_body 001808
__end_of_pisca_cursor           text2        001F8C
__end_of_putrsXLCD              text21       00221C
__end_of_sprintf                text29       000E58
__end_of_trata_comando          text5        001262
__end_of_tratar_relogio         text1        00111E
__end_of_tx_data                text4        002184
__initialization                cinit        001F8C
__mediumconst                   mediumconst  000000
__pbssBANK0                     bssBANK0     000060
__pbssCOMRAM                    bssCOMRAM    000043
__pcinit                        cinit        001F8C
__pcstackBANK0                  cstackBANK0  000092
__pcstackCOMRAM                 cstackCOMRAM 000001
__pdataCOMRAM                   dataCOMRAM   00004D
__pidataCOMRAM                  idataCOMRAM  002370
__pintcode                      intcode      000008
__pintcode_body                 intcode_body 00171A
__psmallconst                   smallconst   000800
__ptext0                        text0        00153C
__ptext1                        text1        000FCC
__ptext10                       text10       002242
__ptext11                       text11       002318
__ptext12                       text12       0022AE
__ptext13                       text13       00199C
__ptext14                       text14       00235A
__ptext15                       text15       0022F8
__ptext16                       text16       0022CC
__ptext17                       text17       002326
__ptext18                       text18       000872
__ptext19                       text19       00236A
__ptext2                        text2        001F42
__ptext20                       text20       001BF6
__ptext21                       text21       0021EE
__ptext22                       text22       002096
__ptext23                       text23       002112
__ptext24                       text24       0020D4
__ptext25                       text25       001E9E
__ptext26                       text26       002362
__ptext27                       text27       002308
__ptext28                       text28       00162C
__ptext29                       text29       000C82
__ptext3                        text3        002058
__ptext30                       text30       002016
__ptext31                       text31       00144A
__ptext32                       text32       001C74
__ptext33                       text33       001CEC
__ptext34                       text34       002266
__ptext35                       text35       001DD6
__ptext36                       text36       001B72
__ptext37                       text37       001A40
__ptext38                       text38       00228A
__ptext39                       text39       001EF0
__ptext4                        text4        00214C
__ptext40                       text40       0022E2
__ptext41                       text41       002334
__ptext42                       text42       002374
__ptext43                       text43       00234E
__ptext44                       text44       000E58
__ptext45                       text45       001E46
__ptext46                       text46       001262
__ptext47                       text47       001AE2
__ptext48                       text48       001D64
__ptext49                       text49       001356
__ptext5                        text5        00111E
__ptext50                       text50       001808
__ptext51                       text51       000A84
__ptext52                       text52       002184
__ptext53                       text53       0018EE
__ptext6                        text6        00221C
__ptext7                        text7        001FD2
__ptext8                        text8        002342
__ptext9                        text9        0021BC
__ramtop                        ramtop       000800
__size_of_BusyADC               (abs)        000000
__size_of_BusyXLCD              (abs)        000000
__size_of_ConvertADC            (abs)        000000
__size_of_Delay10KTCYx          (abs)        000000
__size_of_Delay10TCYx           (abs)        000000
__size_of_Delay1KTCYx           (abs)        000000
__size_of_DelayFor18TCY         (abs)        000000
__size_of_DelayPORXLCD          (abs)        000000
__size_of_EEPROM_Read           (abs)        000000
__size_of_EEPROM_Write          (abs)        000000
__size_of_EEPROM_WriteString    (abs)        000000
__size_of_OpenXLCD              (abs)        000000
__size_of_ReadADC               (abs)        000000
__size_of_SetChanADC            (abs)        000000
__size_of_SetDDRamAddr          (abs)        000000
__size_of_USART_Init            (abs)        000000
__size_of_USART_TransmitChar    (abs)        000000
__size_of_WriteCmdXLCD          (abs)        000000
__size_of_WriteDataXLCD         (abs)        000000
__size_of___altoft              (abs)        000000
__size_of___awdiv               (abs)        000000
__size_of___awmod               (abs)        000000
__size_of___awtoft              (abs)        000000
__size_of___ftadd               (abs)        000000
__size_of___ftdiv               (abs)        000000
__size_of___ftge                (abs)        000000
__size_of___ftmul               (abs)        000000
__size_of___ftneg               (abs)        000000
__size_of___ftpack              (abs)        000000
__size_of___fttol               (abs)        000000
__size_of___lwdiv               (abs)        000000
__size_of___lwmod               (abs)        000000
__size_of___lwtoft              (abs)        000000
__size_of___wmul                (abs)        000000
__size_of_ativa_atuadores       (abs)        000000
__size_of_checa_botao           (abs)        000000
__size_of_convert               (abs)        000000
__size_of_convert_float_to_char (abs)        000000
__size_of_exibir_lcd            (abs)        000000
__size_of_floor                 (abs)        000000
__size_of_frexp                 (abs)        000000
__size_of_gambiarra             (abs)        000000
__size_of_gambiarra_pro_serial  (abs)        000000
__size_of_init_ADC              (abs)        000000
__size_of_init_XLCD             (abs)        000000
__size_of_io_eeprom             (abs)        000000
__size_of_main                  (abs)        000000
__size_of_maquina_estado        (abs)        000000
__size_of_pic_isr               (abs)        000000
__size_of_pisca_cursor          (abs)        000000
__size_of_putrsXLCD             (abs)        000000
__size_of_sprintf               (abs)        000000
__size_of_trata_comando         (abs)        000000
__size_of_tratar_relogio        (abs)        000000
__size_of_tx_data               (abs)        000000
__smallconst                    smallconst   000800
_ativa_atuadores                text45       001E46
_checa_botao                    text44       000E58
_contador                       bssBANK0     00006E
_convert                        text37       001A40
_convert_float_to_char          text28       00162C
_cursor                         bssCOMRAM    000048
_dpowers                        smallconst   000801
_errno                          bssBANK0     000066
_exibir_lcd                     text18       000872
_flag_time                      bssCOMRAM    00004C
_floor                          text31       00144A
_frexp                          text32       001C74
_gambiarra                      text19       00236A
_gambiarra_pro_serial           text20       001BF6
_init_ADC                       text17       002326
_init_XLCD                      text12       0022AE
_io_eeprom                      text7        001FD2
_main                           text0        00153C
_maquina_estado                 text3        002058
_numero_entrada_terminal        bssCOMRAM    000046
_pic_isr                        intcode      000008
_pisca_cursor                   text2        001F42
_putrsXLCD                      text21       0021EE
_serial_data                    bssCOMRAM    00004B
_sprintf                        text29       000C82
_str                            bssBANK0     000072
_string_gravar                  bssCOMRAM    00004A
_tela_exibida                   bssBANK0     000070
_temperatura_display            bssBANK0     000082
_temperatura_maxima             dataCOMRAM   00004D
_temperatura_minima             dataCOMRAM   00004F
_tempo_eeprom                   bssBANK0     000068
_trata_comando                  text5        00111E
_tratar_relogio                 text1        000FCC
_tx_data                        text4        00214C
_valor_tensao                   bssBANK0     000063
btemp                           temp         000051
convert@i                       cstackCOMRAM 000038
convert_float_to_char@f1        cstackBANK0  0000A7
convert_float_to_char@f2        cstackBANK0  0000A4
convert_float_to_char@i1        cstackBANK0  0000A0
convert_float_to_char@i2        cstackBANK0  0000A2
convert_float_to_char@valor     cstackBANK0  00009D
end_of_initialization           cinit        001FC4
exibir_lcd@a                    cstackBANK0  0000AC
exibir_lcd@b                    cstackBANK0  0000AE
exibir_lcd@c                    cstackBANK0  0000B0
exibir_lcd@d                    cstackBANK0  0000B2
floor@expon                     cstackBANK0  00009B
floor@i                         cstackBANK0  000098
floor@x                         cstackBANK0  000095
frexp@eptr                      cstackCOMRAM 000012
frexp@value                     cstackCOMRAM 00000F
int$flags                       temp         000051
int_func                        intcode_body 00171A
intlevel0                       text         000000
intlevel1                       text         000000
intlevel2                       text         000000
intlevel3                       text         000000
io_eeprom@Data_read             cstackCOMRAM 00001A
io_eeprom@e                     cstackCOMRAM 000018
putrsXLCD@buffer                cstackCOMRAM 000011
sprintf@ap                      cstackCOMRAM 00002A
sprintf@c                       cstackCOMRAM 000030
sprintf@cp                      cstackCOMRAM 00002C
sprintf@f                       cstackCOMRAM 00001D
sprintf@flag                    cstackCOMRAM 000028
sprintf@prec                    cstackCOMRAM 000029
sprintf@sp                      cstackCOMRAM 00001B
sprintf@val                     cstackCOMRAM 00002E
stackhi                         (abs)        0007FF
stacklo                         (abs)        0000B6
start                           init         00000E
start_initialization            cinit        001F8C
tratar_relogio@Relogio          cstackCOMRAM 00000F
tx_data@cont                    cstackCOMRAM 00000F


FUNCTION INFORMATION:

 *************** function _main *****************
 Defined at:
		line 23 in file "Trabalho_Final_SiRGII.c"
 Parameters:    Size  Location     Type
		None
 Auto vars:     Size  Location     Type
		None
 Return value:  Size  Location     Type
                  1    wreg      void 
 Registers used:
		wreg, fsr0l, fsr0h, fsr2l, fsr2h, status,2, status,0, tblptrl, tblptrh, tblptru, prodl, prodh, cstack
 Tracked objects:
		On entry : 
		On exit  : 
		Unchanged: 
 Data sizes:     COMRAM   BANK0   BANK1   BANK2   BANK3   BANK4   BANK5   BANK6   BANK7
      Params:         0       0       0       0       0       0       0       0       0
      Locals:         0       0       0       0       0       0       0       0       0
      Temps:          0       2       0       0       0       0       0       0       0
      Totals:         0       2       0       0       0       0       0       0       0
Total ram usage:        2 bytes
 Hardware stack levels required when called:    8
 This function calls:
		_USART_Init
		_WriteCmdXLCD
		_ativa_atuadores
		_checa_botao
		_convert
		_exibir_lcd
		_init_ADC
		_init_XLCD
		_io_eeprom
		_maquina_estado
		_pisca_cursor
		_tratar_relogio
 This function is called by:
		Startup code after reset
 This function uses a non-reentrant model


 *************** function _tratar_relogio *****************
 Defined at:
		line 3 in file "relogio.c"
 Parameters:    Size  Location     Type
  Relogio         2   14[COMRAM] PTR struct .
		 -> Relogio(6), 
 Auto vars:     Size  Location     Type
		None
 Return value:  Size  Location     Type
                  1    wreg      void 
 Registers used:
		wreg, fsr2l, fsr2h, status,2, status,0
 Tracked objects:
		On entry : 
		On exit  : 
		Unchanged: 
 Data sizes:     COMRAM   BANK0   BANK1   BANK2   BANK3   BANK4   BANK5   BANK6   BANK7
      Params:         2       0       0       0       0       0       0       0       0
      Locals:         0       0       0       0       0       0       0       0       0
      Temps:          2       0       0       0       0       0       0       0       0
      Totals:         4       0       0       0       0       0       0       0       0
Total ram usage:        4 bytes
 Hardware stack levels used:    1
 Hardware stack levels required when called:    1
 This function calls:
		Nothing
 This function is called by:
		_main
 This function uses a non-reentrant model


 *************** function _pisca_cursor *****************
 Defined at:
		line 99 in file "display_LCD.c"
 Parameters:    Size  Location     Type
		None
 Auto vars:     Size  Location     Type
		None
 Return value:  Size  Location     Type
                  1    wreg      void 
 Registers used:
		wreg, status,2, status,0, cstack
 Tracked objects:
		On entry : 
		On exit  : 
		Unchanged: 
 Data sizes:     COMRAM   BANK0   BANK1   BANK2   BANK3   BANK4   BANK5   BANK6   BANK7
      Params:         0       0       0       0       0       0       0       0       0
      Locals:         0       0       0       0       0       0       0       0       0
      Temps:          0       0       0       0       0       0       0       0       0
      Totals:         0       0       0       0       0       0       0       0       0
Total ram usage:        0 bytes
 Hardware stack levels used:    1
 Hardware stack levels required when called:    4
 This function calls:
		_SetDDRamAddr
 This function is called by:
		_main
 This function uses a non-reentrant model


 *************** function _maquina_estado *****************
 Defined at:
		line 102 in file "serial.h"
 Parameters:    Size  Location     Type
		None
 Auto vars:     Size  Location     Type
		None
 Return value:  Size  Location     Type
                  1    wreg      void 
 Registers used:
		wreg, fsr2l, fsr2h, status,2, status,0, prodl, prodh, cstack
 Tracked objects:
		On entry : 
		On exit  : 
		Unchanged: 
 Data sizes:     COMRAM   BANK0   BANK1   BANK2   BANK3   BANK4   BANK5   BANK6   BANK7
      Params:         0       0       0       0       0       0       0       0       0
      Locals:         0       0       0       0       0       0       0       0       0
      Temps:          2       0       0       0       0       0       0       0       0
      Totals:         2       0       0       0       0       0       0       0       0
Total ram usage:        2 bytes
 Hardware stack levels used:    1
 Hardware stack levels required when called:    3
 This function calls:
		_trata_comando
		_tx_data
 This function is called by:
		_main
 This function uses a non-reentrant model


 *************** function _tx_data *****************
 Defined at:
		line 31 in file "serial.h"
 Parameters:    Size  Location     Type
		None
 Auto vars:     Size  Location     Type
  cont            2   14[COMRAM] int 
 Return value:  Size  Location     Type
                  1    wreg      void 
 Registers used:
		wreg, fsr2l, fsr2h, status,2, status,0
 Tracked objects:
		On entry : 
		On exit  : 
		Unchanged: 
 Data sizes:     COMRAM   BANK0   BANK1   BANK2   BANK3   BANK4   BANK5   BANK6   BANK7
      Params:         0       0       0       0       0       0       0       0       0
      Locals:         2       0       0       0       0       0       0       0       0
      Temps:          0       0       0       0       0       0       0       0       0
      Totals:         2       0       0       0       0       0       0       0       0
Total ram usage:        2 bytes
 Hardware stack levels used:    1
 Hardware stack levels required when called:    1
 This function calls:
		Nothing
 This function is called by:
		_maquina_estado
 This function uses a non-reentrant model


 *************** function _trata_comando *****************
 Defined at:
		line 58 in file "serial.h"
 Parameters:    Size  Location     Type
		None
 Auto vars:     Size  Location     Type
		None
 Return value:  Size  Location     Type
                  1    wreg      void 
 Registers used:
		wreg, status,2, status,0, prodl, prodh, cstack
 Tracked objects:
		On entry : 
		On exit  : 
		Unchanged: 
 Data sizes:     COMRAM   BANK0   BANK1   BANK2   BANK3   BANK4   BANK5   BANK6   BANK7
      Params:         0       0       0       0       0       0       0       0       0
      Locals:         0       0       0       0       0       0       0       0       0
      Temps:          2       0       0       0       0       0       0       0       0
      Totals:         2       0       0       0       0       0       0       0       0
Total ram usage:        2 bytes
 Hardware stack levels used:    1
 Hardware stack levels required when called:    2
 This function calls:
		___awmod
		___wmul
 This function is called by:
		_maquina_estado
 This function uses a non-reentrant model


 *************** function ___wmul *****************
 Defined at:
		line 15 in file "C:\Program Files (x86)\Microchip\xc8\v1.41\sources\common\Umul16.c"
 Parameters:    Size  Location     Type
  multiplier      2   14[COMRAM] unsigned int 
  multiplicand    2   16[COMRAM] unsigned int 
 Auto vars:     Size  Location     Type
  product         2   18[COMRAM] unsigned int 
 Return value:  Size  Location     Type
                  2   14[COMRAM] unsigned int 
 Registers used:
		wreg, status,2, status,0, prodl, prodh
 Tracked objects:
		On entry : 
		On exit  : 
		Unchanged: 
 Data sizes:     COMRAM   BANK0   BANK1   BANK2   BANK3   BANK4   BANK5   BANK6   BANK7
      Params:         4       0       0       0       0       0       0       0       0
      Locals:         2       0       0       0       0       0       0       0       0
      Temps:          0       0       0       0       0       0       0       0       0
      Totals:         6       0       0       0       0       0       0       0       0
Total ram usage:        6 bytes
 Hardware stack levels used:    1
 Hardware stack levels required when called:    1
 This function calls:
		Nothing
 This function is called by:
		_trata_comando
 This function uses a non-reentrant model


 *************** function _io_eeprom *****************
 Defined at:
		line 82 in file "eeprom.c"
 Parameters:    Size  Location     Type
		None
 Auto vars:     Size  Location     Type
  e               2   23[COMRAM] int 
  Data_read       1   25[COMRAM] unsigned char 
 Return value:  Size  Location     Type
                  1    wreg      void 
 Registers used:
		wreg, fsr2l, fsr2h, status,2, status,0, cstack
 Tracked objects:
		On entry : 
		On exit  : 
		Unchanged: 
 Data sizes:     COMRAM   BANK0   BANK1   BANK2   BANK3   BANK4   BANK5   BANK6   BANK7
      Params:         0       0       0       0       0       0       0       0       0
      Locals:         3       0       0       0       0       0       0       0       0
      Temps:          2       0       0       0       0       0       0       0       0
      Totals:         5       0       0       0       0       0       0       0       0
Total ram usage:        5 bytes
 Hardware stack levels used:    1
 Hardware stack levels required when called:    3
 This function calls:
		_EEPROM_Read
		_EEPROM_WriteString
		_USART_TransmitChar
 This function is called by:
		_main
 This function uses a non-reentrant model


 *************** function _USART_TransmitChar *****************
 Defined at:
		line 21 in file "eeprom.c"
 Parameters:    Size  Location     Type
  out             1    wreg     unsigned char 
 Auto vars:     Size  Location     Type
  out             1   14[COMRAM] unsigned char 
 Return value:  Size  Location     Type
                  1    wreg      void 
 Registers used:
		wreg
 Tracked objects:
		On entry : 
		On exit  : 
		Unchanged: 
 Data sizes:     COMRAM   BANK0   BANK1   BANK2   BANK3   BANK4   BANK5   BANK6   BANK7
      Params:         0       0       0       0       0       0       0       0       0
      Locals:         1       0       0       0       0       0       0       0       0
      Temps:          0       0       0       0       0       0       0       0       0
      Totals:         1       0       0       0       0       0       0       0       0
Total ram usage:        1 bytes
 Hardware stack levels used:    1
 Hardware stack levels required when called:    1
 This function calls:
		Nothing
 This function is called by:
		_io_eeprom
		_USART_SendString
 This function uses a non-reentrant model


 *************** function _EEPROM_WriteString *****************
 Defined at:
		line 64 in file "eeprom.c"
 Parameters:    Size  Location     Type
  address         2   17[COMRAM] int 
  data            2   19[COMRAM] PTR unsigned char 
		 -> RAM(2047), 
 Auto vars:     Size  Location     Type
		None
 Return value:  Size  Location     Type
                  1    wreg      void 
 Registers used:
		wreg, fsr2l, fsr2h, status,2, status,0, cstack
 Tracked objects:
		On entry : 
		On exit  : 
		Unchanged: 
 Data sizes:     COMRAM   BANK0   BANK1   BANK2   BANK3   BANK4   BANK5   BANK6   BANK7
      Params:         4       0       0       0       0       0       0       0       0
      Locals:         0       0       0       0       0       0       0       0       0
      Temps:          0       0       0       0       0       0       0       0       0
      Totals:         4       0       0       0       0       0       0       0       0
Total ram usage:        4 bytes
 Hardware stack levels used:    1
 Hardware stack levels required when called:    2
 This function calls:
		_EEPROM_Write
 This function is called by:
		_io_eeprom
 This function uses a non-reentrant model


 *************** function _EEPROM_Write *****************
 Defined at:
		line 42 in file "eeprom.c"
 Parameters:    Size  Location     Type
  address         2   14[COMRAM] int 
  data            1   16[COMRAM] unsigned char 
 Auto vars:     Size  Location     Type
		None
 Return value:  Size  Location     Type
                  1    wreg      void 
 Registers used:
		wreg, status,2
 Tracked objects:
		On entry : 
		On exit  : 
		Unchanged: 
 Data sizes:     COMRAM   BANK0   BANK1   BANK2   BANK3   BANK4   BANK5   BANK6   BANK7
      Params:         3       0       0       0       0       0       0       0       0
      Locals:         0       0       0       0       0       0       0       0       0
      Temps:          0       0       0       0       0       0       0       0       0
      Totals:         3       0       0       0       0       0       0       0       0
Total ram usage:        3 bytes
 Hardware stack levels used:    1
 Hardware stack levels required when called:    1
 This function calls:
		Nothing
 This function is called by:
		_EEPROM_WriteString
 This function uses a non-reentrant model


 *************** function _EEPROM_Read *****************
 Defined at:
		line 73 in file "eeprom.c"
 Parameters:    Size  Location     Type
  address         2   14[COMRAM] int 
 Auto vars:     Size  Location     Type
		None
 Return value:  Size  Location     Type
                  1    wreg      unsigned char 
 Registers used:
		wreg, status,2
 Tracked objects:
		On entry : 
		On exit  : 
		Unchanged: 
 Data sizes:     COMRAM   BANK0   BANK1   BANK2   BANK3   BANK4   BANK5   BANK6   BANK7
      Params:         2       0       0       0       0       0       0       0       0
      Locals:         0       0       0       0       0       0       0       0       0
      Temps:          0       0       0       0       0       0       0       0       0
      Totals:         2       0       0       0       0       0       0       0       0
Total ram usage:        2 bytes
 Hardware stack levels used:    1
 Hardware stack levels required when called:    1
 This function calls:
		Nothing
 This function is called by:
		_io_eeprom
 This function uses a non-reentrant model


 *************** function _init_XLCD *****************
 Defined at:
		line 19 in file "display_LCD.c"
 Parameters:    Size  Location     Type
		None
 Auto vars:     Size  Location     Type
		None
 Return value:  Size  Location     Type
                  1    wreg      void 
 Registers used:
		wreg, status,2, status,0, cstack
 Tracked objects:
		On entry : 
		On exit  : 
		Unchanged: 
 Data sizes:     COMRAM   BANK0   BANK1   BANK2   BANK3   BANK4   BANK5   BANK6   BANK7
      Params:         0       0       0       0       0       0       0       0       0
      Locals:         0       0       0       0       0       0       0       0       0
      Temps:          0       0       0       0       0       0       0       0       0
      Totals:         0       0       0       0       0       0       0       0       0
Total ram usage:        0 bytes
 Hardware stack levels used:    1
 Hardware stack levels required when called:    5
 This function calls:
		_BusyXLCD
		_OpenXLCD
		_WriteCmdXLCD
 This function is called by:
		_main
 This function uses a non-reentrant model


 *************** function _OpenXLCD *****************
 Defined at:
		line 19 in file "C:\Program Files (x86)\Microchip\xc8\v1.41\sources\pic18\plib\XLCD\openxlcd.c"
 Parameters:    Size  Location     Type
  lcdtype         1    wreg     unsigned char 
 Auto vars:     Size  Location     Type
  lcdtype         1   19[COMRAM] unsigned char 
 Return value:  Size  Location     Type
                  1    wreg      void 
 Registers used:
		wreg, status,2, status,0, cstack
 Tracked objects:
		On entry : 
		On exit  : 
		Unchanged: 
 Data sizes:     COMRAM   BANK0   BANK1   BANK2   BANK3   BANK4   BANK5   BANK6   BANK7
      Params:         0       0       0       0       0       0       0       0       0
      Locals:         1       0       0       0       0       0       0       0       0
      Temps:          0       0       0       0       0       0       0       0       0
      Totals:         1       0       0       0       0       0       0       0       0
Total ram usage:        1 bytes
 Hardware stack levels used:    1
 Hardware stack levels required when called:    4
 This function calls:
		_BusyXLCD
		_Delay10KTCYx
		_DelayPORXLCD
		_SetDDRamAddr
		_WriteCmdXLCD
 This function is called by:
		_init_XLCD
 This function uses a non-reentrant model


 *************** function _DelayPORXLCD *****************
 Defined at:
		line 8 in file "display_LCD.c"
 Parameters:    Size  Location     Type
		None
 Auto vars:     Size  Location     Type
		None
 Return value:  Size  Location     Type
                  1    wreg      void 
 Registers used:
		wreg, cstack
 Tracked objects:
		On entry : 
		On exit  : 
		Unchanged: 
 Data sizes:     COMRAM   BANK0   BANK1   BANK2   BANK3   BANK4   BANK5   BANK6   BANK7
      Params:         0       0       0       0       0       0       0       0       0
      Locals:         0       0       0       0       0       0       0       0       0
      Temps:          0       0       0       0       0       0       0       0       0
      Totals:         0       0       0       0       0       0       0       0       0
Total ram usage:        0 bytes
 Hardware stack levels used:    1
 Hardware stack levels required when called:    2
 This function calls:
		_Delay1KTCYx
 This function is called by:
		_OpenXLCD
 This function uses a non-reentrant model


 *************** function _Delay1KTCYx *****************
 Defined at:
		line 8 in file "C:\Program Files (x86)\Microchip\xc8\v1.41\sources\pic18\d1ktcyx.c"
 Parameters:    Size  Location     Type
  unit            1    wreg     unsigned char 
 Auto vars:     Size  Location     Type
  unit            1   14[COMRAM] unsigned char 
 Return value:  Size  Location     Type
                  1    wreg      void 
 Registers used:
		wreg
 Tracked objects:
		On entry : 
		On exit  : 
		Unchanged: 
 Data sizes:     COMRAM   BANK0   BANK1   BANK2   BANK3   BANK4   BANK5   BANK6   BANK7
      Params:         0       0       0       0       0       0       0       0       0
      Locals:         1       0       0       0       0       0       0       0       0
      Temps:          0       0       0       0       0       0       0       0       0
      Totals:         1       0       0       0       0       0       0       0       0
Total ram usage:        1 bytes
 Hardware stack levels used:    1
 Hardware stack levels required when called:    1
 This function calls:
		Nothing
 This function is called by:
		_DelayPORXLCD
		_DelayXLCD
 This function uses a non-reentrant model


 *************** function _Delay10KTCYx *****************
 Defined at:
		line 8 in file "C:\Program Files (x86)\Microchip\xc8\v1.41\sources\pic18\d10ktcyx.c"
 Parameters:    Size  Location     Type
  unit            1    wreg     unsigned char 
 Auto vars:     Size  Location     Type
  unit            1   15[COMRAM] unsigned char 
 Return value:  Size  Location     Type
                  1    wreg      void 
 Registers used:
		wreg
 Tracked objects:
		On entry : 
		On exit  : 
		Unchanged: 
 Data sizes:     COMRAM   BANK0   BANK1   BANK2   BANK3   BANK4   BANK5   BANK6   BANK7
      Params:         0       0       0       0       0       0       0       0       0
      Locals:         1       0       0       0       0       0       0       0       0
      Temps:          1       0       0       0       0       0       0       0       0
      Totals:         2       0       0       0       0       0       0       0       0
Total ram usage:        2 bytes
 Hardware stack levels used:    1
 Hardware stack levels required when called:    1
 This function calls:
		Nothing
 This function is called by:
		_OpenXLCD
 This function uses a non-reentrant model


 *************** function _init_ADC *****************
 Defined at:
		line 3 in file "ad.c"
 Parameters:    Size  Location     Type
		None
 Auto vars:     Size  Location     Type
		None
 Return value:  Size  Location     Type
                  1    wreg      void 
 Registers used:
		wreg, status,2
 Tracked objects:
		On entry : 
		On exit  : 
		Unchanged: 
 Data sizes:     COMRAM   BANK0   BANK1   BANK2   BANK3   BANK4   BANK5   BANK6   BANK7
      Params:         0       0       0       0       0       0       0       0       0
      Locals:         0       0       0       0       0       0       0       0       0
      Temps:          0       0       0       0       0       0       0       0       0
      Totals:         0       0       0       0       0       0       0       0       0
Total ram usage:        0 bytes
 Hardware stack levels used:    1
 Hardware stack levels required when called:    1
 This function calls:
		Nothing
 This function is called by:
		_main
 This function uses a non-reentrant model


 *************** function _exibir_lcd *****************
 Defined at:
		line 26 in file "display_LCD.c"
 Parameters:    Size  Location     Type
		None
 Auto vars:     Size  Location     Type
  d               2   32[BANK0 ] int 
  c               2   30[BANK0 ] int 
  b               2   28[BANK0 ] int 
  a               2   26[BANK0 ] int 
 Return value:  Size  Location     Type
                  1    wreg      void 
 Registers used:
		wreg, fsr0l, fsr0h, fsr2l, fsr2h, status,2, status,0, tblptrl, tblptrh, tblptru, prodl, prodh, cstack
 Tracked objects:
		On entry : 
		On exit  : 
		Unchanged: 
 Data sizes:     COMRAM   BANK0   BANK1   BANK2   BANK3   BANK4   BANK5   BANK6   BANK7
      Params:         0       0       0       0       0       0       0       0       0
      Locals:         0       8       0       0       0       0       0       0       0
      Temps:          0       2       0       0       0       0       0       0       0
      Totals:         0      10       0       0       0       0       0       0       0
Total ram usage:       10 bytes
 Hardware stack levels used:    1
 Hardware stack levels required when called:    7
 This function calls:
		_SetDDRamAddr
		___awdiv
		___awmod
		_convert_float_to_char
		_gambiarra
		_putrsXLCD
		_sprintf
 This function is called by:
		_main
 This function uses a non-reentrant model


 *************** function _gambiarra *****************
 Defined at:
		line 147 in file "Trabalho_Final_SiRGII.c"
 Parameters:    Size  Location     Type
		None
 Auto vars:     Size  Location     Type
		None
 Return value:  Size  Location     Type
                  1    wreg      void 
 Registers used:
		wreg, fsr0l, fsr0h, fsr2l, fsr2h, status,2, status,0, tblptrl, tblptrh, tblptru, prodl, prodh, cstack
 Tracked objects:
		On entry : 
		On exit  : 
		Unchanged: 
 Data sizes:     COMRAM   BANK0   BANK1   BANK2   BANK3   BANK4   BANK5   BANK6   BANK7
      Params:         0       0       0       0       0       0       0       0       0
      Locals:         0       0       0       0       0       0       0       0       0
      Temps:          0       0       0       0       0       0       0       0       0
      Totals:         0       0       0       0       0       0       0       0       0
Total ram usage:        0 bytes
 Hardware stack levels used:    1
 Hardware stack levels required when called:    6
 This function calls:
		_gambiarra_pro_serial
 This function is called by:
		_exibir_lcd
 This function uses a non-reentrant model


 *************** function _gambiarra_pro_serial *****************
 Defined at:
		line 47 in file "serial.h"
 Parameters:    Size  Location     Type
		None
 Auto vars:     Size  Location     Type
		None
 Return value:  Size  Location     Type
                  1    wreg      void 
 Registers used:
		wreg, fsr0l, fsr0h, fsr2l, fsr2h, status,2, status,0, tblptrl, tblptrh, tblptru, prodl, prodh, cstack
 Tracked objects:
		On entry : 
		On exit  : 
		Unchanged: 
 Data sizes:     COMRAM   BANK0   BANK1   BANK2   BANK3   BANK4   BANK5   BANK6   BANK7
      Params:         0       0       0       0       0       0       0       0       0
      Locals:         0       0       0       0       0       0       0       0       0
      Temps:          0       0       0       0       0       0       0       0       0
      Totals:         0       0       0       0       0       0       0       0       0
Total ram usage:        0 bytes
 Hardware stack levels used:    1
 Hardware stack levels required when called:    5
 This function calls:
		_SetDDRamAddr
		_WriteCmdXLCD
		_putrsXLCD
		_sprintf
 This function is called by:
		_gambiarra
 This function uses a non-reentrant model


 *************** function _putrsXLCD *****************
 Defined at:
		line 16 in file "C:\Program Files (x86)\Microchip\xc8\v1.41\sources\pic18\plib\XLCD\putrxlcd.c"
 Parameters:    Size  Location     Type
  buffer          2   16[COMRAM] PTR const unsigned char 
		 -> str(16), 
 Auto vars:     Size  Location     Type
		None
 Return value:  Size  Location     Type
                  1    wreg      void 
 Registers used:
		wreg, fsr2l, fsr2h, status,2, status,0, cstack
 Tracked objects:
		On entry : 
		On exit  : 
		Unchanged: 
 Data sizes:     COMRAM   BANK0   BANK1   BANK2   BANK3   BANK4   BANK5   BANK6   BANK7
      Params:         2       0       0       0       0       0       0       0       0
      Locals:         0       0       0       0       0       0       0       0       0
[...]


 *************** function ___ftmul *****************
 Defined at:
		line 62 in file "C:\Program Files (x86)\Microchip\xc8\v1.41\sources\common\ftmul.c"
 Parameters:    Size  Location     Type
  f1              3   25[COMRAM] float 
  f2              3   28[COMRAM] float 
 Auto vars:     Size  Location     Type
  f3_as_produc    3   35[COMRAM] unsigned um
  sign            1   39[COMRAM] unsigned char 
  cntr            1   38[COMRAM] unsigned char 
  exp             1   34[COMRAM] unsigned char 
 Return value:  Size  Location     Type
                  3   25[COMRAM] float 
 Registers used:
		wreg, status,2, status,0, cstack
 Tracked objects:
		On entry : 
		On exit  : 
		Unchanged: 
 Data sizes:     COMRAM   BANK0   BANK1   BANK2   BANK3   BANK4   BANK5   BANK6   BANK7
      Params:         6       0       0       0       0       0       0       0       0
      Locals:         6       0       0       0       0       0       0       0       0
      Temps:          3       0       0       0       0       0       0       0       0
      Totals:        15       0       0       0       0       0       0       0       0
Total ram usage:       15 bytes
 Hardware stack levels used:    1
 Hardware stack levels required when called:    2
 This function calls:
		___ftpack
 This function is called by:
		_convert
		_convert_float_to_char
		_ativa_atuadores
 This function uses a non-reentrant model


 *************** function ___ftge *****************
 Defined at:
		line 4 in file "C:\Program Files (x86)\Microchip\xc8\v1.41\sources\common\ftge.c"
 Parameters:    Size  Location     Type
  ff1             3   40[COMRAM] float 
  ff2             3   43[COMRAM] float 
 Auto vars:     Size  Location     Type
		None
 Return value:  Size  Location     Type
		None               void
 Registers used:
		wreg, status,2, status,0
 Tracked objects:
		On entry : 
		On exit  : 
		Unchanged: 
 Data sizes:     COMRAM   BANK0   BANK1   BANK2   BANK3   BANK4   BANK5   BANK6   BANK7
      Params:         6       0       0       0       0       0       0       0       0
      Locals:         0       0       0       0       0       0       0       0       0
      Temps:          3       0       0       0       0       0       0       0       0
      Totals:         9       0       0       0       0       0       0       0       0
Total ram usage:        9 bytes
 Hardware stack levels used:    1
 Hardware stack levels required when called:    1
 This function calls:
		Nothing
 This function is called by:
		_ativa_atuadores
		_floor
 This function uses a non-reentrant model


 *************** function _USART_Init *****************
 Defined at:
		line 3 in file "eeprom.c"
 Parameters:    Size  Location     Type
  baud_rate       2   64[COMRAM] int 
 Auto vars:     Size  Location     Type
  temp            3    3[BANK0 ] float 
 Return value:  Size  Location     Type
                  1    wreg      void 
 Registers used:
		wreg, status,2, status,0, cstack
 Tracked objects:
		On entry : 
		On exit  : 
		Unchanged: 
 Data sizes:     COMRAM   BANK0   BANK1   BANK2   BANK3   BANK4   BANK5   BANK6   BANK7
      Params:         2       0       0       0       0       0       0       0       0
      Locals:         0       3       0       0       0       0       0       0       0
      Temps:          0       0       0       0       0       0       0       0       0
      Totals:         2       3       0       0       0       0       0       0       0
Total ram usage:        5 bytes
 Hardware stack levels used:    1
 Hardware stack levels required when called:    3
 This function calls:
		___awtoft
		___ftadd
		___ftdiv
		___fttol
 This function is called by:
		_main
 This function uses a non-reentrant model


 *************** function ___fttol *****************
 Defined at:
		line 44 in file "C:\Program Files (x86)\Microchip\xc8\v1.41\sources\common\fttol.c"
 Parameters:    Size  Location     Type
  f1              3   40[COMRAM] float 
 Auto vars:     Size  Location     Type
  lval            4   50[COMRAM] unsigned long 
  exp1            1   54[COMRAM] unsigned char 
  sign1           1   49[COMRAM] unsigned char 
 Return value:  Size  Location     Type
                  4   40[COMRAM] long 
 Registers used:
		wreg, status,2, status,0
 Tracked objects:
		On entry : 
		On exit  : 
		Unchanged: 
 Data sizes:     COMRAM   BANK0   BANK1   BANK2   BANK3   BANK4   BANK5   BANK6   BANK7
      Params:         4       0       0       0       0       0       0       0       0
      Locals:         6       0       0       0       0       0       0       0       0
      Temps:          5       0       0       0       0       0       0       0       0
      Totals:        15       0       0       0       0       0       0       0       0
Total ram usage:       15 bytes
 Hardware stack levels used:    1
 Hardware stack levels required when called:    1
 This function calls:
		Nothing
 This function is called by:
		_convert_float_to_char
		_USART_Init
		_floor
 This function uses a non-reentrant model


 *************** function ___ftdiv *****************
 Defined at:
		line 54 in file "C:\Program Files (x86)\Microchip\xc8\v1.41\sources\common\ftdiv.c"
 Parameters:    Size  Location     Type
  f1              3   40[COMRAM] float 
  f2              3   43[COMRAM] float 
 Auto vars:     Size  Location     Type
  f3              3   50[COMRAM] float 
  sign            1   54[COMRAM] unsigned char 
  exp             1   53[COMRAM] unsigned char 
  cntr            1   49[COMRAM] unsigned char 
 Return value:  Size  Location     Type
                  3   40[COMRAM] float 
 Registers used:
		wreg, status,2, status,0, cstack
 Tracked objects:
		On entry : 
		On exit  : 
		Unchanged: 
 Data sizes:     COMRAM   BANK0   BANK1   BANK2   BANK3   BANK4   BANK5   BANK6   BANK7
      Params:         6       0       0       0       0       0       0       0       0
      Locals:         6       0       0       0       0       0       0       0       0
      Temps:          3       0       0       0       0       0       0       0       0
      Totals:        15       0       0       0       0       0       0       0       0
Total ram usage:       15 bytes
 Hardware stack levels used:    1
 Hardware stack levels required when called:    2
 This function calls:
		___ftpack
 This function is called by:
		_convert
		_USART_Init
 This function uses a non-reentrant model


 *************** function ___ftadd *****************
 Defined at:
		line 86 in file "C:\Program Files (x86)\Microchip\xc8\v1.41\sources\common\ftadd.c"
 Parameters:    Size  Location     Type
  f1              3   55[COMRAM] float 
  f2              3   58[COMRAM] float 
 Auto vars:     Size  Location     Type
  exp1            1    2[BANK0 ] unsigned char 
  exp2            1    1[BANK0 ] unsigned char 
  sign            1    0[BANK0 ] unsigned char 
 Return value:  Size  Location     Type
                  3   55[COMRAM] float 
 Registers used:
		wreg, status,2, status,0, cstack
 Tracked objects:
		On entry : 
		On exit  : 
		Unchanged: 
 Data sizes:     COMRAM   BANK0   BANK1   BANK2   BANK3   BANK4   BANK5   BANK6   BANK7
      Params:         6       0       0       0       0       0       0       0       0
      Locals:         0       3       0       0       0       0       0       0       0
      Temps:          3       0       0       0       0       0       0       0       0
      Totals:         9       3       0       0       0       0       0       0       0
Total ram usage:       12 bytes
 Hardware stack levels used:    1
 Hardware stack levels required when called:    2
 This function calls:
		___ftpack
 This function is called by:
		_convert_float_to_char
		_USART_Init
		_floor
 This function uses a non-reentrant model


 *************** function ___awtoft *****************
 Defined at:
		line 32 in file "C:\Program Files (x86)\Microchip\xc8\v1.41\sources\common\awtoft.c"
 Parameters:    Size  Location     Type
  c               2   22[COMRAM] int 
 Auto vars:     Size  Location     Type
  sign            1   25[COMRAM] unsigned char 
 Return value:  Size  Location     Type
                  3   22[COMRAM] float 
 Registers used:
		wreg, status,2, status,0, cstack
 Tracked objects:
		On entry : 
		On exit  : 
		Unchanged: 
 Data sizes:     COMRAM   BANK0   BANK1   BANK2   BANK3   BANK4   BANK5   BANK6   BANK7
      Params:         3       0       0       0       0       0       0       0       0
      Locals:         1       0       0       0       0       0       0       0       0
      Temps:          0       0       0       0       0       0       0       0       0
      Totals:         4       0       0       0       0       0       0       0       0
Total ram usage:        4 bytes
 Hardware stack levels used:    1
 Hardware stack levels required when called:    2
 This function calls:
		___ftpack
 This function is called by:
		_ativa_atuadores
		_USART_Init
 This function uses a non-reentrant model


 *************** function ___ftpack *****************
 Defined at:
		line 62 in file "C:\Program Files (x86)\Microchip\xc8\v1.41\sources\common\float.c"
 Parameters:    Size  Location     Type
  arg             3   14[COMRAM] unsigned um
  exp             1   17[COMRAM] unsigned char 
  sign            1   18[COMRAM] unsigned char 
 Auto vars:     Size  Location     Type
		None
 Return value:  Size  Location     Type
                  3   14[COMRAM] float 
 Registers used:
		wreg, status,2, status,0
 Tracked objects:
		On entry : 
		On exit  : 
		Unchanged: 
 Data sizes:     COMRAM   BANK0   BANK1   BANK2   BANK3   BANK4   BANK5   BANK6   BANK7
      Params:         5       0       0       0       0       0       0       0       0
      Locals:         0       0       0       0       0       0       0       0       0
      Temps:          3       0       0       0       0       0       0       0       0
      Totals:         8       0       0       0       0       0       0       0       0
Total ram usage:        8 bytes
 Hardware stack levels used:    1
 Hardware stack levels required when called:    1
 This function calls:
		Nothing
 This function is called by:
		___altoft
		___awtoft
		___ftadd
		___ftdiv
		___ftmul
		___lwtoft
 This function uses a non-reentrant model


 *************** function _pic_isr *****************
 Defined at:
		line 118 in file "Trabalho_Final_SiRGII.c"
 Parameters:    Size  Location     Type
		None
 Auto vars:     Size  Location     Type
		None
 Return value:  Size  Location     Type
                  1    wreg      void 
 Registers used:
		wreg, fsr2l, fsr2h, status,2, status,0
 Tracked objects:
		On entry : 
		On exit  : 
		Unchanged: 
 Data sizes:     COMRAM   BANK0   BANK1   BANK2   BANK3   BANK4   BANK5   BANK6   BANK7
      Params:         0       0       0       0       0       0       0       0       0
      Locals:         0       0       0       0       0       0       0       0       0
      Temps:         14       0       0       0       0       0       0       0       0
      Totals:        14       0       0       0       0       0       0       0       0
Total ram usage:       14 bytes
 Hardware stack levels used:    1
 This function calls:
		Nothing
 This function is called by:
		Interrupt level 2
 This function uses a non-reentrant model



MODULE INFORMATION

Module		Function		Class		Link	Load	Size
C:\Program Files (x86)\Microchip\xc8\v1.41\sources\common\lwdiv.c
		___lwdiv       		CODE           	1EF0	0000	83

C:\Program Files (x86)\Microchip\xc8\v1.41\sources\common\lwdiv.c estimated size: 83

C:\Program Files (x86)\Microchip\xc8\v1.41\sources\common\awdiv.c
		___awdiv       		CODE           	1B72	0000	133

C:\Program Files (x86)\Microchip\xc8\v1.41\sources\common\awdiv.c estimated size: 133

C:\Program Files (x86)\Microchip\xc8\v1.41\sources\pic18\d10tcyx.c
		_Delay10TCYx   		CODE           	2308	0000	17

C:\Program Files (x86)\Microchip\xc8\v1.41\sources\pic18\d10tcyx.c estimated size: 17

serial.h
		_maquina_estado		CODE           	2058	0000	63
		_gambiarra_pro_serial		CODE           	1BF6	0000	127
		_trata_comando 		CODE           	111E	0000	325
		_tx_data       		CODE           	214C	0000	57

serial.h estimated size: 572

C:\Program Files (x86)\Microchip\xc8\v1.41\sources\common\doprnt.c
		_sprintf       		CODE           	0C82	0000	471

C:\Program Files (x86)\Microchip\xc8\v1.41\sources\common\doprnt.c estimated size: 471

Trabalho_Final_SiRGII.c
		_pic_isr       		CODE           	0008	0000	245
		_gambiarra     		CODE           	236A	0000	7
		_main          		CODE           	153C	0000	241

Trabalho_Final_SiRGII.c estimated size: 493

C:\Program Files (x86)\Microchip\xc8\v1.41\sources\pic18\plib\ADC\adcconv.c
		_ConvertADC    		CODE           	2374	0000	5

C:\Program Files (x86)\Microchip\xc8\v1.41\sources\pic18\plib\ADC\adcconv.c estimated size: 5

C:\Program Files (x86)\Microchip\xc8\v1.41\sources\pic18\plib\XLCD\openxlcd.c
		_OpenXLCD      		CODE           	199C	0000	165

C:\Program Files (x86)\Microchip\xc8\v1.41\sources\pic18\plib\XLCD\openxlcd.c estimated size: 165

C:\Program Files (x86)\Microchip\xc8\v1.41\sources\pic18\plib\XLCD\wcmdxlcd.c
		_WriteCmdXLCD  		CODE           	20D4	0000	63

C:\Program Files (x86)\Microchip\xc8\v1.41\sources\pic18\plib\XLCD\wcmdxlcd.c estimated size: 63

C:\Program Files (x86)\Microchip\xc8\v1.41\sources\common\fttol.c
		___fttol       		CODE           	1356	0000	245

C:\Program Files (x86)\Microchip\xc8\v1.41\sources\common\fttol.c estimated size: 245

C:\Program Files (x86)\Microchip\xc8\v1.41\sources\pic18\plib\XLCD\busyxlcd.c
		_BusyXLCD      		CODE           	2112	0000	59

C:\Program Files (x86)\Microchip\xc8\v1.41\sources\pic18\plib\XLCD\busyxlcd.c estimated size: 59

C:\Program Files (x86)\Microchip\xc8\v1.41\sources\common\Umul16.c
		___wmul        		CODE           	221C	0000	39

C:\Program Files (x86)\Microchip\xc8\v1.41\sources\common\Umul16.c estimated size: 39

C:\Program Files (x86)\Microchip\xc8\v1.41\sources\pic18\plib\ADC\adcsetch.c
		_SetChanADC    		CODE           	22E2	0000	23

C:\Program Files (x86)\Microchip\xc8\v1.41\sources\pic18\plib\ADC\adcsetch.c estimated size: 23

C:\Program Files (x86)\Microchip\xc8\v1.41\sources\common\ftadd.c
		___ftadd       		CODE           	0A84	0000	511

C:\Program Files (x86)\Microchip\xc8\v1.41\sources\common\ftadd.c estimated size: 511

ad.c
		_init_ADC      		CODE           	2326	0000	15
		_convert_float_to_char		CODE           	162C	0000	239
		_convert       		CODE           	1A40	0000	163
		_ativa_atuadores		CODE           	1E46	0000	89

ad.c estimated size: 506

C:\Program Files (x86)\Microchip\xc8\v1.41\sources\common\ftge.c
		___ftge        		CODE           	1AE2	0000	145

C:\Program Files (x86)\Microchip\xc8\v1.41\sources\common\ftge.c estimated size: 145

C:\Program Files (x86)\Microchip\xc8\v1.41\sources\pic18\d1ktcyx.c
		_Delay1KTCYx   		CODE           	22F8	0000	17

C:\Program Files (x86)\Microchip\xc8\v1.41\sources\pic18\d1ktcyx.c estimated size: 17

eeprom.c
		_USART_TransmitChar		CODE           	2342	0000	13
		_EEPROM_Read   		CODE           	2318	0000	15
		_EEPROM_Write  		CODE           	2242	0000	37
		_io_eeprom     		CODE           	1FD2	0000	69
		_EEPROM_WriteString		CODE           	21BC	0000	51
		_USART_Init    		CODE           	1D64	0000	115

eeprom.c estimated size: 300

C:\Program Files (x86)\Microchip\xc8\v1.41\sources\common\ftneg.c
		___ftneg       		CODE           	2266	0000	37

C:\Program Files (x86)\Microchip\xc8\v1.41\sources\common\ftneg.c estimated size: 37

C:\Program Files (x86)\Microchip\xc8\v1.41\sources\common\float.c
		___ftpack      		CODE           	18EE	0000	175

C:\Program Files (x86)\Microchip\xc8\v1.41\sources\common\float.c estimated size: 175

C:\Program Files (x86)\Microchip\xc8\v1.41\sources\pic18\plib\ADC\adcbusy.c
		_BusyADC       		CODE           	234E	0000	13

C:\Program Files (x86)\Microchip\xc8\v1.41\sources\pic18\plib\ADC\adcbusy.c estimated size: 13

shared
		_dpowers       		SMALLCONST     	0801	0000	11
		__initialization		CODE           	1F8C	0000	57

shared estimated size: 68

C:\Program Files (x86)\Microchip\xc8\v1.41\sources\common\lwmod.c
		___lwmod       		CODE           	2016	0000	67

C:\Program Files (x86)\Microchip\xc8\v1.41\sources\common\lwmod.c estimated size: 67

C:\Program Files (x86)\Microchip\xc8\v1.41\sources\common\awmod.c
		___awmod       		CODE           	1DD6	0000	113

C:\Program Files (x86)\Microchip\xc8\v1.41\sources\common\awmod.c estimated size: 113

C:\Program Files (x86)\Microchip\xc8\v1.41\sources\common\awtoft.c
		___awtoft      		CODE           	2184	0000	57

C:\Program Files (x86)\Microchip\xc8\v1.41\sources\common\awtoft.c estimated size: 57

C:\Program Files (x86)\Microchip\xc8\v1.41\sources\common\altoft.c
		___altoft      		CODE           	1CEC	0000	121

C:\Program Files (x86)\Microchip\xc8\v1.41\sources\common\altoft.c estimated size: 121

C:\Program Files (x86)\Microchip\xc8\v1.41\sources\pic18\plib\XLCD\writdata.c
		_WriteDataXLCD 		CODE           	2096	0000	63

C:\Program Files (x86)\Microchip\xc8\v1.41\sources\pic18\plib\XLCD\writdata.c estimated size: 63

C:\Program Files (x86)\Microchip\xc8\v1.41\sources\pic18\plib\XLCD\setddram.c
		_SetDDRamAddr  		CODE           	1E9E	0000	83

C:\Program Files (x86)\Microchip\xc8\v1.41\sources\pic18\plib\XLCD\setddram.c estimated size: 83

C:\Program Files (x86)\Microchip\xc8\v1.41\sources\pic18\d10ktcyx.c
		_Delay10KTCYx  		CODE           	22CC	0000	23

C:\Program Files (x86)\Microchip\xc8\v1.41\sources\pic18\d10ktcyx.c estimated size: 23

C:\Program Files (x86)\Microchip\xc8\v1.41\sources\common\frexp.c
		_frexp         		CODE           	1C74	0000	121

C:\Program Files (x86)\Microchip\xc8\v1.41\sources\common\frexp.c estimated size: 121

C:\Program Files (x86)\Microchip\xc8\v1.41\sources\common\floor.c
		_floor         		CODE           	144A	0000	243

C:\Program Files (x86)\Microchip\xc8\v1.41\sources\common\floor.c estimated size: 243

C:\Program Files (x86)\Microchip\xc8\v1.41\sources\common\ftmul.c
		___ftmul       		CODE           	1262	0000	245

C:\Program Files (x86)\Microchip\xc8\v1.41\sources\common\ftmul.c estimated size: 245

C:\Program Files (x86)\Microchip\xc8\v1.41\sources\common\lwtoft.c
		___lwtoft      		CODE           	228A	0000	37

C:\Program Files (x86)\Microchip\xc8\v1.41\sources\common\lwtoft.c estimated size: 37

relogio.c
		_tratar_relogio		CODE           	0FCC	0000	339

relogio.c estimated size: 339

C:\Program Files (x86)\Microchip\xc8\v1.41\sources\common\ftdiv.c
		___ftdiv       		CODE           	1808	0000	231

C:\Program Files (x86)\Microchip\xc8\v1.41\sources\common\ftdiv.c estimated size: 231

C:\Program Files (x86)\Microchip\xc8\v1.41\sources\pic18\plib\ADC\adcread.c
		_ReadADC       		CODE           	2334	0000	15

C:\Program Files (x86)\Microchip\xc8\v1.41\sources\pic18\plib\ADC\adcread.c estimated size: 15

display_LCD.c
		_checa_botao   		CODE           	0E58	0000	373
		_DelayFor18TCY 		CODE           	2362	0000	9
		_exibir_lcd    		CODE           	0872	0000	531
		_pisca_cursor  		CODE           	1F42	0000	75
		_DelayPORXLCD  		CODE           	235A	0000	9
		_init_XLCD     		CODE           	22AE	0000	31

display_LCD.c estimated size: 1028

C:\Program Files (x86)\Microchip\xc8\v1.41\sources\pic18\plib\XLCD\putrxlcd.c
		_putrsXLCD     		CODE           	21EE	0000	47

C:\Program Files (x86)\Microchip\xc8\v1.41\sources\pic18\plib\XLCD\putrxlcd.c estimated size: 47

