Microchip MPLAB XC8 Compiler V1.41 ()

Linker command line:

-W-3 --edf=C:\Program Files (x86)\Microchip\xc8\v1.41\dat\en_msgs.txt -cs \
  -h+dist/default/production\exercicio_PIC_LCD_Serial.X.production.sym \
  --cmf=dist/default/production\exercicio_PIC_LCD_Serial.X.production.cmf \
  -z -Q18F4550 -oC:\Users\Windows\AppData\Local\Temp\s5fo.2 \
  -Mdist/default/production/exercicio_PIC_LCD_Serial.X.production.map -E1 \
  -ver=XC8 -ASTACK=0BDh-07ffh -pstack=STACK -ACODE=00h-07FFFh \
  -ACONST=00h-07FFFh -ASMALLCONST=0800h-08FFhx120 \
  -AMEDIUMCONST=0800h-07FFFh -ACOMRAM=01h-05Fh -AABS1=00h-07FFh \
  -ABIGRAM=01h-07FFh -ARAM=060h-0FFh,0100h-01FFhx7 -ABANK0=060h-0FFh \
  -ABANK1=0100h-01FFh -ABANK2=0200h-02FFh -ABANK3=0300h-03FFh \
  -ABANK4=0400h-04FFh -ABANK5=0500h-05FFh -ABANK6=0600h-06FFh \
  -ABANK7=0700h-07FFh -ASFR=0F60h-0FFFh \
  -preset_vec=00h,intcode=08h,intcodelo,powerup,init -pramtop=0800h \
  -psmallconst=SMALLCONST -pmediumconst=MEDIUMCONST -pconst=CONST \
  -AFARRAM=00h-00h -ACONFIG=0300000h-030000Dh -pconfig=CONFIG \
  -AIDLOC=0200000h-0200007h -pidloc=IDLOC -AEEDATA=0F00000h-0F000FFh \
  -peeprom_data=EEDATA \
  -prdata=COMRAM,nvrram=COMRAM,nvbit=COMRAM,rbss=COMRAM,rbit=COMRAM \
  -pfarbss=FARRAM,fardata=FARRAM,nvFARRAM=FARRAM \
  -pintsave_regs=BIGRAM,bigbss=BIGRAM,bigdata=BIGRAM -pbss=RAM \
  -pidata=CODE,irdata=CODE,ibigdata=CODE,ifardata=CODE -prparam=COMRAM \
  C:\Users\Windows\AppData\Local\Temp\s5fo.obj \
  dist/default/production\exercicio_PIC_LCD_Serial.X.production.obj 

Object code version is 3.11

Machine type is 18F4550

Call graph: (short form)




                Name                               Link     Load   Length Selector   Space Scale
C:\Users\Windows\AppData\Local\Temp\s5fo.obj
                init                                  E        E        4        4       0
                reset_vec                             0        0        4        0       0
                idloc                            200000   200000        8   200000       0
                config                           300000   300000        E   300000       0
dist/default/production\exercicio_PIC_LCD_Serial.X.production.obj
                intcode                               8        8        6        4       0
                temp                                 51       51        1        1       1
                smallconst                          800      800       82      400       0
                intcode_body                       1E36     1E36       E2      441       0
                text31                             1BCC     1BCC      140      441       0
                text30                             1280     1280      340      441       0
                text29                             15C0     15C0      2F8      441       0
                text28                             235E     235E       46      441       0
                text27                             25AE     25AE        E      441       0
                text26                             1F18     1F18       D2      441       0
                text25                             208E     208E       84      441       0
                text24                             2190     2190       70      441       0
                text23                             259E     259E       10      441       0
                text22                             25C4     25C4        8      441       0
                text21                             230C     230C       52      441       0
                text20                             2424     2424       3E      441       0
                text19                             249E     249E       3A      441       0
                text18                             23E6     23E6       3E      441       0
                text17                             225E     225E       5C      441       0
                text16                             22BA     22BA       52      441       0
                text15                             23A4     23A4       42      441       0
                text14                             1A5C     1A5C      170      441       0
                text13                             2112     2112       7E      441       0
                text12                             25CC     25CC        6      441       0
                text11                              882      882      6B0      441       0
                text10                             2578     2578       16      441       0
                text9                              258E     258E       10      441       0
                text8                              25BC     25BC        8      441       0
                text7                              1FEA     1FEA       A4      441       0
                text6                              2540     2540       1E      441       0
                text5                              2510     2510       30      441       0
                text4                              24D8     24D8       38      441       0
                text3                              2462     2462       3C      441       0
                text2                              1D0C     1D0C      12A      441       0
                text1                               F32      F32      34E      441       0
                text0                              18B8     18B8      1A4      441       0
                cstackCOMRAM                          1        1       2F        1       1
                cstackBANK0                          60       60       25       60       1
                dataBANK0                            A3       A3       1A       60       1
                bssBANK0                             85       85       1E       60       1
                dataCOMRAM                           4F       4F        2        1       1
                bssCOMRAM                            30       30       1F        1       1
                cinit                              2200     2200       5E      441       0
                idataBANK0                         255E     255E       1A      441       0
                idataCOMRAM                        25D2     25D2        2      441       0

TOTAL           Name                               Link     Load   Length     Space
        CLASS   STACK          

        CLASS   CODE           
                intcode                               8        8        6         0
                init                                  E        E        4         0
                reset_vec                             0        0        4         0
                intcode_body                       1E36     1E36       E2         0
                text31                             1BCC     1BCC      140         0
                text30                             1280     1280      340         0
                text29                             15C0     15C0      2F8         0
                text28                             235E     235E       46         0
                text27                             25AE     25AE        E         0
                text26                             1F18     1F18       D2         0
                text25                             208E     208E       84         0
                text24                             2190     2190       70         0
                text23                             259E     259E       10         0
                text22                             25C4     25C4        8         0
                text21                             230C     230C       52         0
                text20                             2424     2424       3E         0
                text19                             249E     249E       3A         0
                text18                             23E6     23E6       3E         0
                text17                             225E     225E       5C         0
                text16                             22BA     22BA       52         0
                text15                             23A4     23A4       42         0
                text14                             1A5C     1A5C      170         0
                text13                             2112     2112       7E         0
                text12                             25CC     25CC        6         0
                text11                              882      882      6B0         0
                text10                             2578     2578       16         0
                text9                              258E     258E       10         0
                text8                              25BC     25BC        8         0
                text7                              1FEA     1FEA       A4         0
                text6                              2540     2540       1E         0
                text5                              2510     2510       30         0
                text4                              24D8     24D8       38         0
                text3                              2462     2462       3C         0
                text2                              1D0C     1D0C      12A         0
                text1                               F32      F32      34E         0
                text0                              18B8     18B8      1A4         0
                cinit                              2200     2200       5E         0
                idataBANK0                         255E     255E       1A         0
                idataCOMRAM                        25D2     25D2        2         0

        CLASS   CONST          

        CLASS   SMALLCONST     
                smallconst                          800      800       82         0

        CLASS   MEDIUMCONST    

        CLASS   COMRAM         
                temp                                 51       51        1         1
                cstackCOMRAM                          1        1       2F         1
                dataCOMRAM                           4F       4F        2         1
                bssCOMRAM                            30       30       1F         1

        CLASS   ABS1           

        CLASS   BIGRAM         

        CLASS   RAM            

        CLASS   BANK0          
                cstackBANK0                          60       60       25         1
                dataBANK0                            A3       A3       1A         1
                bssBANK0                             85       85       1E         1

        CLASS   BANK1          

        CLASS   BANK2          

        CLASS   BANK3          

        CLASS   BANK4          

        CLASS   BANK5          

        CLASS   BANK6          

        CLASS   BANK7          

        CLASS   SFR            

        CLASS   FARRAM         

        CLASS   CONFIG         
                config                           300000   300000        E         0

        CLASS   IDLOC          
                idloc                            200000   200000        8         0

        CLASS   EEDATA         



SEGMENTS        Name                           Load    Length   Top    Selector   Space  Class

                reset_vec                      000000  000004  000004         0       0  CODE    
                cstackCOMRAM                   000001  000051  000052         1       1  COMRAM  
                intcode                        000008  00000A  000012         4       0  CODE    
                cstackBANK0                    000060  00005D  0000BD        60       1  BANK0   
                smallconst                     000800  000082  000882       400       0  SMALLCON
                text11                         000882  001D52  0025D4       441       0  CODE    
                idloc                          200000  000008  200008    200000       0  IDLOC   
                config                         300000  00000E  30000E    300000       0  CONFIG  


UNUSED ADDRESS RANGES

        Name                Unused          Largest block    Delta
        BANK0            0000BD-0000FF               43
        BANK1            000100-0001FF              100
        BANK2            000200-0002FF              100
        BANK3            000300-0003FF              100
        BANK4            000400-0004FF              100
        BANK5            000500-0005FF              100
        BANK6            000600-0006FF              100
        BANK7            000700-0007FF              100
        BIGRAM           000052-00005F                E
                         0000BD-0007FF              743
        CODE             000004-000007                4
                         000012-0007FF              7EE
                         0025D4-007FFF             5A2C
        COMRAM           000052-00005F                E
        CONST            000004-000007                4
                         000012-0007FF              7EE
                         0025D4-007FFF             5A2C
        EEDATA           F00000-F000FF              100
        MEDIUMCONST      0025D4-007FFF             5A2C
        RAM              0000BD-0007FF              100
        SFR              000F60-000FFF               A0
        SMALLCONST       0025D4-007FFF              100
        STACK            0000BD-0007FF              743

                                  Symbol Table

?___awdiv                        cstackCOMRAM 000015
?___awmod                        cstackCOMRAM 00000F
?___lwdiv                        cstackCOMRAM 00000F
?___lwmod                        cstackCOMRAM 000016
?_sprintf                        cstackCOMRAM 00001B
Delay10KTCYx@unit                cstackCOMRAM 000010
Delay10TCYx@unit                 cstackCOMRAM 00000F
Delay1KTCYx@unit                 cstackCOMRAM 00000F
OpenXLCD@lcdtype                 cstackCOMRAM 000014
SetDDRamAddr@DDaddr              cstackCOMRAM 000013
WriteCmdXLCD@cmd                 cstackCOMRAM 000010
WriteDataXLCD@data               cstackCOMRAM 000010
_ADCON1                          (abs)        000FC1
_BUFF_COM                        bssBANK0     00008C
_BUFF_RESP                       bssBANK0     000085
_BusyXLCD                        text19       00249E
_Calendario                      bssCOMRAM    00003D
_Delay10KTCYx                    text10       002578
_Delay10TCYx                     text23       00259E
_Delay1KTCYx                     text9        00258E
_DelayFor18TCY                   text22       0025C4
_DelayPORXLCD                    text8        0025BC
_Despertador                     bssCOMRAM    000043
_ESTADO_COMUNICACAO              bssCOMRAM    000030
_INTCONbits                      (abs)        000FF2
_LATBbits                        (abs)        000F8A
_OpenXLCD                        text7        001FEA
_PEIE                            (abs)        007F96
_PIR1bits                        (abs)        000F9E
_PORTAbits                       (abs)        000F80
_PORTB                           (abs)        000F81
_PORTCbits                       (abs)        000F82
_PORTDbits                       (abs)        000F83
_RCIE                            (abs)        007CED
_RCIF                            (abs)        007CF5
_RCIP                            (abs)        007CFD
_RCREG                           (abs)        000FAE
_RCSTA                           (abs)        000FAB
_Relogio                         bssCOMRAM    000049
_SPBRG                           (abs)        000FAF
_SerialRxPinInterrupt            intcode      000008
_SetDDRamAddr                    text21       00230C
_T0CONbits                       (abs)        000FD5
_TMR0                            (abs)        000FD6
_TMR0IF                          (abs)        007F92
_TRISA                           (abs)        000F92
_TRISAbits                       (abs)        000F92
_TRISB                           (abs)        000F93
_TRISBbits                       (abs)        000F93
_TRISCbits                       (abs)        000F94
_TRISDbits                       (abs)        000F95
_TXIF                            (abs)        007CF4
_TXREG                           (abs)        000FAD
_TXSTA                           (abs)        000FAC
_WriteCmdXLCD                    text20       002424
_WriteDataXLCD                   text18       0023E6
__CFG_PBADEN$OFF                 (abs)        000000
__CFG_WDT$OFF                    (abs)        000000
__HRAM                           (abs)        000000
__Habs1                          abs1         000000
__Hbank0                         bank0        000000
__Hbank1                         bank1        000000
__Hbank2                         bank2        000000
__Hbank3                         bank3        000000
__Hbank4                         bank4        000000
__Hbank5                         bank5        000000
__Hbank6                         bank6        000000
__Hbank7                         bank7        000000
__Hbigbss                        bigbss       000000
__Hbigdata                       bigdata      000000
__Hbigram                        bigram       000000
__Hbss                           bss          000000
__HbssBANK0                      bssBANK0     000000
__HbssCOMRAM                     bssCOMRAM    000000
__Hcinit                         cinit        000000
__Hclrtext                       clrtext      000000
__Hcomram                        comram       000000
__Hconfig                        config       30000E
__Hconst                         const        000000
__HcstackBANK0                   cstackBANK0  000000
__HcstackCOMRAM                  cstackCOMRAM 000000
__Hdata                          data         000000
__HdataBANK0                     dataBANK0    000000
__HdataCOMRAM                    dataCOMRAM   000000
__Heeprom_data                   eeprom_data  000000
__Hfarbss                        farbss       000000
__Hfardata                       fardata      000000
__Hibigdata                      ibigdata     000000
__Hidata                         idata        000000
__HidataBANK0                    idataBANK0   000000
__HidataCOMRAM                   idataCOMRAM  000000
__Hidloc                         idloc        200008
__Hifardata                      ifardata     000000
__Hinit                          init         000012
__Hintcode                       intcode      00000E
__Hintcode_body                  intcode_body 000000
__Hintcodelo                     intcodelo    00000E
__Hintentry                      intentry     000000
__Hintret                        intret       000000
__Hintsave_regs                  intsave_regs 000000
__Hirdata                        irdata       000000
__Hmediumconst                   mediumconst  000000
__HnvFARRAM                      nvFARRAM     000000
__Hnvbit                         nvbit        000000
__Hnvrram                        nvrram       000000
__Hparam                         rparam       000000
__Hpowerup                       powerup      00000E
__Hram                           ram          000000
__Hramtop                        ramtop       000800
__Hrbit                          rbit         000000
__Hrbss                          rbss         000000
__Hrdata                         rdata        000000
__Hreset_vec                     reset_vec    000004
__Hrparam                        rparam       000000
__Hsfr                           sfr          000000
__Hsmallconst                    smallconst   000882
__Hspace_0                       (abs)        30000E
__Hspace_1                       (abs)        0000BD
__Hspace_2                       (abs)        000000
__Hstack                         stack        000000
__Hstruct                        struct       000000
__Htemp                          temp         000052
__Htext                          text         000000
__Htext0                         text0        000000
__Htext1                         text1        000000
__Htext10                        text10       000000
__Htext11                        text11       000000
__Htext12                        text12       000000
__Htext13                        text13       000000
__Htext14                        text14       000000
__Htext15                        text15       000000
__Htext16                        text16       000000
__Htext17                        text17       000000
__Htext18                        text18       000000
__Htext19                        text19       000000
__Htext2                         text2        000000
__Htext20                        text20       000000
__Htext21                        text21       000000
__Htext22                        text22       000000
__Htext23                        text23       000000
__Htext24                        text24       000000
__Htext25                        text25       000000
__Htext26                        text26       000000
__Htext27                        text27       000000
__Htext28                        text28       000000
__Htext29                        text29       000000
__Htext3                         text3        000000
__Htext30                        text30       000000
__Htext31                        text31       000000
__Htext4                         text4        000000
__Htext5                         text5        000000
__Htext6                         text6        000000
__Htext7                         text7        000000
__Htext8                         text8        000000
__Htext9                         text9        000000
__LRAM                           (abs)        000001
__Labs1                          abs1         000000
__Lbank0                         bank0        000000
__Lbank1                         bank1        000000
__Lbank2                         bank2        000000
__Lbank3                         bank3        000000
__Lbank4                         bank4        000000
__Lbank5                         bank5        000000
__Lbank6                         bank6        000000
__Lbank7                         bank7        000000
__Lbigbss                        bigbss       000000
__Lbigdata                       bigdata      000000
__Lbigram                        bigram       000000
__Lbss                           bss          000000
__LbssBANK0                      bssBANK0     000000
__LbssCOMRAM                     bssCOMRAM    000000
__Lcinit                         cinit        000000
__Lclrtext                       clrtext      000000
__Lcomram                        comram       000000
__Lconfig                        config       300000
__Lconst                         const        000000
__LcstackBANK0                   cstackBANK0  000000
__LcstackCOMRAM                  cstackCOMRAM 000000
__Ldata                          data         000000
__LdataBANK0                     dataBANK0    000000
__LdataCOMRAM                    dataCOMRAM   000000
__Leeprom_data                   eeprom_data  000000
__Lfarbss                        farbss       000000
__Lfardata                       fardata      000000
__Libigdata                      ibigdata     000000
__Lidata                         idata        000000
__LidataBANK0                    idataBANK0   000000
__LidataCOMRAM                   idataCOMRAM  000000
__Lidloc                         idloc        200000
__Lifardata                      ifardata     000000
__Linit                          init         00000E
__Lintcode                       intcode      000008
__Lintcode_body                  intcode_body 000000
__Lintcodelo                     intcodelo    00000E
__Lintentry                      intentry     000000
__Lintret                        intret       000000
__Lintsave_regs                  intsave_regs 000000
__Lirdata                        irdata       000000
__Lmediumconst                   mediumconst  000000
__LnvFARRAM                      nvFARRAM     000000
__Lnvbit                         nvbit        000000
__Lnvrram                        nvrram       000000
__Lparam                         rparam       000000
__Lpowerup                       powerup      00000E
__Lram                           ram          000000
__Lramtop                        ramtop       000800
__Lrbit                          rbit         000000
__Lrbss                          rbss         000000
__Lrdata                         rdata        000000
__Lreset_vec                     reset_vec    000000
__Lrparam                        rparam       000000
__Lsfr                           sfr          000000
__Lsmallconst                    smallconst   000800
__Lspace_0                       (abs)        000000
__Lspace_1                       (abs)        000000
__Lspace_2                       (abs)        000000
__Lstack                         stack        000000
__Lstruct                        struct       000000
__Ltemp                          temp         000051
__Ltext                          text         000000
__Ltext0                         text0        000000
__Ltext1                         text1        000000
__Ltext10                        text10       000000
__Ltext11                        text11       000000
__Ltext12                        text12       000000
__Ltext13                        text13       000000
__Ltext14                        text14       000000
__Ltext15                        text15       000000
__Ltext16                        text16       000000
__Ltext17                        text17       000000
__Ltext18                        text18       000000
__Ltext19                        text19       000000
__Ltext2                         text2        000000
__Ltext20                        text20       000000
__Ltext21                        text21       000000
__Ltext22                        text22       000000
__Ltext23                        text23       000000
__Ltext24                        text24       000000
__Ltext25                        text25       000000
__Ltext26                        text26       000000
__Ltext27                        text27       000000
__Ltext28                        text28       000000
__Ltext29                        text29       000000
__Ltext3                         text3        000000
__Ltext30                        text30       000000
__Ltext31                        text31       000000
__Ltext4                         text4        000000
__Ltext5                         text5        000000
__Ltext6                         text6        000000
__Ltext7                         text7        000000
__Ltext8                         text8        000000
__Ltext9                         text9        000000
__S0                             (abs)        30000E
__S1                             (abs)        0000BD
__S2                             (abs)        000000
___awdiv                         text25       00208E
___awdiv@counter                 cstackCOMRAM 000019
___awdiv@dividend                cstackCOMRAM 000015
___awdiv@divisor                 cstackCOMRAM 000017
___awdiv@quotient                cstackCOMRAM 00001B
___awdiv@sign                    cstackCOMRAM 00001A
___awmod                         text24       002190
___awmod@counter                 cstackCOMRAM 000013
___awmod@dividend                cstackCOMRAM 00000F
___awmod@divisor                 cstackCOMRAM 000011
___awmod@sign                    cstackCOMRAM 000014
___inthi_sp                      stack        000000
___intlo_sp                      stack        000000
___lwdiv                         text16       0022BA
___lwdiv@counter                 cstackCOMRAM 000013
___lwdiv@dividend                cstackCOMRAM 00000F
___lwdiv@divisor                 cstackCOMRAM 000011
___lwdiv@quotient                cstackCOMRAM 000014
___lwmod                         text15       0023A4
___lwmod@counter                 cstackCOMRAM 00001A
___lwmod@dividend                cstackCOMRAM 000016
___lwmod@divisor                 cstackCOMRAM 000018
___param_bank                    (abs)        000000
___rparam_used                   (abs)        000001
___sp                            stack        000000
__accesstop                      (abs)        000060
__activetblptr                   (abs)        000002
__end_of_BusyXLCD                text19       0024D8
__end_of_Delay10KTCYx            text10       00258E
__end_of_Delay10TCYx             text23       0025AE
__end_of_Delay1KTCYx             text9        00259E
__end_of_DelayFor18TCY           text22       0025CC
__end_of_DelayPORXLCD            text8        0025C4
__end_of_OpenXLCD                text7        00208E
__end_of_SerialRxPinInterrupt    intcode_body 001F18
__end_of_SetDDRamAddr            text21       00235E
__end_of_WriteCmdXLCD            text20       002462
__end_of_WriteDataXLCD           text18       002424
__end_of___awdiv                 text25       002112
__end_of___awmod                 text24       002200
__end_of___lwdiv                 text16       00230C
__end_of___lwmod                 text15       0023E6
__end_of__initialization         cinit        002250
__end_of_checa_botao             text26       001FEA
__end_of_controla_despertador    text31       001D0C
__end_of_decrementa_variavel     text30       0015C0
__end_of_dpowers                 smallconst   00080B
__end_of_exibir_lcd              text11       000F32
__end_of_gambiarra               text12       0025D2
__end_of_gambiarra_pro_serial    text13       002190
__end_of_incrementa_variavel     text29       0018B8
__end_of_init_XLCD               text6        00255E
__end_of_main                    text0        001A5C
__end_of_maquina_estado          text3        00249E
__end_of_pisca_cursor            text2        001E36
__end_of_posiciona_cursor        text28       0023A4
__end_of_putrsXLCD               text17       0022BA
__end_of_sprintf                 text14       001BCC
__end_of_trata_comando           text5        002540
__end_of_tratar_relogio          text1        001280
__end_of_trocar_tela             text27       0025BC
__end_of_tx_data                 text4        002510
__initialization                 cinit        002200
__mediumconst                    mediumconst  000000
__pbssBANK0                      bssBANK0     000085
__pbssCOMRAM                     bssCOMRAM    000030
__pcinit                         cinit        002200
__pcstackBANK0                   cstackBANK0  000060
__pcstackCOMRAM                  cstackCOMRAM 000001
__pdataBANK0                     dataBANK0    0000A3
__pdataCOMRAM                    dataCOMRAM   00004F
__pidataBANK0                    idataBANK0   00255E
__pidataCOMRAM                   idataCOMRAM  0025D2
__pintcode                       intcode      000008
__pintcode_body                  intcode_body 001E36
__psmallconst                    smallconst   000800
__ptext0                         text0        0018B8
__ptext1                         text1        000F32
__ptext10                        text10       002578
__ptext11                        text11       000882
__ptext12                        text12       0025CC
__ptext13                        text13       002112
__ptext14                        text14       001A5C
__ptext15                        text15       0023A4
__ptext16                        text16       0022BA
__ptext17                        text17       00225E
__ptext18                        text18       0023E6
__ptext19                        text19       00249E
__ptext2                         text2        001D0C
__ptext20                        text20       002424
__ptext21                        text21       00230C
__ptext22                        text22       0025C4
__ptext23                        text23       00259E
__ptext24                        text24       002190
__ptext25                        text25       00208E
__ptext26                        text26       001F18
__ptext27                        text27       0025AE
__ptext28                        text28       00235E
__ptext29                        text29       0015C0
__ptext3                         text3        002462
__ptext30                        text30       001280
__ptext31                        text31       001BCC
__ptext4                         text4        0024D8
__ptext5                         text5        002510
__ptext6                         text6        002540
__ptext7                         text7        001FEA
__ptext8                         text8        0025BC
__ptext9                         text9        00258E
__ramtop                         ramtop       000800
__size_of_BusyXLCD               (abs)        000000
__size_of_Delay10KTCYx           (abs)        000000
__size_of_Delay10TCYx            (abs)        000000
__size_of_Delay1KTCYx            (abs)        000000
__size_of_DelayFor18TCY          (abs)        000000
__size_of_DelayPORXLCD           (abs)        000000
__size_of_OpenXLCD               (abs)        000000
__size_of_SerialRxPinInterrupt   (abs)        000000
__size_of_SetDDRamAddr           (abs)        000000
__size_of_WriteCmdXLCD           (abs)        000000
__size_of_WriteDataXLCD          (abs)        000000
__size_of___awdiv                (abs)        000000
__size_of___awmod                (abs)        000000
__size_of___lwdiv                (abs)        000000
__size_of___lwmod                (abs)        000000
__size_of_checa_botao            (abs)        000000
__size_of_controla_despertador   (abs)        000000
__size_of_decrementa_variavel    (abs)        000000
__size_of_exibir_lcd             (abs)        000000
__size_of_gambiarra              (abs)        000000
__size_of_gambiarra_pro_serial   (abs)        000000
__size_of_incrementa_variavel    (abs)        000000
__size_of_init_XLCD              (abs)        000000
__size_of_main                   (abs)        000000
__size_of_maquina_estado         (abs)        000000
__size_of_pisca_cursor           (abs)        000000
__size_of_posiciona_cursor       (abs)        000000
__size_of_putrsXLCD              (abs)        000000
__size_of_sprintf                (abs)        000000
__size_of_trata_comando          (abs)        000000
__size_of_tratar_relogio         (abs)        000000
__size_of_trocar_tela            (abs)        000000
__size_of_tx_data                (abs)        000000
__smallconst                     smallconst   000800
_checa_botao                     text26       001F18
_contador                        bssCOMRAM    000038
_controla_despertador            text31       001BCC
_controle_tempo_despertar        bssCOMRAM    000034
_cursor                          bssCOMRAM    000036
_decrementa_variavel             text30       001280
_despertar                       bssCOMRAM    00003B
_dpowers                         smallconst   000801
_exibir_lcd                      text11       000882
_flag_time                       bssCOMRAM    00003C
_gambiarra                       text12       0025CC
_gambiarra_pro_serial            text13       002112
_incrementa_variavel             text29       0015C0
_init_XLCD                       text6        002540
_main                            text0        0018B8
_maquina_estado                  text3        002462
_numero_entrada_terminal         bssCOMRAM    000032
_pisca_cursor                    text2        001D0C
_posiciona_cursor                text28       00235E
_putrsXLCD                       text17       00225E
_qtdDias_mes                     dataBANK0    0000A3
_serial_data                     bssCOMRAM    00003A
_sprintf                         text14       001A5C
_str                             bssBANK0     000093
_tela_exibida                    dataCOMRAM   00004F
_trata_comando                   text5        002510
_tratar_relogio                  text1        000F32
_trocar_tela                     text27       0025AE
_tx_data                         text4        0024D8
btemp                            temp         000051
checa_botao@Calendario           cstackCOMRAM 000021
checa_botao@Despertador          cstackCOMRAM 00001F
checa_botao@Relogio              cstackCOMRAM 00001D
controla_despertador@Despertador cstackCOMRAM 00000F
decrementa_variavel@Calendario   cstackCOMRAM 000017
decrementa_variavel@Despertador  cstackCOMRAM 000015
decrementa_variavel@Relogio      cstackCOMRAM 000013
end_of_initialization            cinit        002250
exibir_lcd@Calendario            cstackBANK0  00006B
exibir_lcd@Despertador           cstackBANK0  000069
exibir_lcd@Relogio               cstackBANK0  000067
exibir_lcd@a                     cstackBANK0  000079
exibir_lcd@b                     cstackBANK0  00007B
exibir_lcd@c                     cstackBANK0  00007D
exibir_lcd@d                     cstackBANK0  00007F
exibir_lcd@e                     cstackBANK0  000081
exibir_lcd@f                     cstackBANK0  000083
exibir_lcd@g                     cstackBANK0  00006D
exibir_lcd@h                     cstackBANK0  00006F
exibir_lcd@i                     cstackBANK0  000071
exibir_lcd@j                     cstackBANK0  000073
exibir_lcd@k                     cstackBANK0  000075
exibir_lcd@l                     cstackBANK0  000077
incrementa_variavel@Calendario   cstackCOMRAM 000017
incrementa_variavel@Despertador  cstackCOMRAM 000015
incrementa_variavel@Relogio      cstackCOMRAM 000013
int$flags                        temp         000051
int_func                         intcode_body 001E36
intlevel0                        text         000000
intlevel1                        text         000000
intlevel2                        text         000000
intlevel3                        text         000000
putrsXLCD@buffer                 cstackCOMRAM 000011
sprintf@ap                       cstackBANK0  000060
sprintf@c                        cstackBANK0  000066
sprintf@f                        cstackCOMRAM 00001D
sprintf@flag                     cstackBANK0  000062
sprintf@prec                     cstackBANK0  000063
sprintf@sp                       cstackCOMRAM 00001B
sprintf@val                      cstackBANK0  000064
stackhi                          (abs)        0007FF
stacklo                          (abs)        0000BD
start                            init         00000E
start_initialization             cinit        002200
tratar_relogio@Calendario        cstackCOMRAM 000011
tratar_relogio@Relogio           cstackCOMRAM 00000F
tx_data@cont                     cstackCOMRAM 00000F


FUNCTION INFORMATION:

 *************** function _main *****************
 Defined at:
		line 23 in file "exercicio_PIC_LCD_Serial.c"
 Parameters:    Size  Location     Type
		None
 Auto vars:     Size  Location     Type
		None
 Return value:  Size  Location     Type
                  1    wreg      void 
 Registers used:
		wreg, fsr1l, fsr1h, fsr2l, fsr2h, status,2, status,0, tblptrl, tblptrh, tblptru, prodl, prodh, cstack
 Tracked objects:
		On entry : 
		On exit  : 
		Unchanged: 
 Data sizes:     COMRAM   BANK0   BANK1   BANK2   BANK3   BANK4   BANK5   BANK6   BANK7
      Params:         0       0       0       0       0       0       0       0       0
      Locals:         0       0       0       0       0       0       0       0       0
      Temps:          2       0       0       0       0       0       0       0       0
      Totals:         2       0       0       0       0       0       0       0       0
Total ram usage:        2 bytes
 Hardware stack levels required when called:    8
 This function calls:
		_WriteCmdXLCD
		_checa_botao
		_exibir_lcd
		_init_XLCD
		_maquina_estado
		_pisca_cursor
		_tratar_relogio
 This function is called by:
		Startup code after reset
 This function uses a non-reentrant model


 *************** function _tratar_relogio *****************
 Defined at:
		line 3 in file "relogio.c"
 Parameters:    Size  Location     Type
  Relogio         2   14[COMRAM] PTR struct .
		 -> Relogio(6), 
  Calendario      2   16[COMRAM] PTR struct .
		 -> Calendario(6), 
 Auto vars:     Size  Location     Type
		None
 Return value:  Size  Location     Type
                  1    wreg      void 
 Registers used:
		wreg, fsr1l, fsr1h, fsr2l, fsr2h, status,2, status,0
 Tracked objects:
		On entry : 
		On exit  : 
		Unchanged: 
 Data sizes:     COMRAM   BANK0   BANK1   BANK2   BANK3   BANK4   BANK5   BANK6   BANK7
      Params:         4       0       0       0       0       0       0       0       0
      Locals:         0       0       0       0       0       0       0       0       0
      Temps:          7       0       0       0       0       0       0       0       0
      Totals:        11       0       0       0       0       0       0       0       0
Total ram usage:       11 bytes
 Hardware stack levels used:    1
 Hardware stack levels required when called:    1
 This function calls:
		Nothing
 This function is called by:
		_main
 This function uses a non-reentrant model


 *************** function _pisca_cursor *****************
 Defined at:
		line 176 in file "display_LCD.c"
 Parameters:    Size  Location     Type
		None
 Auto vars:     Size  Location     Type
		None
 Return value:  Size  Location     Type
                  1    wreg      void 
 Registers used:
		wreg, status,2, status,0, cstack
 Tracked objects:
		On entry : 
		On exit  : 
		Unchanged: 
 Data sizes:     COMRAM   BANK0   BANK1   BANK2   BANK3   BANK4   BANK5   BANK6   BANK7
      Params:         0       0       0       0       0       0       0       0       0
      Locals:         0       0       0       0       0       0       0       0       0
      Temps:          0       0       0       0       0       0       0       0       0
      Totals:         0       0       0       0       0       0       0       0       0
Total ram usage:        0 bytes
 Hardware stack levels used:    1
 Hardware stack levels required when called:    4
 This function calls:
		_SetDDRamAddr
 This function is called by:
		_main
 This function uses a non-reentrant model


 *************** function _maquina_estado *****************
 Defined at:
		line 87 in file "serial.h"
 Parameters:    Size  Location     Type
		None
 Auto vars:     Size  Location     Type
		None
 Return value:  Size  Location     Type
                  1    wreg      void 
 Registers used:
		wreg, fsr2l, fsr2h, status,2, status,0, cstack
 Tracked objects:
		On entry : 
		On exit  : 
		Unchanged: 
 Data sizes:     COMRAM   BANK0   BANK1   BANK2   BANK3   BANK4   BANK5   BANK6   BANK7
      Params:         0       0       0       0       0       0       0       0       0
      Locals:         0       0       0       0       0       0       0       0       0
      Temps:          2       0       0       0       0       0       0       0       0
      Totals:         2       0       0       0       0       0       0       0       0
Total ram usage:        2 bytes
 Hardware stack levels used:    1
 Hardware stack levels required when called:    2
 This function calls:
		_trata_comando
		_tx_data
 This function is called by:
		_main
 This function uses a non-reentrant model


 *************** function _tx_data *****************
 Defined at:
		line 45 in file "serial.h"
 Parameters:    Size  Location     Type
		None
 Auto vars:     Size  Location     Type
  cont            2   14[COMRAM] int 
 Return value:  Size  Location     Type
                  1    wreg      void 
 Registers used:
		wreg, fsr2l, fsr2h, status,2, status,0
 Tracked objects:
		On entry : 
		On exit  : 
		Unchanged: 
 Data sizes:     COMRAM   BANK0   BANK1   BANK2   BANK3   BANK4   BANK5   BANK6   BANK7
      Params:         0       0       0       0       0       0       0       0       0
      Locals:         2       0       0       0       0       0       0       0       0
      Temps:          0       0       0       0       0       0       0       0       0
      Totals:         2       0       0       0       0       0       0       0       0
Total ram usage:        2 bytes
 Hardware stack levels used:    1
 Hardware stack levels required when called:    1
 This function calls:
		Nothing
 This function is called by:
		_maquina_estado
 This function uses a non-reentrant model


 *************** function _trata_comando *****************
 Defined at:
		line 73 in file "serial.h"
 Parameters:    Size  Location     Type
		None
 Auto vars:     Size  Location     Type
		None
 Return value:  Size  Location     Type
                  1    wreg      void 
 Registers used:
		wreg, status,2
 Tracked objects:
		On entry : 
		On exit  : 
		Unchanged: 
 Data sizes:     COMRAM   BANK0   BANK1   BANK2   BANK3   BANK4   BANK5   BANK6   BANK7
      Params:         0       0       0       0       0       0       0       0       0
      Locals:         0       0       0       0       0       0       0       0       0
      Temps:          2       0       0       0       0       0       0       0       0
      Totals:         2       0       0       0       0       0       0       0       0
Total ram usage:        2 bytes
 Hardware stack levels used:    1
 Hardware stack levels required when called:    1
 This function calls:
		Nothing
 This function is called by:
		_maquina_estado
 This function uses a non-reentrant model


 *************** function _init_XLCD *****************
 Defined at:
		line 24 in file "display_LCD.c"
 Parameters:    Size  Location     Type
		None
 Auto vars:     Size  Location     Type
		None
 Return value:  Size  Location     Type
                  1    wreg      void 
 Registers used:
		wreg, status,2, status,0, cstack
 Tracked objects:
		On entry : 
		On exit  : 
		Unchanged: 
 Data sizes:     COMRAM   BANK0   BANK1   BANK2   BANK3   BANK4   BANK5   BANK6   BANK7
      Params:         0       0       0       0       0       0       0       0       0
      Locals:         0       0       0       0       0       0       0       0       0
      Temps:          0       0       0       0       0       0       0       0       0
      Totals:         0       0       0       0       0       0       0       0       0
Total ram usage:        0 bytes
 Hardware stack levels used:    1
 Hardware stack levels required when called:    5
 This function calls:
		_BusyXLCD
		_OpenXLCD
		_WriteCmdXLCD
 This function is called by:
		_main
 This function uses a non-reentrant model


 *************** function _OpenXLCD *****************
 Defined at:
		line 19 in file "C:\Program Files (x86)\Microchip\xc8\v1.41\sources\pic18\plib\XLCD\openxlcd.c"
 Parameters:    Size  Location     Type
  lcdtype         1    wreg     unsigned char 
 Auto vars:     Size  Location     Type
  lcdtype         1   19[COMRAM] unsigned char 
 Return value:  Size  Location     Type
                  1    wreg      void 
 Registers used:
		wreg, status,2, status,0, cstack
 Tracked objects:
		On entry : 
		On exit  : 
		Unchanged: 
 Data sizes:     COMRAM   BANK0   BANK1   BANK2   BANK3   BANK4   BANK5   BANK6   BANK7
      Params:         0       0       0       0       0       0       0       0       0
      Locals:         1       0       0       0       0       0       0       0       0
      Temps:          0       0       0       0       0       0       0       0       0
      Totals:         1       0       0       0       0       0       0       0       0
Total ram usage:        1 bytes
 Hardware stack levels used:    1
 Hardware stack levels required when called:    4
 This function calls:
		_BusyXLCD
		_Delay10KTCYx
		_DelayPORXLCD
		_SetDDRamAddr
		_WriteCmdXLCD
 This function is called by:
		_init_XLCD
 This function uses a non-reentrant model


 *************** function _DelayPORXLCD *****************
 Defined at:
		line 11 in file "display_LCD.c"
 Parameters:    Size  Location     Type
		None
 Auto vars:     Size  Location     Type
		None
 Return value:  Size  Location     Type
                  1    wreg      void 
 Registers used:
		wreg, cstack
 Tracked objects:
		On entry : 
		On exit  : 
		Unchanged: 
 Data sizes:     COMRAM   BANK0   BANK1   BANK2   BANK3   BANK4   BANK5   BANK6   BANK7
      Params:         0       0       0       0       0       0       0       0       0
      Locals:         0       0       0       0       0       0       0       0       0
      Temps:          0       0       0       0       0       0       0       0       0
      Totals:         0       0       0       0       0       0       0       0       0
Total ram usage:        0 bytes
 Hardware stack levels used:    1
 Hardware stack levels required when called:    2
 This function calls:
		_Delay1KTCYx
 This function is called by:
		_OpenXLCD
 This function uses a non-reentrant model


 *************** function _Delay1KTCYx *****************
 Defined at:
		line 8 in file "C:\Program Files (x86)\Microchip\xc8\v1.41\sources\pic18\d1ktcyx.c"
 Parameters:    Size  Location     Type
  unit            1    wreg     unsigned char 
 Auto vars:     Size  Location     Type
  unit            1   14[COMRAM] unsigned char 
 Return value:  Size  Location     Type
                  1    wreg      void 
 Registers used:
		wreg
 Tracked objects:
		On entry : 
		On exit  : 
		Unchanged: 
 Data sizes:     COMRAM   BANK0   BANK1   BANK2   BANK3   BANK4   BANK5   BANK6   BANK7
      Params:         0       0       0       0       0       0       0       0       0
      Locals:         1       0       0       0       0       0       0       0       0
      Temps:          0       0       0       0       0       0       0       0       0
      Totals:         1       0       0       0       0       0       0       0       0
Total ram usage:        1 bytes
 Hardware stack levels used:    1
 Hardware stack levels required when called:    1
 This function calls:
		Nothing
 This function is called by:
		_DelayPORXLCD
 This function uses a non-reentrant model


 *************** function _Delay10KTCYx *****************
 Defined at:
		line 8 in file "C:\Program Files (x86)\Microchip\xc8\v1.41\sources\pic18\d10ktcyx.c"
 Parameters:    Size  Location     Type
  unit            1    wreg     unsigned char 
 Auto vars:     Size  Location     Type
  unit            1   15[COMRAM] unsigned char 
 Return value:  Size  Location     Type
                  1    wreg      void 
 Registers used:
		wreg
 Tracked objects:
		On entry : 
		On exit  : 
		Unchanged: 
 Data sizes:     COMRAM   BANK0   BANK1   BANK2   BANK3   BANK4   BANK5   BANK6   BANK7
      Params:         0       0       0       0       0       0       0       0       0
      Locals:         1       0       0       0       0       0       0       0       0
      Temps:          1       0       0       0       0       0       0       0       0
      Totals:         2       0       0       0       0       0       0       0       0
Total ram usage:        2 bytes
 Hardware stack levels used:    1
 Hardware stack levels required when called:    1
 This function calls:
		Nothing
 This function is called by:
		_OpenXLCD
 This function uses a non-reentrant model


 *************** function _exibir_lcd *****************
 Defined at:
		line 31 in file "display_LCD.c"
 Parameters:    Size  Location     Type
  Relogio         2    7[BANK0 ] PTR struct .
		 -> Relogio(6), 
  Despertador     2    9[BANK0 ] PTR struct .
		 -> Despertador(6), 
  Calendario      2   11[BANK0 ] PTR struct .
		 -> Calendario(6), 
 Auto vars:     Size  Location     Type
  f               2   35[BANK0 ] int 
  e               2   33[BANK0 ] int 
  d               2   31[BANK0 ] int 
  c               2   29[BANK0 ] int 
  b               2   27[BANK0 ] int 
  a               2   25[BANK0 ] int 
  l               2   23[BANK0 ] int 
  k               2   21[BANK0 ] int 
  j               2   19[BANK0 ] int 
  i               2   17[BANK0 ] int 
  h               2   15[BANK0 ] int 
  g               2   13[BANK0 ] int 
 Return value:  Size  Location     Type
                  1    wreg      void 
 Registers used:
		wreg, fsr1l, fsr1h, fsr2l, fsr2h, status,2, status,0, tblptrl, tblptrh, tblptru, prodl, prodh, cstack
 Tracked objects:
		On entry : 
		On exit  : 
		Unchanged: 
 Data sizes:     COMRAM   BANK0   BANK1   BANK2   BANK3   BANK4   BANK5   BANK6   BANK7
      Params:         0       6       0       0       0       0       0       0       0
      Locals:         0      24       0       0       0       0       0       0       0
      Temps:          2       0       0       0       0       0       0       0       0
      Totals:         2      30       0       0       0       0       0       0       0
Total ram usage:       32 bytes
 Hardware stack levels used:    1
 Hardware stack levels required when called:    7
 This function calls:
		_SetDDRamAddr
		___awdiv
		___awmod
		_gambiarra
		_putrsXLCD
		_sprintf
 This function is called by:
		_main
 This function uses a non-reentrant model


 *************** function _gambiarra *****************
 Defined at:
		line 175 in file "exercicio_PIC_LCD_Serial.c"
 Parameters:    Size  Location     Type
		None
 Auto vars:     Size  Location     Type
		None
 Return value:  Size  Location     Type
                  2   18[None  ] int 
 Registers used:
		wreg, fsr1l, fsr1h, fsr2l, fsr2h, status,2, status,0, tblptrl, tblptrh, tblptru, prodl, prodh, cstack
 Tracked objects:
		On entry : 
		On exit  : 
		Unchanged: 
 Data sizes:     COMRAM   BANK0   BANK1   BANK2   BANK3   BANK4   BANK5   BANK6   BANK7
      Params:         0       0       0       0       0       0       0       0       0
      Locals:         0       0       0       0       0       0       0       0       0
      Temps:          0       0       0       0       0       0       0       0       0
      Totals:         0       0       0       0       0       0       0       0       0
Total ram usage:        0 bytes
 Hardware stack levels used:    1
 Hardware stack levels required when called:    6
 This function calls:
		_gambiarra_pro_serial
 This function is called by:
		_exibir_lcd
 This function uses a non-reentrant model


 *************** function _gambiarra_pro_serial *****************
 Defined at:
		line 61 in file "serial.h"
 Parameters:    Size  Location     Type
		None
 Auto vars:     Size  Location     Type
		None
 Return value:  Size  Location     Type
                  1    wreg      void 
 Registers used:
		wreg, fsr1l, fsr1h, fsr2l, fsr2h, status,2, status,0, tblptrl, tblptrh, tblptru, prodl, prodh, cstack
 Tracked objects:
		On entry : 
		On exit  : 
		Unchanged: 
 Data sizes:     COMRAM   BANK0   BANK1   BANK2   BANK3   BANK4   BANK5   BANK6   BANK7
      Params:         0       0       0       0       0       0       0       0       0
      Locals:         0       0       0       0       0       0       0       0       0
      Temps:          0       0       0       0       0       0       0       0       0
      Totals:         0       0       0       0       0       0       0       0       0
Total ram usage:        0 bytes
 Hardware stack levels used:    1
 Hardware stack levels required when called:    5
 This function calls:
		_SetDDRamAddr
		_WriteCmdXLCD
		_putrsXLCD
		_sprintf
 This function is called by:
		_gambiarra
 This function uses a non-reentrant model


 *************** function _sprintf *****************
 Defined at:
		line 492 in file "C:\Program Files (x86)\Microchip\xc8\v1.41\sources\common\doprnt.c"
 Parameters:    Size  Location     Type
  sp              2   26[COMRAM] PTR unsigned char 
		 -> str(16), 
  f               2   28[COMRAM] PTR const unsigned char 
		 -> STR_6(20), STR_5(17), STR_3(23), STR_2(21), 
		 -> STR_1(22), 
 Auto vars:     Size  Location     Type
  tmpval          4    0        struct .
  cp              3    0        PTR const unsigned char 
  val             2    4[BANK0 ] unsigned int 
  ap              2    0[BANK0 ] PTR void [1]
		 -> ?_sprintf(2), 
  len             2    0        unsigned int 
  c               1    6[BANK0 ] char 
  prec            1    3[BANK0 ] char 
  flag            1    2[BANK0 ] unsigned char 
 Return value:  Size  Location     Type
                  2   26[COMRAM] int 
 Registers used:
		wreg, fsr2l, fsr2h, status,2, status,0, tblptrl, tblptrh, tblptru, prodl, prodh, cstack
 Tracked objects:
		On entry : 
		On exit  : 
		Unchanged: 
 Data sizes:     COMRAM   BANK0   BANK1   BANK2   BANK3   BANK4   BANK5   BANK6   BANK7
      Params:        16       0       0       0       0       0       0       0       0
      Locals:         0       7       0       0       0       0       0       0       0
      Temps:          1       0       0       0       0       0       0       0       0
      Totals:        17       7       0       0       0       0       0       0       0
Total ram usage:       24 bytes
 Hardware stack levels used:    1
 Hardware stack levels required when called:    2
 This function calls:
		___lwdiv
		___lwmod
 This function is called by:
		_exibir_lcd
		_gambiarra_pro_serial
 This function uses a non-reentrant model


 *************** function ___lwmod *****************
 Defined at:
		line 8 in file "C:\Program Files (x86)\Microchip\xc8\v1.41\sources\common\lwmod.c"
 Parameters:    Size  Location     Type
  dividend        2   21[COMRAM] unsigned int 
  divisor         2   23[COMRAM] unsigned int 
 Auto vars:     Size  Location     Type
  counter         1   25[COMRAM] unsigned char 
 Return value:  Size  Location     Type
                  2   21[COMRAM] unsigned int 
 Registers used:
		wreg, status,2, status,0
 Tracked objects:
		On entry : 
		On exit  : 
		Unchanged: 
 Data sizes:     COMRAM   BANK0   BANK1   BANK2   BANK3   BANK4   BANK5   BANK6   BANK7
      Params:         4       0       0       0       0       0       0       0       0
      Locals:         1       0       0       0       0       0       0       0       0
      Temps:          0       0       0       0       0       0       0       0       0
      Totals:         5       0       0       0       0       0       0       0       0
Total ram usage:        5 bytes
 Hardware stack levels used:    1
 Hardware stack levels required when called:    1
 This function calls:
		Nothing
 This function is called by:
		_sprintf
 This function uses a non-reentrant model


 *************** function ___lwdiv *****************
 Defined at:
		line 8 in file "C:\Program Files (x86)\Microchip\xc8\v1.41\sources\common\lwdiv.c"
 Parameters:    Size  Location     Type
  dividend        2   14[COMRAM] unsigned int 
  divisor         2   16[COMRAM] unsigned int 
 Auto vars:     Size  Location     Type
  quotient        2   19[COMRAM] unsigned int 
  counter         1   18[COMRAM] unsigned char 
 Return value:  Size  Location     Type
                  2   14[COMRAM] unsigned int 
 Registers used:
		wreg, status,2, status,0
 Tracked objects:
		On entry : 
		On exit  : 
		Unchanged: 
 Data sizes:     COMRAM   BANK0   BANK1   BANK2   BANK3   BANK4   BANK5   BANK6   BANK7
      Params:         4       0       0       0       0       0       0       0       0
      Locals:         3       0       0       0       0       0       0       0       0
      Temps:          0       0       0       0       0       0       0       0       0
      Totals:         7       0       0       0       0       0       0       0       0
Total ram usage:        7 bytes
 Hardware stack levels used:    1
 Hardware stack levels required when called:    1
 This function calls:
		Nothing
 This function is called by:
		_sprintf
 This function uses a non-reentrant model


 *************** function _putrsXLCD *****************
 Defined at:
		line 16 in file "C:\Program Files (x86)\Microchip\xc8\v1.41\sources\pic18\plib\XLCD\putrxlcd.c"
 Parameters:    Size  Location     Type
  buffer          2   16[COMRAM] PTR const unsigned char 
		 -> STR_4(15), str(16), 
 Auto vars:     Size  Location     Type
		None
 Return value:  Size  Location     Type
                  1    wreg      void 
 Registers used:
		wreg, fsr1l, fsr1h, status,2, status,0, tblptrl, tblptrh, tblptru, cstack
 Tracked objects:
		On entry : 
		On exit  : 
		Unchanged: 
 Data sizes:     COMRAM   BANK0   BANK1   BANK2   BANK3   BANK4   BANK5   BANK6   BANK7
      Params:         2       0       0       0       0       0       0       0       0
      Locals:         0       0       0       0       0       0       0       0       0
      Temps:          0       0       0       0       0       0       0       0       0
      Totals:         2       0       0       0       0       0       0       0       0
Total ram usage:        2 bytes
 Hardware stack levels used:    1
 Hardware stack levels required when called:    4
 This function calls:
		_BusyXLCD
		_WriteDataXLCD
 This function is called by:
		_exibir_lcd
		_gambiarra_pro_serial
 This function uses a non-reentrant model


 *************** function _WriteDataXLCD *****************
 Defined at:
		line 16 in file "C:\Program Files (x86)\Microchip\xc8\v1.41\sources\pic18\plib\XLCD\writdata.c"
 Parameters:    Size  Location     Type
  data            1    wreg     unsigned char 
 Auto vars:     Size  Location     Type
  data            1   15[COMRAM] unsigned char 
 Return value:  Size  Location     Type
                  1    wreg      void 
 Registers used:
		wreg, status,2, status,0, cstack
 Tracked objects:
		On entry : 
		On exit  : 
		Unchanged: 
 Data sizes:     COMRAM   BANK0   BANK1   BANK2   BANK3   BANK4   BANK5   BANK6   BANK7
      Params:         0       0       0       0       0       0       0       0       0
      Locals:         1       0       0       0       0       0       0       0       0
      Temps:          0       0       0       0       0       0       0       0       0
      Totals:         1       0       0       0       0       0       0       0       0
Total ram usage:        1 bytes
 Hardware stack levels used:    1
 Hardware stack levels required when called:    3
 This function calls:
		_DelayFor18TCY
 This function is called by:
		_putrsXLCD
 This function uses a non-reentrant model


 *************** function _BusyXLCD *****************
 Defined at:
		line 11 in file "C:\Program Files (x86)\Microchip\xc8\v1.41\sources\pic18\plib\XLCD\busyxlcd.c"
 Parameters:    Size  Location     Type
		None
 Auto vars:     Size  Location     Type
		None
 Return value:  Size  Location     Type
                  1    wreg      unsigned char 
 Registers used:
		wreg, cstack
 Tracked objects:
		On entry : 
		On exit  : 
		Unchanged: 
 Data sizes:     COMRAM   BANK0   BANK1   BANK2   BANK3   BANK4   BANK5   BANK6   BANK7
      Params:         0       0       0       0       0       0       0       0       0
      Locals:         0       0       0       0       0       0       0       0       0
      Temps:          0       0       0       0       0       0       0       0       0
      Totals:         0       0       0       0       0       0       0       0       0
Total ram usage:        0 bytes
 Hardware stack levels used:    1
 Hardware stack levels required when called:    3
 This function calls:
		_DelayFor18TCY
 This function is called by:
		_init_XLCD
		_OpenXLCD
		_putrsXLCD
 This function uses a non-reentrant model


 *************** function _WriteCmdXLCD *****************
 Defined at:
		line 13 in file "C:\Program Files (x86)\Microchip\xc8\v1.41\sources\pic18\plib\XLCD\wcmdxlcd.c"
 Parameters:    Size  Location     Type
  cmd             1    wreg     unsigned char 
 Auto vars:     Size  Location     Type
  cmd             1   15[COMRAM] unsigned char 
 Return value:  Size  Location     Type
                  1    wreg      void 
 Registers used:
		wreg, status,2, status,0, cstack
 Tracked objects:
		On entry : 
		On exit  : 
		Unchanged: 
 Data sizes:     COMRAM   BANK0   BANK1   BANK2   BANK3   BANK4   BANK5   BANK6   BANK7
      Params:         0       0       0       0       0       0       0       0       0
      Locals:         1       0       0       0       0       0       0       0       0
      Temps:          0       0       0       0       0       0       0       0       0
      Totals:         1       0       0       0       0       0       0       0       0
Total ram usage:        1 bytes
 Hardware stack levels used:    1
 Hardware stack levels required when called:    3
 This function calls:
		_DelayFor18TCY
 This function is called by:
		_init_XLCD
		_gambiarra_pro_serial
		_main
		_OpenXLCD
 This function uses a non-reentrant model


 *************** function _SetDDRamAddr *****************
 Defined at:
		line 13 in file "C:\Program Files (x86)\Microchip\xc8\v1.41\sources\pic18\plib\XLCD\setddram.c"
 Parameters:    Size  Location     Type
  DDaddr          1    wreg     unsigned char 
 Auto vars:     Size  Location     Type
  DDaddr          1   18[COMRAM] unsigned char 
 Return value:  Size  Location     Type
                  1    wreg      void 
 Registers used:
		wreg, status,2, status,0, cstack
 Tracked objects:
		On entry : 
		On exit  : 
		Unchanged: 
 Data sizes:     COMRAM   BANK0   BANK1   BANK2   BANK3   BANK4   BANK5   BANK6   BANK7
      Params:         0       0       0       0       0       0       0       0       0
      Locals:         1       0       0       0       0       0       0       0       0
      Temps:          3       0       0       0       0       0       0       0       0
      Totals:         4       0       0       0       0       0       0       0       0
Total ram usage:        4 bytes
 Hardware stack levels used:    1
 Hardware stack levels required when called:    3
 This function calls:
		_DelayFor18TCY
 This function is called by:
		_exibir_lcd
		_pisca_cursor
		_gambiarra_pro_serial
		_OpenXLCD
 This function uses a non-reentrant model


 *************** function _DelayFor18TCY *****************
 Defined at:
		line 7 in file "display_LCD.c"
 Parameters:    Size  Location     Type
		None
 Auto vars:     Size  Location     Type
		None
 Return value:  Size  Location     Type
                  1    wreg      void 
 Registers used:
		wreg, cstack
 Tracked objects:
		On entry : 
		On exit  : 
		Unchanged: 
 Data sizes:     COMRAM   BANK0   BANK1   BANK2   BANK3   BANK4   BANK5   BANK6   BANK7
      Params:         0       0       0       0       0       0       0       0       0
      Locals:         0       0       0       0       0       0       0       0       0
      Temps:          0       0       0       0       0       0       0       0       0
      Totals:         0       0       0       0       0       0       0       0       0
Total ram usage:        0 bytes
 Hardware stack levels used:    1
 Hardware stack levels required when called:    2
 This function calls:
		_Delay10TCYx
 This function is called by:
		_BusyXLCD
		_SetDDRamAddr
		_WriteCmdXLCD
		_WriteDataXLCD
 This function uses a non-reentrant model


 *************** function _Delay10TCYx *****************
 Defined at:
		line 8 in file "C:\Program Files (x86)\Microchip\xc8\v1.41\sources\pic18\d10tcyx.c"
 Parameters:    Size  Location     Type
  unit            1    wreg     unsigned char 
 Auto vars:     Size  Location     Type
  unit            1   14[COMRAM] unsigned char 
 Return value:  Size  Location     Type
                  1    wreg      void 
 Registers used:
		wreg
 Tracked objects:
		On entry : 
		On exit  : 
		Unchanged: 
 Data sizes:     COMRAM   BANK0   BANK1   BANK2   BANK3   BANK4   BANK5   BANK6   BANK7
      Params:         0       0       0       0       0       0       0       0       0
      Locals:         1       0       0       0       0       0       0       0       0
      Temps:          0       0       0       0       0       0       0       0       0
      Totals:         1       0       0       0       0       0       0       0       0
Total ram usage:        1 bytes
 Hardware stack levels used:    1
 Hardware stack levels required when called:    1
 This function calls:
		Nothing
 This function is called by:
		_DelayFor18TCY
 This function uses a non-reentrant model


 *************** function ___awmod *****************
 Defined at:
		line 8 in file "C:\Program Files (x86)\Microchip\xc8\v1.41\sources\common\awmod.c"
 Parameters:    Size  Location     Type
  dividend        2   14[COMRAM] int 
  divisor         2   16[COMRAM] int 
 Auto vars:     Size  Location     Type
  sign            1   19[COMRAM] unsigned char 
  counter         1   18[COMRAM] unsigned char 
 Return value:  Size  Location     Type
                  2   14[COMRAM] int 
 Registers used:
		wreg, status,2, status,0
 Tracked objects:
		On entry : 
		On exit  : 
		Unchanged: 
 Data sizes:     COMRAM   BANK0   BANK1   BANK2   BANK3   BANK4   BANK5   BANK6   BANK7
      Params:         4       0       0       0       0       0       0       0       0
      Locals:         2       0       0       0       0       0       0       0       0
      Temps:          0       0       0       0       0       0       0       0       0
      Totals:         6       0       0       0       0       0       0       0       0
Total ram usage:        6 bytes
 Hardware stack levels used:    1
 Hardware stack levels required when called:    1
 This function calls:
		Nothing
 This function is called by:
		_exibir_lcd
 This function uses a non-reentrant model


 *************** function ___awdiv *****************
 Defined at:
		line 8 in file "C:\Program Files (x86)\Microchip\xc8\v1.41\sources\common\awdiv.c"
 Parameters:    Size  Location     Type
  dividend        2   20[COMRAM] int 
  divisor         2   22[COMRAM] int 
 Auto vars:     Size  Location     Type
  quotient        2   26[COMRAM] int 
  sign            1   25[COMRAM] unsigned char 
  counter         1   24[COMRAM] unsigned char 
 Return value:  Size  Location     Type
                  2   20[COMRAM] int 
 Registers used:
		wreg, status,2, status,0
 Tracked objects:
		On entry : 
		On exit  : 
		Unchanged: 
 Data sizes:     COMRAM   BANK0   BANK1   BANK2   BANK3   BANK4   BANK5   BANK6   BANK7
      Params:         4       0       0       0       0       0       0       0       0
      Locals:         4       0       0       0       0       0       0       0       0
      Temps:          0       0       0       0       0       0       0       0       0
      Totals:         8       0       0       0       0       0       0       0       0
Total ram usage:        8 bytes
 Hardware stack levels used:    1
 Hardware stack levels required when called:    1
 This function calls:
		Nothing
 This function is called by:
		_exibir_lcd
 This function uses a non-reentrant model


 *************** function _checa_botao *****************
 Defined at:
		line 144 in file "display_LCD.c"
 Parameters:    Size  Location     Type
  Relogio         2   28[COMRAM] PTR struct .
		 -> Relogio(6), 
  Despertador     2   30[COMRAM] PTR struct .
		 -> Despertador(6), 
  Calendario      2   32[COMRAM] PTR struct .
		 -> Calendario(6), 
 Auto vars:     Size  Location     Type
		None
 Return value:  Size  Location     Type
                  1    wreg      void 
 Registers used:
		wreg, fsr2l, fsr2h, status,2, status,0, cstack
 Tracked objects:
		On entry : 
		On exit  : 
		Unchanged: 
 Data sizes:     COMRAM   BANK0   BANK1   BANK2   BANK3   BANK4   BANK5   BANK6   BANK7
      Params:         6       0       0       0       0       0       0       0       0
      Locals:         0       0       0       0       0       0       0       0       0
      Temps:          2       0       0       0       0       0       0       0       0
      Totals:         8       0       0       0       0       0       0       0       0
Total ram usage:        8 bytes
 Hardware stack levels used:    1
 Hardware stack levels required when called:    3
 This function calls:
		_decrementa_variavel
		_incrementa_variavel
		_posiciona_cursor
		_trocar_tela
 This function is called by:
		_main
 This function uses a non-reentrant model


 *************** function _trocar_tela *****************
 Defined at:
		line 79 in file "display_LCD.c"
 Parameters:    Size  Location     Type
		None
 Auto vars:     Size  Location     Type
		None
 Return value:  Size  Location     Type
                  1    wreg      void 
 Registers used:
		wreg, status,2, status,0
 Tracked objects:
		On entry : 
		On exit  : 
		Unchanged: 
 Data sizes:     COMRAM   BANK0   BANK1   BANK2   BANK3   BANK4   BANK5   BANK6   BANK7
      Params:         0       0       0       0       0       0       0       0       0
      Locals:         0       0       0       0       0       0       0       0       0
      Temps:          0       0       0       0       0       0       0       0       0
      Totals:         0       0       0       0       0       0       0       0       0
Total ram usage:        0 bytes
 Hardware stack levels used:    1
 Hardware stack levels required when called:    1
 This function calls:
		Nothing
 This function is called by:
		_checa_botao
 This function uses a non-reentrant model


 *************** function _posiciona_cursor *****************
 Defined at:
		line 138 in file "display_LCD.c"
 Parameters:    Size  Location     Type
		None
 Auto vars:     Size  Location     Type
		None
 Return value:  Size  Location     Type
                  1    wreg      void 
 Registers used:
		wreg, status,2, status,0
 Tracked objects:
		On entry : 
		On exit  : 
		Unchanged: 
 Data sizes:     COMRAM   BANK0   BANK1   BANK2   BANK3   BANK4   BANK5   BANK6   BANK7
      Params:         0       0       0       0       0       0       0       0       0
      Locals:         0       0       0       0       0       0       0       0       0
      Temps:          0       0       0       0       0       0       0       0       0
      Totals:         0       0       0       0       0       0       0       0       0
Total ram usage:        0 bytes
 Hardware stack levels used:    1
 Hardware stack levels required when called:    1
 This function calls:
		Nothing
 This function is called by:
		_checa_botao
 This function uses a non-reentrant model


 *************** function _incrementa_variavel *****************
 Defined at:
		line 84 in file "display_LCD.c"
 Parameters:    Size  Location     Type
  Relogio         2   18[COMRAM] PTR struct .
		 -> checa_botao@Relogio(2), 
  Despertador     2   20[COMRAM] PTR struct .
		 -> checa_botao@Despertador(2), 
  Calendario      2   22[COMRAM] PTR struct .
		 -> checa_botao@Calendario(2), 
 Auto vars:     Size  Location     Type
		None
 Return value:  Size  Location     Type
                  1    wreg      void 
 Registers used:
		wreg, fsr2l, fsr2h, status,2, status,0, cstack
 Tracked objects:
		On entry : 
		On exit  : 
		Unchanged: 
 Data sizes:     COMRAM   BANK0   BANK1   BANK2   BANK3   BANK4   BANK5   BANK6   BANK7
      Params:         6       0       0       0       0       0       0       0       0
      Locals:         0       0       0       0       0       0       0       0       0
      Temps:          2       0       0       0       0       0       0       0       0
      Totals:         8       0       0       0       0       0       0       0       0
Total ram usage:        8 bytes
 Hardware stack levels used:    1
 Hardware stack levels required when called:    2
 This function calls:
		_controla_despertador
 This function is called by:
		_checa_botao
 This function uses a non-reentrant model


 *************** function _decrementa_variavel *****************
 Defined at:
		line 111 in file "display_LCD.c"
 Parameters:    Size  Location     Type
  Relogio         2   18[COMRAM] PTR struct .
		 -> checa_botao@Relogio(2), 
  Despertador     2   20[COMRAM] PTR struct .
		 -> checa_botao@Despertador(2), 
  Calendario      2   22[COMRAM] PTR struct .
		 -> checa_botao@Calendario(2), 
 Auto vars:     Size  Location     Type
		None
 Return value:  Size  Location     Type
                  1    wreg      void 
 Registers used:
		wreg, fsr2l, fsr2h, status,2, status,0, cstack
 Tracked objects:
		On entry : 
		On exit  : 
		Unchanged: 
 Data sizes:     COMRAM   BANK0   BANK1   BANK2   BANK3   BANK4   BANK5   BANK6   BANK7
      Params:         6       0       0       0       0       0       0       0       0
      Locals:         0       0       0       0       0       0       0       0       0
      Temps:          4       0       0       0       0       0       0       0       0
      Totals:        10       0       0       0       0       0       0       0       0
Total ram usage:       10 bytes
 Hardware stack levels used:    1
 Hardware stack levels required when called:    2
 This function calls:
		_controla_despertador
 This function is called by:
		_checa_botao
 This function uses a non-reentrant model


 *************** function _controla_despertador *****************
 Defined at:
		line 61 in file "relogio.c"
 Parameters:    Size  Location     Type
  Despertador     2   14[COMRAM] PTR struct .
		 -> checa_botao@Despertador(2), 
 Auto vars:     Size  Location     Type
		None
 Return value:  Size  Location     Type
                  1    wreg      void 
 Registers used:
		wreg, fsr2l, fsr2h, status,2, status,0
 Tracked objects:
		On entry : 
		On exit  : 
		Unchanged: 
 Data sizes:     COMRAM   BANK0   BANK1   BANK2   BANK3   BANK4   BANK5   BANK6   BANK7
      Params:         2       0       0       0       0       0       0       0       0
      Locals:         0       0       0       0       0       0       0       0       0
      Temps:          2       0       0       0       0       0       0       0       0
      Totals:         4       0       0       0       0       0       0       0       0
Total ram usage:        4 bytes
 Hardware stack levels used:    1
 Hardware stack levels required when called:    1
 This function calls:
		Nothing
 This function is called by:
		_incrementa_variavel
		_decrementa_variavel
 This function uses a non-reentrant model


 *************** function _SerialRxPinInterrupt *****************
 Defined at:
		line 146 in file "exercicio_PIC_LCD_Serial.c"
 Parameters:    Size  Location     Type
		None
 Auto vars:     Size  Location     Type
		None
 Return value:  Size  Location     Type
                  1    wreg      void 
 Registers used:
		wreg, fsr2l, fsr2h, status,2, status,0
 Tracked objects:
		On entry : 
		On exit  : 
		Unchanged: 
 Data sizes:     COMRAM   BANK0   BANK1   BANK2   BANK3   BANK4   BANK5   BANK6   BANK7
      Params:         0       0       0       0       0       0       0       0       0
      Locals:         0       0       0       0       0       0       0       0       0
      Temps:         14       0       0       0       0       0       0       0       0
      Totals:        14       0       0       0       0       0       0       0       0
Total ram usage:       14 bytes
 Hardware stack levels used:    1
 This function calls:
		Nothing
 This function is called by:
		Interrupt level 2
 This function uses a non-reentrant model



MODULE INFORMATION

Module		Function		Class		Link	Load	Size
C:\Program Files (x86)\Microchip\xc8\v1.41\sources\common\lwdiv.c
		___lwdiv       		CODE           	22BA	0000	83

C:\Program Files (x86)\Microchip\xc8\v1.41\sources\common\lwdiv.c estimated size: 83

C:\Program Files (x86)\Microchip\xc8\v1.41\sources\common\awdiv.c
		___awdiv       		CODE           	208E	0000	133

C:\Program Files (x86)\Microchip\xc8\v1.41\sources\common\awdiv.c estimated size: 133

C:\Program Files (x86)\Microchip\xc8\v1.41\sources\pic18\d10tcyx.c
		_Delay10TCYx   		CODE           	259E	0000	17

C:\Program Files (x86)\Microchip\xc8\v1.41\sources\pic18\d10tcyx.c estimated size: 17

serial.h
		_maquina_estado		CODE           	2462	0000	61
		_gambiarra_pro_serial		CODE           	2112	0000	127
		_trata_comando 		CODE           	2510	0000	49
		_tx_data       		CODE           	24D8	0000	57

serial.h estimated size: 294

C:\Program Files (x86)\Microchip\xc8\v1.41\sources\common\doprnt.c
		_sprintf       		CODE           	1A5C	0000	369

C:\Program Files (x86)\Microchip\xc8\v1.41\sources\common\doprnt.c estimated size: 369

C:\Program Files (x86)\Microchip\xc8\v1.41\sources\pic18\plib\XLCD\openxlcd.c
		_OpenXLCD      		CODE           	1FEA	0000	165

C:\Program Files (x86)\Microchip\xc8\v1.41\sources\pic18\plib\XLCD\openxlcd.c estimated size: 165

C:\Program Files (x86)\Microchip\xc8\v1.41\sources\pic18\plib\XLCD\wcmdxlcd.c
		_WriteCmdXLCD  		CODE           	2424	0000	63

C:\Program Files (x86)\Microchip\xc8\v1.41\sources\pic18\plib\XLCD\wcmdxlcd.c estimated size: 63

C:\Program Files (x86)\Microchip\xc8\v1.41\sources\pic18\plib\XLCD\busyxlcd.c
		_BusyXLCD      		CODE           	249E	0000	59

C:\Program Files (x86)\Microchip\xc8\v1.41\sources\pic18\plib\XLCD\busyxlcd.c estimated size: 59

C:\Program Files (x86)\Microchip\xc8\v1.41\sources\pic18\d1ktcyx.c
		_Delay1KTCYx   		CODE           	258E	0000	17

C:\Program Files (x86)\Microchip\xc8\v1.41\sources\pic18\d1ktcyx.c estimated size: 17

shared
		_dpowers       		SMALLCONST     	0801	0000	11
		__initialization		CODE           	2200	0000	81

shared estimated size: 92

C:\Program Files (x86)\Microchip\xc8\v1.41\sources\common\lwmod.c
		___lwmod       		CODE           	23A4	0000	67

C:\Program Files (x86)\Microchip\xc8\v1.41\sources\common\lwmod.c estimated size: 67

C:\Program Files (x86)\Microchip\xc8\v1.41\sources\common\awmod.c
		___awmod       		CODE           	2190	0000	113

C:\Program Files (x86)\Microchip\xc8\v1.41\sources\common\awmod.c estimated size: 113

C:\Program Files (x86)\Microchip\xc8\v1.41\sources\pic18\plib\XLCD\writdata.c
		_WriteDataXLCD 		CODE           	23E6	0000	63

C:\Program Files (x86)\Microchip\xc8\v1.41\sources\pic18\plib\XLCD\writdata.c estimated size: 63

C:\Program Files (x86)\Microchip\xc8\v1.41\sources\pic18\plib\XLCD\setddram.c
		_SetDDRamAddr  		CODE           	230C	0000	83

C:\Program Files (x86)\Microchip\xc8\v1.41\sources\pic18\plib\XLCD\setddram.c estimated size: 83

C:\Program Files (x86)\Microchip\xc8\v1.41\sources\pic18\d10ktcyx.c
		_Delay10KTCYx  		CODE           	2578	0000	23

C:\Program Files (x86)\Microchip\xc8\v1.41\sources\pic18\d10ktcyx.c estimated size: 23

relogio.c
		_controla_despertador		CODE           	1BCC	0000	321
		_tratar_relogio		CODE           	0F32	0000	847

relogio.c estimated size: 1168

display_LCD.c
		_checa_botao   		CODE           	1F18	0000	211
		_incrementa_variavel		CODE           	15C0	0000	761
		_DelayFor18TCY 		CODE           	25C4	0000	9
		_exibir_lcd    		CODE           	0882	0000	1713
		_trocar_tela   		CODE           	25AE	0000	15
		_posiciona_cursor		CODE           	235E	0000	71
		_pisca_cursor  		CODE           	1D0C	0000	299
		_DelayPORXLCD  		CODE           	25BC	0000	9
		_decrementa_variavel		CODE           	1280	0000	833
		_init_XLCD     		CODE           	2540	0000	31

display_LCD.c estimated size: 3952

C:\Program Files (x86)\Microchip\xc8\v1.41\sources\pic18\plib\XLCD\putrxlcd.c
		_putrsXLCD     		CODE           	225E	0000	93

C:\Program Files (x86)\Microchip\xc8\v1.41\sources\pic18\plib\XLCD\putrxlcd.c estimated size: 93

exercicio_PIC_LCD_Serial.c
		_SerialRxPinInterrupt		CODE           	0008	0000	233
		_gambiarra     		CODE           	25CC	0000	7
		_main          		CODE           	18B8	0000	421

exercicio_PIC_LCD_Serial.c estimated size: 661

